10-31 09:11:52.584  1777  1777 W PackageManager: Not granting permission android.permission.BIND_WALLPAPER to package com.android.camera2 (protectionLevel=18 flags=0x3058bc45)
10-31 09:11:52.585  1777  1777 W PackageManager: Not granting permission com.google.android.googleapps.permission.GOOGLE_AUTH.mail to package com.android.calendar (protectionLevel=2 flags=0x3009be45)
10-31 09:11:52.585  1777  1777 W PackageManager: Not granting permission android.permission.CAMERA to package jp.co.sony.minchalle because it was previously installed without
10-31 09:11:52.585  1777  1777 W PackageManager: Not granting permission android.permission.READ_EXTERNAL_STORAGE to package jp.co.sony.minchalle because it was previously installed without
10-31 09:11:52.585  1777  1777 W PackageManager: Not granting permission android.permission.WRITE_EXTERNAL_STORAGE to package jp.co.sony.minchalle because it was previously installed without
10-31 09:11:52.585  1777  1777 W PackageManager: Unknown permission .permission.C2D_MESSAGE in package jp.co.sony.minchalle
10-31 09:11:52.585  1777  1777 W PackageManager: Unknown permission .c2dm.permission.RECEIVE in package jp.co.sony.minchalle
10-31 09:11:52.585  1777  1777 W PackageManager: Not granting permission android.permission.INTERACT_ACROSS_USERS to package com.google.android.syncadapters.contacts (protectionLevel=50 flags=0x38083e45)
10-31 09:11:52.585  1777  1777 W PackageManager: Unknown permission com.google.android.syncadapters.contacts.permission.GAL_SEARCH in package com.google.android.syncadapters.contacts
10-31 09:11:52.585  1777  1777 W PackageManager: Unknown permission android.permission.FOREGROUND_SERVICE in package com.android.chrome
10-31 09:11:52.585  1777  1777 W PackageManager: Unknown permission com.chrome.permission.DEVICE_EXTRAS in package com.android.chrome
10-31 09:11:52.585  1777  1777 W PackageManager: Unknown permission com.google.android.apps.now.CURRENT_ACCOUNT_ACCESS in package com.android.chrome
10-31 09:11:52.585  1777  1777 W PackageManager: Unknown permission com.sec.enterprise.knox.MDM_CONTENT_PROVIDER in package com.android.chrome
10-31 09:11:52.585  1777  1777 W PackageManager: Unknown permission android.permission.FOREGROUND_SERVICE in package com.google.android.gms
10-31 09:11:52.585  1777  1777 W PackageManager: Unknown permission android.permission.START_ACTIVITIES_FROM_BACKGROUND in package com.google.android.gms
10-31 09:11:52.585  1777  1777 W PackageManager: Unknown permission android.permission.QUERY_ALL_PACKAGES in package com.google.android.gms
10-31 09:11:52.585  1777  1777 W PackageManager: Unknown permission android.permission.RENOUNCE_PERMISSIONS in package com.google.android.gms
10-31 09:11:52.585  1777  1777 W PackageManager: Unknown permission android.permission.SCHEDULE_PRIORITIZED_ALARM in package com.google.android.gms
10-31 09:11:52.585  1777  1777 W PackageManager: Unknown permission android.permission.REMOTE_DISPLAY_PROVIDER in package com.google.android.gms
10-31 09:11:52.585  1777  1777 W PackageManager: Unknown permission android.permission.RECOVER_KEYSTORE in package com.google.android.gms
10-31 09:11:52.585  1777  1777 W PackageManager: Unknown permission android.permission.PRE_FACTORY_RESET in package com.google.android.gms
10-31 09:11:52.585  1777  1777 W PackageManager: Unknown permission android.permission.MANAGE_FACTORY_RESET_PROTECTION in package com.google.android.gms
10-31 09:11:52.585  1777  1777 W PackageManager: Unknown permission com.google.android.apps.enterprise.dmagent.permission.AutoSyncPermission in package com.google.android.gms
10-31 09:11:52.585  1777  1777 W PackageManager: Unknown permission android.permission.ALLOCATE_AGGRESSIVE in package com.google.android.gms
10-31 09:11:52.585  1777  1777 W PackageManager: Unknown permission android.car.permission.CAR_POWER in package com.google.android.gms
10-31 09:11:52.585  1777  1777 W PackageManager: Unknown permission android.permission.USE_BIOMETRIC in package com.google.android.gms
10-31 09:11:52.585  1777  1777 W PackageManager: Unknown permission com.google.android.wearable.WRITE_SETTINGS in package com.google.android.gms
10-31 09:11:52.585  1777  1777 W PackageManager: Unknown permission com.felicanetworks.mfc.permission.MFC_ACCESS in package com.google.android.gms
10-31 09:11:52.585  1777  1777 W PackageManager: Unknown permission com.felicanetworks.mfc.mfi.permission.MFI_ACCESS in package com.google.android.gms
10-31 09:11:52.585  1777  1777 W PackageManager: Unknown permission android.permission.ACCESS_BACKGROUND_LOCATION in package com.google.android.gms
10-31 09:11:52.585  1777  1777 W PackageManager: Unknown permission android.permission.ACCESS_CONTEXT_HUB in package com.google.android.gms
10-31 09:11:52.585  1777  1777 W PackageManager: Unknown permission android.permission.BROADCAST_CLOSE_SYSTEM_DIALOGS in package com.google.android.gms
10-31 09:11:52.585  1777  1777 W PackageManager: Unknown permission android.permission.INSTALL_LOCATION_TIME_ZONE_PROVIDER_SERVICE in package com.google.android.gms
10-31 09:11:52.585  1777  1777 W PackageManager: Unknown permission android.permission.BLUETOOTH_CONNECT in package com.google.android.gms
10-31 09:11:52.585  1777  1777 W PackageManager: Unknown permission android.permission.BLUETOOTH_SCAN in package com.google.android.gms
10-31 09:11:52.585  1777  1777 W PackageManager: Unknown permission android.permission.BLUETOOTH_ADVERTISE in package com.google.android.gms
10-31 09:11:52.585  1777  1777 W PackageManager: Unknown permission android.permission.SUBSTITUTE_SHARE_TARGET_APP_NAME_AND_ICON in package com.google.android.gms
10-31 09:11:52.585  1777  1777 W PackageManager: Unknown permission com.google.android.googlequicksearchbox.permission.PAUSE_HOTWORD in package com.google.android.gms
10-31 09:11:52.585  1777  1777 W PackageManager: Unknown permission android.permission.COMPANION_APPROVE_WIFI_CONNECTIONS in package com.google.android.gms
10-31 09:11:52.585  1777  1777 W PackageManager: Unknown permission android.permission.UWB in package com.google.android.gms
10-31 09:11:52.585  1777  1777 W PackageManager: Unknown permission android.permission.USE_FULL_SCREEN_INTENT in package com.google.android.gms
10-31 09:11:52.585  1777  1777 W PackageManager: Unknown permission com.sec.android.app.myfiles.permission.READ in package com.google.android.gms
10-31 09:11:52.585  1777  1777 W PackageManager: Unknown permission com.sec.android.app.myfiles.permission.WRITE in package com.google.android.gms
10-31 09:11:52.585  1777  1777 W PackageManager: Unknown permission com.sec.android.gallery3d.provider2.READ in package com.google.android.gms
10-31 09:11:52.585  1777  1777 W PackageManager: Unknown permission com.sec.android.gallery3d.provider2.WRITE in package com.google.android.gms
10-31 09:11:52.585  1777  1777 W PackageManager: Unknown permission android.permission.UWB_PRIVILEGED in package com.google.android.gms
10-31 09:11:52.585  1777  1777 W PackageManager: Unknown permission android.permission.UWB_RANGING in package com.google.android.gms
10-31 09:11:52.585  1777  1777 W PackageManager: Unknown permission com.google.pixel.exo.BIND_TO_BOOTSTRAPPING in package com.google.android.gms
10-31 09:11:52.585  1777  1777 W PackageManager: Unknown permission android.permission.CONTROL_DISPLAY_SATURATION in package com.google.android.gms
10-31 09:11:52.585  1777  1777 W PackageManager: Unknown permission com.google.android.hangouts.START_HANGOUT in package com.google.android.gms
10-31 09:11:52.585  1777  1777 W PackageManager: Unknown permission com.google.android.setupwizard.SETUP_PROGRESS_SERVICE in package com.google.android.gms
10-31 09:11:52.585  1777  1777 W PackageManager: Unknown permission android.car.permission.CAR_POWERTRAIN in package com.google.android.gms
10-31 09:11:52.585  1777  1777 W PackageManager: Unknown permission android.car.permission.CAR_ENERGY in package com.google.android.gms
10-31 09:11:52.585  1777  1777 W PackageManager: Unknown permission android.car.permission.CAR_ENERGY_PORTS in package com.google.android.gms
10-31 09:11:52.585  1777  1777 W PackageManager: Unknown permission android.car.permission.CAR_EXTERIOR_LIGHTS in package com.google.android.gms
10-31 09:11:52.585  1777  1777 W PackageManager: Unknown permission android.car.permission.CAR_INFO in package com.google.android.gms
10-31 09:11:52.585  1777  1777 W PackageManager: Unknown permission android.car.permission.CAR_MILEAGE in package com.google.android.gms
10-31 09:11:52.585  1777  1777 W PackageManager: Unknown permission android.car.permission.CAR_TIRES in package com.google.android.gms
10-31 09:11:52.585  1777  1777 W PackageManager: Unknown permission android.car.permission.CONTROL_CAR_CLIMATE in package com.google.android.gms
10-31 09:11:52.585  1777  1777 W PackageManager: Unknown permission android.car.permission.CONTROL_CAR_DOORS in package com.google.android.gms
10-31 09:11:52.585  1777  1777 W PackageManager: Unknown permission android.car.permission.CONTROL_CAR_EXTERIOR_LIGHTS in package com.google.android.gms
10-31 09:11:52.585  1777  1777 W PackageManager: Unknown permission android.car.permission.CONTROL_CAR_MIRRORS in package com.google.android.gms
10-31 09:11:52.585  1777  1777 W PackageManager: Unknown permission android.car.permission.CONTROL_CAR_SEATS in package com.google.android.gms
10-31 09:11:52.585  1777  1777 W PackageManager: Unknown permission android.car.permission.CONTROL_CAR_WINDOWS in package com.google.android.gms
10-31 09:11:52.585  1777  1777 W PackageManager: Unknown permission android.car.permission.READ_CAR_DISPLAY_UNITS in package com.google.android.gms
10-31 09:11:52.585  1777  1777 W PackageManager: Unknown permission com.google.android.permission.ACCESSIBILITY_SCAN_SERVICE in package com.google.android.gms
10-31 09:11:52.585  1777  1777 W PackageManager: Unknown permission android.permission.ACTIVITY_EMBEDDING in package com.google.android.gms
10-31 09:11:52.585  1777  1777 W PackageManager: Unknown permission android.permission.PROVIDE_RESOLVER_RANKER_SERVICE in package com.google.android.gms
10-31 09:11:52.585  1777  1777 W PackageManager: Unknown permission com.google.android.clockwork.settings.SHOW_FACTORY_RESET_CONFIRMATION in package com.google.android.gms
10-31 09:11:52.585  1777  1777 W PackageManager: Unknown permission com.google.android.wearable.READ_SETTINGS in package com.google.android.gms
10-31 09:11:52.585  1777  1777 W PackageManager: Unknown permission com.google.android.wearable.permission.URI_REDIRECT_TO_REMOTE in package com.google.android.gms
10-31 09:11:52.585  1777  1777 W PackageManager: Unknown permission android.permission.READ_MEDIA_AUDIO in package com.google.android.gms
10-31 09:11:52.585  1777  1777 W PackageManager: Unknown permission android.permission.READ_MEDIA_IMAGES in package com.google.android.gms
10-31 09:11:52.586  1777  1777 W PackageManager: Unknown permission android.permission.READ_MEDIA_VIDEO in package com.google.android.gms
10-31 09:11:52.586  1777  1777 W PackageManager: Unknown permission android.permission.ACCESS_MEDIA_LOCATION in package com.google.android.gms
10-31 09:11:52.586  1777  1777 W PackageManager: Unknown permission android.permission.DOMAIN_VERIFICATION_AGENT in package com.google.android.gms
10-31 09:11:52.586  1777  1777 W PackageManager: Unknown permission android.permission.ACTIVITY_RECOGNITION in package com.google.android.gms
10-31 09:11:52.586  1777  1777 W PackageManager: Unknown permission android.permission.MANAGE_SUBSCRIPTION_PLANS in package com.google.android.gms
10-31 09:11:52.586  1777  1777 W PackageManager: Unknown permission android.permission.READ_DEVICE_CONFIG in package com.google.android.gms
10-31 09:11:52.586  1777  1777 W PackageManager: Unknown permission android.permission.WRITE_DEVICE_CONFIG in package com.google.android.gms
10-31 09:11:52.586  1777  1777 W PackageManager: Unknown permission com.google.android.apps.now.OPT_IN_WIZARD in package com.google.android.gms
10-31 09:11:52.586  1777  1777 W PackageManager: Unknown permission com.google.android.setupwizard.SETUP_COMPAT_SERVICE in package com.google.android.gms
10-31 09:11:52.586  1777  1777 W PackageManager: Unknown permission android.permission.MANAGE_TIME_AND_ZONE_DETECTION in package com.google.android.gms
10-31 09:11:52.586  1777  1777 W PackageManager: Unknown permission android.permission.MANAGE_ROLLBACKS in package com.google.android.gms
10-31 09:11:52.586  1777  1777 W PackageManager: Unknown permission android.permission.REQUEST_DELETE_PACKAGES in package com.google.android.gms
10-31 09:11:52.586  1777  1777 W PackageManager: Unknown permission android.permission.UPDATE_FONTS in package com.google.android.gms
10-31 09:11:52.586  1777  1777 W PackageManager: Unknown permission com.google.android.launcher.permission.RECEIVE_LAUNCH_BROADCASTS in package com.google.android.gms
10-31 09:11:52.586  1777  1777 W PackageManager: Unknown permission android.permission.HIGH_SAMPLING_RATE_SENSORS in package com.google.android.gms
10-31 09:11:52.586  1777  1777 W PackageManager: Unknown permission android.permission.RESET_PASSWORD in package com.google.android.gms
10-31 09:11:52.586  1777  1777 W PackageManager: Unknown permission android.permission.LOCK_DEVICE in package com.google.android.gms
10-31 09:11:52.586  1777  1777 W PackageManager: Unknown permission android.permission.CONTROL_KEYGUARD_SECURE_NOTIFICATIONS in package com.google.android.gms
10-31 09:11:52.586  1777  1777 W PackageManager: Not granting permission android.permission.HIDE_NON_SYSTEM_OVERLAY_WINDOWS to package com.google.android.gms (protectionLevel=258 flags=0xb8483ec5)
10-31 09:11:52.586  1777  1777 W PackageManager: Unknown permission com.android.launcher.permission.PRELOAD_WORKSPACE in package com.google.android.partnersetup
10-31 09:11:52.586  1777  1777 W PackageManager: Unknown permission com.google.android.permission.INSTALL_WEARABLE_PACKAGES in package com.android.packageinstaller
10-31 09:11:52.586  1777  1777 W PackageManager: Not granting permission android.permission.DELETE_PACKAGES to package com.svox.pico (protectionLevel=18 flags=0x3808be45)
10-31 09:11:52.586  1777  1777 W PackageManager: Not granting permission android.permission.CONTROL_KEYGUARD to package com.google.android.gsf.login (protectionLevel=2 flags=0x3048be45)
10-31 09:11:52.586  1777  1777 W PackageManager: Unknown permission com.android.vending.billing.IBillingAccountService.BIND2 in package com.google.android.gsf.login
10-31 09:11:52.586  1777  1777 W PackageManager: Unknown permission com.android.launcher.permission.READ_SETTINGS in package com.android.settings
10-31 09:11:52.586  1777  1777 W PackageManager: Unknown permission com.android.launcher.permission.WRITE_SETTINGS in package com.android.settings
10-31 09:11:52.586  1777  1777 W PackageManager: Not granting permission android.permission.READ_PHONE_STATE to package jp.sally_inc.uzu because it was previously installed without
10-31 09:11:52.586  1777  1777 W PackageManager: Not granting permission android.permission.RECORD_AUDIO to package jp.sally_inc.uzu because it was previously installed without
10-31 09:11:52.586  1777  1777 W PackageManager: Not granting permission android.permission.CAMERA to package jp.sally_inc.uzu because it was previously installed without
10-31 09:11:52.586  1777  1777 W PackageManager: Unknown permission android.permission.FOREGROUND_SERVICE in package jp.sally_inc.uzu
10-31 09:11:52.586  1777  1777 W PackageManager: Not granting permission android.permission.READ_EXTERNAL_STORAGE to package jp.sally_inc.uzu because it was previously installed without
10-31 09:11:52.586  1777  1777 W PackageManager: Not granting permission android.permission.READ_PRIVILEGED_PHONE_STATE to package jp.sally_inc.uzu (protectionLevel=18 flags=0x2818be44)
10-31 09:11:52.586  1777  1777 W PackageManager: Unknown permission com.android.smspush.WAPPUSH_MANAGER_BIND in package com.android.phone
10-31 09:11:52.586  1777  1777 W PackageManager: Unknown permission android.permission.REQUEST_DELETE_PACKAGES in package com.google.android.play.games
10-31 09:11:52.586  1777  1777 W PackageManager: Unknown permission android.permission.PROCESS_PHONE_ACCOUNT_REGISTRATION in package com.android.providers.contacts
10-31 09:11:52.586  1777  1777 V PackageManager: reconcileAppsData for null u0 0x3
10-31 09:11:52.588  1522  1522 I SELinux : SELinux: Loaded file_contexts contexts from /file_contexts.bin.
10-31 09:11:52.634  1522  1522 W cutils  : Expected path /data/data/com.google.android.gms with mode 700 but found 711
10-31 09:11:52.634  1522  1522 W cutils  : Expected path /data/user_de/0/com.google.android.gms with mode 700 but found 711
10-31 09:11:52.635  1522  1522 W cutils  : Expected path /data/data/com.google.android.gms with mode 700 but found 711
10-31 09:11:52.635  1522  1522 W cutils  : Expected path /data/user_de/0/com.google.android.gms with mode 700 but found 711
10-31 09:11:52.669  1777  1777 V PackageManager: reconcileAppsData finished 79 packages
10-31 09:11:52.678  1777  1777 D PackageManager: Ephemeral resolver NOT found; no matching intent filters
10-31 09:11:52.679  1777  1777 I PackageManager: Ephemeral deactivated; missing resolver and installer
10-31 09:11:52.681  1519  1519 I ServiceManager: Waiting for service media.camera.proxy...
10-31 09:11:52.693  1777  1777 I SystemServer: StartOtaDexOptService
10-31 09:11:52.698  1777  1777 I SystemServer: StartUserManagerService
10-31 09:11:52.699  1777  1777 I SystemServiceManager: Starting com.android.server.pm.UserManagerService$LifeCycle
10-31 09:11:52.705  1492  1492 I lowmemorykiller: ActivityManager connected
10-31 09:11:52.705  1777  1777 I SystemServiceManager: Starting com.android.server.BatteryService
10-31 09:11:52.705  1777  1836 I chatty  : uid=1000 system_server expire 10 lines
10-31 09:11:52.709  1777  1820 I chatty  : uid=1000(system) batterystats-sy expire 3 lines
10-31 09:11:52.710  1777  1777 I SystemServiceManager: Starting com.android.server.usage.UsageStatsService
10-31 09:11:52.712  1777  1837 I chatty  : uid=1000(system) StartSensorThre expire 1 line
10-31 09:11:52.714  1777  1839 I chatty  : uid=1000(system) SensorService expire 1 line
10-31 09:11:52.714  1777  1838 I chatty  : uid=1000(system) SensorEventAckR expire 1 line
10-31 09:11:52.714  1777  1820 E BatteryStatsService: no controller energy info supplied
10-31 09:11:52.714  1777  1820 E KernelCpuSpeedReader: Failed to read cpu-freq: /sys/devices/system/cpu/cpu0/cpufreq/stats/time_in_state (No such file or directory)
10-31 09:11:52.716  1777  1820 I BatteryStatsImpl: Resetting battery stats: level=100 status=4 dischargeLevel=100 lowAmount=0 highAmount=0
10-31 09:11:52.718  1777  1820 E KernelCpuSpeedReader: Failed to read cpu-freq: /sys/devices/system/cpu/cpu0/cpufreq/stats/time_in_state (No such file or directory)
10-31 09:11:52.719  1777  1817 E KernelCpuSpeedReader: Failed to read cpu-freq: /sys/devices/system/cpu/cpu0/cpufreq/stats/time_in_state (No such file or directory)
10-31 09:11:52.722  1777  1777 I SystemServiceManager: Starting com.android.server.webkit.WebViewUpdateService
10-31 09:11:52.724  1777  1777 I SystemServer: Reading configuration...
10-31 09:11:52.724  1777  1777 I SystemServer: StartSchedulingPolicyService
10-31 09:11:52.724  1777  1777 I SystemServiceManager: Starting com.android.server.telecom.TelecomLoaderService
10-31 09:11:52.724  1777  1777 I SystemServer: StartTelephonyRegistry
10-31 09:11:52.725  1777  1777 I SystemServer: StartEntropyMixer
10-31 09:11:52.725  1777  1777 I EntropyMixer: Writing entropy...
10-31 09:11:52.727  1777  1777 I SystemServer: Camera Service
10-31 09:11:52.727  1777  1777 I SystemServiceManager: Starting com.android.server.camera.CameraService
10-31 09:11:52.728  1777  1777 I SystemServer: StartAccountManagerService
10-31 09:11:52.728  1777  1777 I SystemServiceManager: Starting com.android.server.accounts.AccountManagerService$Lifecycle
10-31 09:11:52.736  1777  1777 I SystemServer: StartContentService
10-31 09:11:52.737  1777  1777 I SystemServiceManager: Starting com.android.server.content.ContentService$Lifecycle
10-31 09:11:52.737  1777  1777 I SystemServer: InstallSystemProviders
10-31 09:11:52.746  1777  1777 D SettingsProvider: savedAndroidId = f0490023ed015b36, newAndroidId = f0490023ed015b36
10-31 09:11:52.747  1777  1777 I SystemServer: StartVibratorService
10-31 09:11:52.749  1777  1777 I SystemServer: StartConsumerIrService
10-31 09:11:52.749  1777  1777 I SystemServer: StartAlarmManagerService
10-31 09:11:52.749  1777  1777 I SystemServiceManager: Starting com.android.server.AlarmManagerService
10-31 09:11:52.750  1777  1777 I SystemServer: InitWatchdog
10-31 09:11:52.751  1777  1777 I SystemServer: StartInputManagerService
10-31 09:11:52.751  1777  1777 I InputManager: Initializing input manager, mUseDevInputEventForAudioJack=true
10-31 09:11:52.752  1777  1777 I SystemServer: StartWindowManagerService
10-31 09:11:52.756  1777  1824 I WindowManager: No existing display settings /data/system/display_settings.xml; starting empty
10-31 09:11:52.759  1777  1824 D WindowManager: sendOrientationToHostAsync: calling BstHostCallManagerService onOrientationChange method, orientation: 0
10-31 09:11:52.759  1777  1824 D WindowManager: sendOrientationToHostAsync: BstHostCallManagerService onOrientationChange method returned: 0
10-31 09:11:52.759  1777  1833 I chatty  : uid=1000 system_server expire 2 lines
10-31 09:11:52.763  1777  1777 I SystemServer: StartVrManagerService
10-31 09:11:52.763  1777  1777 I SystemServiceManager: Starting com.android.server.vr.VrManagerService
10-31 09:11:52.765  1777  1777 I InputManager: Starting input manager
10-31 09:11:52.766  1777  1844 I chatty  : uid=1000(system) InputReader expire 27 lines
10-31 09:11:52.767  1777  1777 I SystemServiceManager: Starting com.android.server.BluetoothService
10-31 09:11:52.768  1777  1777 D BluetoothManagerService: Stored Bluetooth name: SCG02_jp_kdi
10-31 09:11:52.768  1777  1777 D BluetoothManagerService: Stored Bluetoothaddress: 31:71:76:57:89:33
10-31 09:11:52.768  1777  1777 D BluetoothManagerService: Loading stored name and address
10-31 09:11:52.768  1777  1777 D BluetoothManagerService: Stored bluetooth Name=SCG02_jp_kdi,Address=31:71:76:57:89:33
10-31 09:11:52.768  1777  1777 D BluetoothManagerService: Bluetooth persisted state: 0
10-31 09:11:52.769  1777  1777 I SystemServer: ConnectivityMetricsLoggerService
10-31 09:11:52.769  1777  1777 I SystemServiceManager: Starting com.android.server.connectivity.MetricsLoggerService
10-31 09:11:52.769  1777  1777 I SystemServer: IpConnectivityMetrics
10-31 09:11:52.769  1777  1777 I SystemServiceManager: Starting com.android.server.connectivity.IpConnectivityMetrics
10-31 09:11:52.770  1777  1777 I SystemServer: PinnerService
10-31 09:11:52.770  1777  1777 I SystemServiceManager: Starting com.android.server.PinnerService
10-31 09:11:52.770  1777  1777 I SystemServiceManager: Starting com.android.server.InputMethodManagerService$Lifecycle
10-31 09:11:52.781  1777  1777 I SystemServer: StartAccessibilityManagerService
10-31 09:11:52.782  1777  1777 D WindowManager: in computeScreenConfigurationLocked() -- hardKeyboardAvailable :false  mHardKeyboardAvailable :false
10-31 09:11:52.784  1777  1777 I ActivityManager: Config changes=1df8 {1.0 440mcc10mnc [ja_JP] ldltr sw600dp w1066dp h600dp 240dpi lrg long land ?uimode ?night -touch -keyb/v/h -nav/h s.2}
10-31 09:11:52.785  1777  1777 D WindowManager: mHasNavigationBar: false
10-31 09:11:52.785  1777  1777 D WindowManager: in computeScreenConfigurationLocked() -- hardKeyboardAvailable :false  mHardKeyboardAvailable :false
10-31 09:11:52.786  1777  1777 D WindowManager: mHasNavigationBar: false
10-31 09:11:52.786  1777  1824 D WindowManager: in computeScreenConfigurationLocked() -- hardKeyboardAvailable :false  mHardKeyboardAvailable :false
10-31 09:11:52.787  1777  1824 I ActivityManager: Config changes=400 {1.0 440mcc10mnc [ja_JP] ldltr sw600dp w1066dp h576dp 240dpi lrg long land ?uimode ?night -touch -keyb/v/h -nav/h s.3}
10-31 09:11:52.788  1777  1824 D WindowManager: mHasNavigationBar: false
10-31 09:11:52.788  1777  1824 D WindowManager: in computeScreenConfigurationLocked() -- hardKeyboardAvailable :false  mHardKeyboardAvailable :false
10-31 09:11:52.791  1777  1816 I UsageStatsService: User[0] Rollover scheduled @ 2021-10-31 14:56:09(1635659769037)
10-31 09:11:52.804  1777  1777 D WindowManager: in computeScreenConfigurationLocked() -- hardKeyboardAvailable :false  mHardKeyboardAvailable :false
10-31 09:11:52.805  1777  1777 I SystemServiceManager: Starting com.android.server.MountService$Lifecycle
10-31 09:11:52.808  1777  1777 I SystemServiceManager: Starting com.android.server.UiModeManagerService
10-31 09:11:52.808  1777  1845 D MountService: Thinking about init, mSystemReady=false, mDaemonConnected=true
10-31 09:11:52.808  1777  1845 D MountService: Thinking about reset, mSystemReady=false, mDaemonConnected=true
10-31 09:11:52.808  1777  1845 D MountService: Thinking about init, mSystemReady=false, mDaemonConnected=true
10-31 09:11:52.808  1777  1845 D MountService: Thinking about reset, mSystemReady=false, mDaemonConnected=true
10-31 09:11:52.808  1777  1845 D CryptdConnector: SND -> {1 cryptfs getfield SystemLocale}
10-31 09:11:52.808  1777  1777 I ActivityManager: Config changes=200 {1.0 440mcc10mnc [ja_JP] ldltr sw600dp w1066dp h576dp 240dpi lrg long land -touch -keyb/v/h -nav/h s.4}
10-31 09:11:52.808  1777  1847 D CryptdConnector: RCV <- {200 1 -1}
10-31 09:11:52.809  1777  1845 W MountService: No primary storage mounted!
10-31 09:11:52.809  1777  1845 D VoldConnector: SND -> {1 asec list}
10-31 09:11:52.809  1777  1777 D WindowManager: mHasNavigationBar: false
10-31 09:11:52.809  1777  1777 D WindowManager: in computeScreenConfigurationLocked() -- hardKeyboardAvailable :false  mHardKeyboardAvailable :false
10-31 09:11:52.809  1777  1846 D VoldConnector: RCV <- {200 1 asec operation succeeded}
10-31 09:11:52.809  1777  1845 I chatty  : uid=1000(system) MountService expire 3 lines
10-31 09:11:52.809  1777  1845 W PackageManager: Not granting permission com.google.android.googleapps.permission.GOOGLE_AUTH to package com.android.providers.calendar (protectionLevel=2 flags=0x30083e45)
10-31 09:11:52.809  1777  1845 W PackageManager: Not granting permission com.google.android.googleapps.permission.GOOGLE_AUTH.cl to package com.android.providers.calendar (protectionLevel=2 flags=0x30083e45)
10-31 09:11:52.809  1777  1845 W PackageManager: Not granting permission android.permission.READ_EXTERNAL_STORAGE to package com.alphainventor.filemanager because it was previously installed without
10-31 09:11:52.809  1777  1845 W PackageManager: Not granting permission android.permission.WRITE_EXTERNAL_STORAGE to package com.alphainventor.filemanager because it was previously installed without
10-31 09:11:52.809  1777  1845 W PackageManager: Not granting permission android.permission.GET_ACCOUNTS to package com.alphainventor.filemanager because it was previously installed without
10-31 09:11:52.809  1777  1845 W PackageManager: Unknown permission android.permission.REQUEST_DELETE_PACKAGES in package com.alphainventor.filemanager
10-31 09:11:52.809  1777  1845 W PackageManager: Unknown permission android.permission.FOREGROUND_SERVICE in package com.alphainventor.filemanager
10-31 09:11:52.809  1777  1845 W PackageManager: Not granting permission android.permission.WRITE_EXTERNAL_STORAGE to package jp.co.cygames.Shadowverse because it was previously installed without
10-31 09:11:52.809  1777  1845 W PackageManager: Not granting permission android.permission.READ_EXTERNAL_STORAGE to package jp.co.cygames.Shadowverse because it was previously installed without
10-31 09:11:52.809  1777  1845 W PackageManager: Unknown permission android.permission.READ_DEVICE_CONFIG in package com.android.vending
10-31 09:11:52.809  1777  1845 W PackageManager: Unknown permission android.permission.WRITE_DEVICE_CONFIG in package com.android.vending
10-31 09:11:52.809  1777  1845 W PackageManager: Unknown permission android.permission.BLUETOOTH_SCAN in package com.android.vending
10-31 09:11:52.809  1777  1845 W PackageManager: Unknown permission android.permission.BLUETOOTH_ADVERTISE in package com.android.vending
10-31 09:11:52.809  1777  1845 W PackageManager: Unknown permission android.permission.BLUETOOTH_CONNECT in package com.android.vending
10-31 09:11:52.810  1777  1845 W PackageManager: Not granting permission android.permission.SEND_DOWNLOAD_COMPLETED_INTENTS to package com.android.vending (protectionLevel=2 flags=0x284abec5)
10-31 09:11:52.810  1777  1845 W PackageManager: Unknown permission android.permission.USE_BIOMETRIC in package com.android.vending
10-31 09:11:52.810  1777  1845 W PackageManager: Unknown permission com.google.android.setupwizard.SETUP_PROGRESS_SERVICE in package com.android.vending
10-31 09:11:52.810  1777  1845 W PackageManager: Unknown permission android.permission.ALLOCATE_AGGRESSIVE in package com.android.vending
10-31 09:11:52.810  1777  1845 W PackageManager: Not granting permission android.permission.SET_PREFERRED_APPLICATIONS to package com.android.vending (protectionLevel=2 flags=0x284abec5)
10-31 09:11:52.810  1777  1845 W PackageManager: Unknown permission android.permission.ACCESS_INSTANT_APPS in package com.android.vending
10-31 09:11:52.810  1777  1845 W PackageManager: Unknown permission android.permission.MANAGE_APP_OPS_MODES in package com.android.vending
10-31 09:11:52.810  1777  1845 W PackageManager: Unknown permission android.permission.MANAGE_ROLLBACKS in package com.android.vending
10-31 09:11:52.810  1777  1845 W PackageManager: Unknown permission android.permission.SET_HARMFUL_APP_WARNINGS in package com.android.vending
10-31 09:11:52.810  1777  1845 W PackageManager: Unknown permission android.permission.LOADER_USAGE_STATS in package com.android.vending
10-31 09:11:52.810  1777  1845 W PackageManager: Unknown permission com.sec.android.provider.badge.permission.READ in package com.android.vending
10-31 09:11:52.810  1777  1845 W PackageManager: Unknown permission com.sec.android.provider.badge.permission.WRITE in package com.android.vending
10-31 09:11:52.810  1777  1845 W PackageManager: Unknown permission com.htc.launcher.permission.READ_SETTINGS in package com.android.vending
10-31 09:11:52.810  1777  1845 W PackageManager: Unknown permission com.htc.launcher.permission.UPDATE_SHORTCUT in package com.android.vending
10-31 09:11:52.810  1777  1845 W PackageManager: Unknown permission com.sonyericsson.home.permission.BROADCAST_BADGE in package com.android.vending
10-31 09:11:52.810  1777  1845 W PackageManager: Unknown permission com.sonymobile.home.permission.PROVIDER_INSERT_BADGE in package com.android.vending
10-31 09:11:52.810  1777  1845 W PackageManager: Unknown permission com.anddoes.launcher.permission.UPDATE_COUNT in package com.android.vending
10-31 09:11:52.810  1777  1845 W PackageManager: Unknown permission com.majeur.launcher.permission.UPDATE_BADGE in package com.android.vending
10-31 09:11:52.810  1777  1845 W PackageManager: Unknown permission com.huawei.android.launcher.permission.CHANGE_BADGE in package com.android.vending
10-31 09:11:52.810  1777  1845 W PackageManager: Unknown permission com.huawei.android.launcher.permission.READ_SETTINGS in package com.android.vending
10-31 09:11:52.810  1777  1845 W PackageManager: Unknown permission com.huawei.android.launcher.permission.WRITE_SETTINGS in package com.android.vending
10-31 09:11:52.810  1777  1845 W PackageManager: Unknown permission android.permission.READ_APP_BADGE in package com.android.vending
10-31 09:11:52.810  1777  1845 W PackageManager: Unknown permission com.oppo.launcher.permission.READ_SETTINGS in package com.android.vending
10-31 09:11:52.810  1777  1845 W PackageManager: Unknown permission com.oppo.launcher.permission.WRITE_SETTINGS in package com.android.vending
10-31 09:11:52.810  1777  1845 W PackageManager: Unknown permission org.chromium.arc.apkcacheprovider.permission.READ_CACHE in package com.android.vending
10-31 09:11:52.810  1777  1845 W PackageManager: Unknown permission org.chromium.arc.apkcacheprovider.permission.WRITE_CACHE in package com.android.vending
10-31 09:11:52.810  1777  1845 W PackageManager: Unknown permission android.permission.READ_RUNTIME_PROFILES in package com.android.vending
10-31 09:11:52.810  1777  1845 W PackageManager: Unknown permission android.permission.FOREGROUND_SERVICE in package com.android.vending
10-31 09:11:52.810  1777  1845 W PackageManager: Unknown permission android.permission.START_ACTIVITIES_FROM_BACKGROUND in package com.android.vending
10-31 09:11:52.810  1777  1845 W PackageManager: Unknown permission android.permission.CHANGE_OVERLAY_PACKAGES in package com.android.vending
10-31 09:11:52.810  1777  1845 W PackageManager: Unknown permission android.permission.SEND_DEVICE_CUSTOMIZATION_READY in package com.android.vending
10-31 09:11:52.810  1777  1845 W PackageManager: Unknown permission com.android.permission.USE_INSTALLER_V2 in package com.android.vending
10-31 09:11:52.810  1777  1845 W PackageManager: Unknown permission android.permission.QUERY_ALL_PACKAGES in package com.android.vending
10-31 09:11:52.810  1777  1845 W PackageManager: Unknown permission android.permission.OVERRIDE_COMPAT_CHANGE_CONFIG_ON_RELEASE_BUILD in package com.android.vending
10-31 09:11:52.810  1777  1845 W PackageManager: Unknown permission android.permission.LAUNCH_TWO_PANE_SETTINGS_DEEP_LINK in package com.android.vending
10-31 09:11:52.810  1777  1845 W PackageManager: Not granting permission android.permission.BIND_WALLPAPER to package com.android.camera2 (protectionLevel=18 flags=0x3058bc45)
10-31 09:11:52.810  1777  1845 W PackageManager: Not granting permission com.google.android.googleapps.permission.GOOGLE_AUTH.mail to package com.android.calendar (protectionLevel=2 flags=0x3009be45)
10-31 09:11:52.810  1777  1845 W PackageManager: Not granting permission android.permission.CAMERA to package jp.co.sony.minchalle because it was previously installed without
10-31 09:11:52.810  1777  1845 W PackageManager: Not granting permission android.permission.READ_EXTERNAL_STORAGE to package jp.co.sony.minchalle because it was previously installed without
10-31 09:11:52.810  1777  1845 W PackageManager: Not granting permission android.permission.WRITE_EXTERNAL_STORAGE to package jp.co.sony.minchalle because it was previously installed without
10-31 09:11:52.810  1777  1845 W PackageManager: Unknown permission .permission.C2D_MESSAGE in package jp.co.sony.minchalle
10-31 09:11:52.810  1777  1845 W PackageManager: Unknown permission .c2dm.permission.RECEIVE in package jp.co.sony.minchalle
10-31 09:11:52.810  1777  1845 W PackageManager: Not granting permission android.permission.INTERACT_ACROSS_USERS to package com.google.android.syncadapters.contacts (protectionLevel=50 flags=0x38083e45)
10-31 09:11:52.810  1777  1845 W PackageManager: Unknown permission com.google.android.syncadapters.contacts.permission.GAL_SEARCH in package com.google.android.syncadapters.contacts
10-31 09:11:52.810  1777  1845 W PackageManager: Unknown permission android.permission.FOREGROUND_SERVICE in package com.android.chrome
10-31 09:11:52.810  1777  1845 W PackageManager: Unknown permission com.chrome.permission.DEVICE_EXTRAS in package com.android.chrome
10-31 09:11:52.810  1777  1845 W PackageManager: Unknown permission com.google.android.apps.now.CURRENT_ACCOUNT_ACCESS in package com.android.chrome
10-31 09:11:52.810  1777  1845 W PackageManager: Unknown permission com.sec.enterprise.knox.MDM_CONTENT_PROVIDER in package com.android.chrome
10-31 09:11:52.810  1777  1845 W PackageManager: Unknown permission android.permission.FOREGROUND_SERVICE in package com.google.android.gms
10-31 09:11:52.810  1777  1845 W PackageManager: Unknown permission android.permission.START_ACTIVITIES_FROM_BACKGROUND in package com.google.android.gms
10-31 09:11:52.810  1777  1845 W PackageManager: Unknown permission android.permission.QUERY_ALL_PACKAGES in package com.google.android.gms
10-31 09:11:52.810  1777  1845 W PackageManager: Unknown permission android.permission.RENOUNCE_PERMISSIONS in package com.google.android.gms
10-31 09:11:52.810  1777  1845 W PackageManager: Unknown permission android.permission.SCHEDULE_PRIORITIZED_ALARM in package com.google.android.gms
10-31 09:11:52.810  1777  1845 W PackageManager: Unknown permission android.permission.REMOTE_DISPLAY_PROVIDER in package com.google.android.gms
10-31 09:11:52.810  1777  1845 W PackageManager: Unknown permission android.permission.RECOVER_KEYSTORE in package com.google.android.gms
10-31 09:11:52.810  1777  1845 W PackageManager: Unknown permission android.permission.PRE_FACTORY_RESET in package com.google.android.gms
10-31 09:11:52.810  1777  1845 W PackageManager: Unknown permission android.permission.MANAGE_FACTORY_RESET_PROTECTION in package com.google.android.gms
10-31 09:11:52.810  1777  1845 W PackageManager: Unknown permission com.google.android.apps.enterprise.dmagent.permission.AutoSyncPermission in package com.google.android.gms
10-31 09:11:52.810  1777  1845 W PackageManager: Unknown permission android.permission.ALLOCATE_AGGRESSIVE in package com.google.android.gms
10-31 09:11:52.810  1777  1845 W PackageManager: Unknown permission android.car.permission.CAR_POWER in package com.google.android.gms
10-31 09:11:52.810  1777  1845 W PackageManager: Unknown permission android.permission.USE_BIOMETRIC in package com.google.android.gms
10-31 09:11:52.810  1777  1845 W PackageManager: Unknown permission com.google.android.wearable.WRITE_SETTINGS in package com.google.android.gms
10-31 09:11:52.810  1777  1845 W PackageManager: Unknown permission com.felicanetworks.mfc.permission.MFC_ACCESS in package com.google.android.gms
10-31 09:11:52.810  1777  1845 W PackageManager: Unknown permission com.felicanetworks.mfc.mfi.permission.MFI_ACCESS in package com.google.android.gms
10-31 09:11:52.810  1777  1845 W PackageManager: Unknown permission android.permission.ACCESS_BACKGROUND_LOCATION in package com.google.android.gms
10-31 09:11:52.810  1777  1845 W PackageManager: Unknown permission android.permission.ACCESS_CONTEXT_HUB in package com.google.android.gms
10-31 09:11:52.810  1777  1845 W PackageManager: Unknown permission android.permission.BROADCAST_CLOSE_SYSTEM_DIALOGS in package com.google.android.gms
10-31 09:11:52.810  1777  1845 W PackageManager: Unknown permission android.permission.INSTALL_LOCATION_TIME_ZONE_PROVIDER_SERVICE in package com.google.android.gms
10-31 09:11:52.810  1777  1845 W PackageManager: Unknown permission android.permission.BLUETOOTH_CONNECT in package com.google.android.gms
10-31 09:11:52.810  1777  1845 W PackageManager: Unknown permission android.permission.BLUETOOTH_SCAN in package com.google.android.gms
10-31 09:11:52.810  1777  1845 W PackageManager: Unknown permission android.permission.BLUETOOTH_ADVERTISE in package com.google.android.gms
10-31 09:11:52.810  1777  1845 W PackageManager: Unknown permission android.permission.SUBSTITUTE_SHARE_TARGET_APP_NAME_AND_ICON in package com.google.android.gms
10-31 09:11:52.810  1777  1845 W PackageManager: Unknown permission com.google.android.googlequicksearchbox.permission.PAUSE_HOTWORD in package com.google.android.gms
10-31 09:11:52.810  1777  1845 W PackageManager: Unknown permission android.permission.COMPANION_APPROVE_WIFI_CONNECTIONS in package com.google.android.gms
10-31 09:11:52.810  1777  1845 W PackageManager: Unknown permission android.permission.UWB in package com.google.android.gms
10-31 09:11:52.810  1777  1845 W PackageManager: Unknown permission android.permission.USE_FULL_SCREEN_INTENT in package com.google.android.gms
10-31 09:11:52.810  1777  1845 W PackageManager: Unknown permission com.sec.android.app.myfiles.permission.READ in package com.google.android.gms
10-31 09:11:52.810  1777  1845 W PackageManager: Unknown permission com.sec.android.app.myfiles.permission.WRITE in package com.google.android.gms
10-31 09:11:52.810  1777  1845 W PackageManager: Unknown permission com.sec.android.gallery3d.provider2.READ in package com.google.android.gms
10-31 09:11:52.810  1777  1845 W PackageManager: Unknown permission com.sec.android.gallery3d.provider2.WRITE in package com.google.android.gms
10-31 09:11:52.810  1777  1845 W PackageManager: Unknown permission android.permission.UWB_PRIVILEGED in package com.google.android.gms
10-31 09:11:52.810  1777  1845 W PackageManager: Unknown permission android.permission.UWB_RANGING in package com.google.android.gms
10-31 09:11:52.810  1777  1845 W PackageManager: Unknown permission com.google.pixel.exo.BIND_TO_BOOTSTRAPPING in package com.google.android.gms
10-31 09:11:52.810  1777  1845 W PackageManager: Unknown permission android.permission.CONTROL_DISPLAY_SATURATION in package com.google.android.gms
10-31 09:11:52.810  1777  1845 W PackageManager: Unknown permission com.google.android.hangouts.START_HANGOUT in package com.google.android.gms
10-31 09:11:52.810  1777  1845 W PackageManager: Unknown permission com.google.android.setupwizard.SETUP_PROGRESS_SERVICE in package com.google.android.gms
10-31 09:11:52.810  1777  1845 W PackageManager: Unknown permission android.car.permission.CAR_POWERTRAIN in package com.google.android.gms
10-31 09:11:52.810  1777  1845 W PackageManager: Unknown permission android.car.permission.CAR_ENERGY in package com.google.android.gms
10-31 09:11:52.810  1777  1845 W PackageManager: Unknown permission android.car.permission.CAR_ENERGY_PORTS in package com.google.android.gms
10-31 09:11:52.810  1777  1845 W PackageManager: Unknown permission android.car.permission.CAR_EXTERIOR_LIGHTS in package com.google.android.gms
10-31 09:11:52.810  1777  1845 W PackageManager: Unknown permission android.car.permission.CAR_INFO in package com.google.android.gms
10-31 09:11:52.810  1777  1845 W PackageManager: Unknown permission android.car.permission.CAR_MILEAGE in package com.google.android.gms
10-31 09:11:52.810  1777  1845 W PackageManager: Unknown permission android.car.permission.CAR_TIRES in package com.google.android.gms
10-31 09:11:52.810  1777  1845 W PackageManager: Unknown permission android.car.permission.CONTROL_CAR_CLIMATE in package com.google.android.gms
10-31 09:11:52.810  1777  1845 W PackageManager: Unknown permission android.car.permission.CONTROL_CAR_DOORS in package com.google.android.gms
10-31 09:11:52.810  1777  1845 W PackageManager: Unknown permission android.car.permission.CONTROL_CAR_EXTERIOR_LIGHTS in package com.google.android.gms
10-31 09:11:52.810  1777  1845 W PackageManager: Unknown permission android.car.permission.CONTROL_CAR_MIRRORS in package com.google.android.gms
10-31 09:11:52.810  1777  1845 W PackageManager: Unknown permission android.car.permission.CONTROL_CAR_SEATS in package com.google.android.gms
10-31 09:11:52.810  1777  1845 W PackageManager: Unknown permission android.car.permission.CONTROL_CAR_WINDOWS in package com.google.android.gms
10-31 09:11:52.810  1777  1845 W PackageManager: Unknown permission android.car.permission.READ_CAR_DISPLAY_UNITS in package com.google.android.gms
10-31 09:11:52.810  1777  1845 W PackageManager: Unknown permission com.google.android.permission.ACCESSIBILITY_SCAN_SERVICE in package com.google.android.gms
10-31 09:11:52.810  1777  1845 W PackageManager: Unknown permission android.permission.ACTIVITY_EMBEDDING in package com.google.android.gms
10-31 09:11:52.810  1777  1845 W PackageManager: Unknown permission android.permission.PROVIDE_RESOLVER_RANKER_SERVICE in package com.google.android.gms
10-31 09:11:52.810  1777  1845 W PackageManager: Unknown permission com.google.android.clockwork.settings.SHOW_FACTORY_RESET_CONFIRMATION in package com.google.android.gms
10-31 09:11:52.810  1777  1845 W PackageManager: Unknown permission com.google.android.wearable.READ_SETTINGS in package com.google.android.gms
10-31 09:11:52.810  1777  1845 W PackageManager: Unknown permission com.google.android.wearable.permission.URI_REDIRECT_TO_REMOTE in package com.google.android.gms
10-31 09:11:52.810  1777  1845 W PackageManager: Unknown permission android.permission.READ_MEDIA_AUDIO in package com.google.android.gms
10-31 09:11:52.810  1777  1845 W PackageManager: Unknown permission android.permission.READ_MEDIA_IMAGES in package com.google.android.gms
10-31 09:11:52.810  1777  1845 W PackageManager: Unknown permission android.permission.READ_MEDIA_VIDEO in package com.google.android.gms
10-31 09:11:52.810  1777  1845 W PackageManager: Unknown permission android.permission.ACCESS_MEDIA_LOCATION in package com.google.android.gms
10-31 09:11:52.810  1777  1845 W PackageManager: Unknown permission android.permission.DOMAIN_VERIFICATION_AGENT in package com.google.android.gms
10-31 09:11:52.810  1777  1845 W PackageManager: Unknown permission android.permission.ACTIVITY_RECOGNITION in package com.google.android.gms
10-31 09:11:52.810  1777  1845 W PackageManager: Unknown permission android.permission.MANAGE_SUBSCRIPTION_PLANS in package com.google.android.gms
10-31 09:11:52.810  1777  1845 W PackageManager: Unknown permission android.permission.READ_DEVICE_CONFIG in package com.google.android.gms
10-31 09:11:52.811  1777  1845 W PackageManager: Unknown permission android.permission.WRITE_DEVICE_CONFIG in package com.google.android.gms
10-31 09:11:52.811  1777  1845 W PackageManager: Unknown permission com.google.android.apps.now.OPT_IN_WIZARD in package com.google.android.gms
10-31 09:11:52.811  1777  1845 W PackageManager: Unknown permission com.google.android.setupwizard.SETUP_COMPAT_SERVICE in package com.google.android.gms
10-31 09:11:52.811  1777  1845 W PackageManager: Unknown permission android.permission.MANAGE_TIME_AND_ZONE_DETECTION in package com.google.android.gms
10-31 09:11:52.811  1777  1845 W PackageManager: Unknown permission android.permission.MANAGE_ROLLBACKS in package com.google.android.gms
10-31 09:11:52.811  1777  1845 W PackageManager: Unknown permission android.permission.REQUEST_DELETE_PACKAGES in package com.google.android.gms
10-31 09:11:52.811  1777  1845 W PackageManager: Unknown permission android.permission.UPDATE_FONTS in package com.google.android.gms
10-31 09:11:52.811  1777  1845 W PackageManager: Unknown permission com.google.android.launcher.permission.RECEIVE_LAUNCH_BROADCASTS in package com.google.android.gms
10-31 09:11:52.811  1777  1845 W PackageManager: Unknown permission android.permission.HIGH_SAMPLING_RATE_SENSORS in package com.google.android.gms
10-31 09:11:52.811  1777  1845 W PackageManager: Unknown permission android.permission.RESET_PASSWORD in package com.google.android.gms
10-31 09:11:52.811  1777  1845 W PackageManager: Unknown permission android.permission.LOCK_DEVICE in package com.google.android.gms
10-31 09:11:52.811  1777  1845 W PackageManager: Unknown permission android.permission.CONTROL_KEYGUARD_SECURE_NOTIFICATIONS in package com.google.android.gms
10-31 09:11:52.811  1777  1845 W PackageManager: Not granting permission android.permission.HIDE_NON_SYSTEM_OVERLAY_WINDOWS to package com.google.android.gms (protectionLevel=258 flags=0xb8483ec5)
10-31 09:11:52.811  1777  1845 W PackageManager: Unknown permission com.android.launcher.permission.PRELOAD_WORKSPACE in package com.google.android.partnersetup
10-31 09:11:52.811  1777  1845 W PackageManager: Unknown permission com.google.android.permission.INSTALL_WEARABLE_PACKAGES in package com.android.packageinstaller
10-31 09:11:52.811  1777  1845 W PackageManager: Not granting permission android.permission.DELETE_PACKAGES to package com.svox.pico (protectionLevel=18 flags=0x3808be45)
10-31 09:11:52.811  1777  1845 W PackageManager: Not granting permission android.permission.CONTROL_KEYGUARD to package com.google.android.gsf.login (protectionLevel=2 flags=0x3048be45)
10-31 09:11:52.811  1777  1845 W PackageManager: Unknown permission com.android.vending.billing.IBillingAccountService.BIND2 in package com.google.android.gsf.login
10-31 09:11:52.811  1777  1845 W PackageManager: Unknown permission com.android.launcher.permission.READ_SETTINGS in package com.android.settings
10-31 09:11:52.811  1777  1845 W PackageManager: Unknown permission com.android.launcher.permission.WRITE_SETTINGS in package com.android.settings
10-31 09:11:52.811  1777  1845 W PackageManager: Not granting permission android.permission.READ_PHONE_STATE to package jp.sally_inc.uzu because it was previously installed without
10-31 09:11:52.811  1777  1845 W PackageManager: Not granting permission android.permission.RECORD_AUDIO to package jp.sally_inc.uzu because it was previously installed without
10-31 09:11:52.811  1777  1845 W PackageManager: Not granting permission android.permission.CAMERA to package jp.sally_inc.uzu because it was previously installed without
10-31 09:11:52.811  1777  1845 W PackageManager: Unknown permission android.permission.FOREGROUND_SERVICE in package jp.sally_inc.uzu
10-31 09:11:52.811  1777  1845 W PackageManager: Not granting permission android.permission.READ_EXTERNAL_STORAGE to package jp.sally_inc.uzu because it was previously installed without
10-31 09:11:52.811  1777  1845 W PackageManager: Not granting permission android.permission.READ_PRIVILEGED_PHONE_STATE to package jp.sally_inc.uzu (protectionLevel=18 flags=0x2818be44)
10-31 09:11:52.811  1777  1845 W PackageManager: Unknown permission com.android.smspush.WAPPUSH_MANAGER_BIND in package com.android.phone
10-31 09:11:52.811  1777  1845 W PackageManager: Unknown permission android.permission.REQUEST_DELETE_PACKAGES in package com.google.android.play.games
10-31 09:11:52.811  1777  1845 W PackageManager: Unknown permission android.permission.PROCESS_PHONE_ACCOUNT_REGISTRATION in package com.android.providers.contacts
