--------- beginning of system
10-31 09:11:50.239  1452  1452 I vold    : Vold 3.0 (the awakening) firing up
--------- beginning of main
10-31 09:11:51.564  1513  1513 W         : eglGetProcAddress: "glGetTexLevelParameterfv" not found
10-31 09:11:51.564  1513  1513 D libEGL  : glGetTexLevelParameterfv missing: using gl_unimplemented
10-31 09:11:51.564  1513  1513 W         : eglGetProcAddress: "glGetTexLevelParameteriv" not found
10-31 09:11:51.564  1513  1513 D libEGL  : glGetTexLevelParameteriv missing: using gl_unimplemented
10-31 09:11:51.564  1513  1513 W         : eglGetProcAddress: "glGetTexParameterIiv" not found
10-31 09:11:51.564  1513  1513 D libEGL  : glGetTexParameterIiv missing: using gl_unimplemented
10-31 09:11:51.564  1513  1513 W         : eglGetProcAddress: "glGetTexParameterIivEXT" not found
10-31 09:11:51.564  1513  1513 D libEGL  : glGetTexParameterIivEXT missing: using gl_unimplemented
10-31 09:11:51.564  1513  1513 W         : eglGetProcAddress: "glGetTexParameterIivOES" not found
10-31 09:11:51.564  1513  1513 D libEGL  : glGetTexParameterIivOES missing: using gl_unimplemented
10-31 09:11:51.564  1513  1513 W         : eglGetProcAddress: "glGetTexParameterIuiv" not found
10-31 09:11:51.564  1513  1513 D libEGL  : glGetTexParameterIuiv missing: using gl_unimplemented
10-31 09:11:51.564  1513  1513 W         : eglGetProcAddress: "glGetTexParameterIuivEXT" not found
10-31 09:11:51.564  1513  1513 D libEGL  : glGetTexParameterIuivEXT missing: using gl_unimplemented
10-31 09:11:51.564  1513  1513 W         : eglGetProcAddress: "glGetTexParameterIuivOES" not found
10-31 09:11:51.564  1513  1513 D libEGL  : glGetTexParameterIuivOES missing: using gl_unimplemented
10-31 09:11:51.564  1513  1513 W         : eglGetProcAddress: "glGetTextureHandleNV" not found
10-31 09:11:51.564  1513  1513 D libEGL  : glGetTextureHandleNV missing: using gl_unimplemented
10-31 09:11:51.564  1513  1513 W         : eglGetProcAddress: "glGetTextureSamplerHandleNV" not found
10-31 09:11:51.564  1513  1513 D libEGL  : glGetTextureSamplerHandleNV missing: using gl_unimplemented
10-31 09:11:51.564  1513  1513 W         : eglGetProcAddress: "glGetTranslatedShaderSourceANGLE" not found
10-31 09:11:51.564  1513  1513 D libEGL  : glGetTranslatedShaderSourceANGLE missing: using gl_unimplemented
10-31 09:11:51.564  1513  1513 W         : eglGetProcAddress: "glGetnUniformfv" not found
10-31 09:11:51.564  1513  1513 D libEGL  : glGetnUniformfv missing: using gl_unimplemented
10-31 09:11:51.564  1513  1513 W         : eglGetProcAddress: "glGetnUniformfvKHR" not found
10-31 09:11:51.564  1513  1513 D libEGL  : glGetnUniformfvKHR missing: using gl_unimplemented
10-31 09:11:51.564  1513  1513 W         : eglGetProcAddress: "glGetnUniformiv" not found
10-31 09:11:51.564  1513  1513 D libEGL  : glGetnUniformiv missing: using gl_unimplemented
10-31 09:11:51.564  1508  1508 I Zygote  : Uninstalled ICU cache reference pinning...
10-31 09:11:51.564  1513  1513 W         : eglGetProcAddress: "glGetnUniformivKHR" not found
10-31 09:11:51.564  1513  1513 D libEGL  : glGetnUniformivKHR missing: using gl_unimplemented
10-31 09:11:51.564  1513  1513 W         : eglGetProcAddress: "glGetnUniformuiv" not found
10-31 09:11:51.564  1513  1513 D libEGL  : glGetnUniformuiv missing: using gl_unimplemented
10-31 09:11:51.564  1513  1513 W         : eglGetProcAddress: "glGetnUniformuivKHR" not found
10-31 09:11:51.564  1513  1513 D libEGL  : glGetnUniformuivKHR missing: using gl_unimplemented
10-31 09:11:51.564  1513  1513 W         : eglGetProcAddress: "glInsertEventMarkerEXT" not found
10-31 09:11:51.564  1513  1513 D libEGL  : glInsertEventMarkerEXT missing: using gl_unimplemented
10-31 09:11:51.564  1513  1513 W         : eglGetProcAddress: "glInterpolatePathsNV" not found
10-31 09:11:51.564  1513  1513 D libEGL  : glInterpolatePathsNV missing: using gl_unimplemented
10-31 09:11:51.564  1513  1513 W         : eglGetProcAddress: "glIsEnabledi" not found
10-31 09:11:51.564  1513  1513 D libEGL  : glIsEnabledi missing: using gl_unimplemented
10-31 09:11:51.564  1513  1513 W         : eglGetProcAddress: "glIsEnablediEXT" not found
10-31 09:11:51.564  1513  1513 D libEGL  : glIsEnablediEXT missing: using gl_unimplemented
10-31 09:11:51.564  1513  1513 W         : eglGetProcAddress: "glIsEnablediNV" not found
10-31 09:11:51.564  1513  1513 D libEGL  : glIsEnablediNV missing: using gl_unimplemented
10-31 09:11:51.564  1513  1513 W         : eglGetProcAddress: "glIsEnablediOES" not found
10-31 09:11:51.565  1513  1513 D libEGL  : glIsEnablediOES missing: using gl_unimplemented
10-31 09:11:51.565  1513  1513 W         : eglGetProcAddress: "glIsImageHandleResidentNV" not found
10-31 09:11:51.565  1513  1513 D libEGL  : glIsImageHandleResidentNV missing: using gl_unimplemented
10-31 09:11:51.565  1513  1513 W         : eglGetProcAddress: "glIsPathNV" not found
10-31 09:11:51.565  1513  1513 D libEGL  : glIsPathNV missing: using gl_unimplemented
10-31 09:11:51.565  1513  1513 W         : eglGetProcAddress: "glIsPointInFillPathNV" not found
10-31 09:11:51.565  1513  1513 D libEGL  : glIsPointInFillPathNV missing: using gl_unimplemented
10-31 09:11:51.565  1513  1513 W         : eglGetProcAddress: "glIsPointInStrokePathNV" not found
10-31 09:11:51.565  1513  1513 D libEGL  : glIsPointInStrokePathNV missing: using gl_unimplemented
10-31 09:11:51.565  1513  1513 W         : eglGetProcAddress: "glIsProgramPipeline" not found
10-31 09:11:51.565  1513  1513 D libEGL  : glIsProgramPipeline missing: using gl_unimplemented
10-31 09:11:51.565  1513  1513 W         : eglGetProcAddress: "glIsProgramPipelineEXT" not found
10-31 09:11:51.565  1513  1513 D libEGL  : glIsProgramPipelineEXT missing: using gl_unimplemented
10-31 09:11:51.565  1513  1513 W         : eglGetProcAddress: "glIsQueryEXT" not found
10-31 09:11:51.565  1513  1513 D libEGL  : glIsQueryEXT missing: using gl_unimplemented
10-31 09:11:51.565  1513  1513 W         : eglGetProcAddress: "glIsSyncAPPLE" not found
10-31 09:11:51.565  1513  1513 D libEGL  : glIsSyncAPPLE missing: using gl_unimplemented
10-31 09:11:51.565  1513  1513 W         : eglGetProcAddress: "glIsTextureHandleResidentNV" not found
10-31 09:11:51.565  1513  1513 D libEGL  : glIsTextureHandleResidentNV missing: using gl_unimplemented
10-31 09:11:51.565  1513  1513 W         : eglGetProcAddress: "glIsVertexArrayOES" not found
10-31 09:11:51.565  1513  1513 D libEGL  : found <glIsVertexArray> instead
10-31 09:11:51.565  1508  1508 I Zygote  : Installed AndroidKeyStoreProvider in 1ms.
10-31 09:11:51.565  1513  1513 W         : eglGetProcAddress: "glLabelObjectEXT" not found
10-31 09:11:51.565  1513  1513 D libEGL  : glLabelObjectEXT missing: using gl_unimplemented
10-31 09:11:51.565  1513  1513 W         : eglGetProcAddress: "glMakeImageHandleNonResidentNV" not found
10-31 09:11:51.565  1513  1513 D libEGL  : glMakeImageHandleNonResidentNV missing: using gl_unimplemented
10-31 09:11:51.565  1513  1513 W         : eglGetProcAddress: "glMakeImageHandleResidentNV" not found
10-31 09:11:51.565  1513  1513 D libEGL  : glMakeImageHandleResidentNV missing: using gl_unimplemented
10-31 09:11:51.565  1513  1513 W         : eglGetProcAddress: "glMakeTextureHandleNonResidentNV" not found
10-31 09:11:51.565  1513  1513 D libEGL  : glMakeTextureHandleNonResidentNV missing: using gl_unimplemented
10-31 09:11:51.565  1513  1513 W         : eglGetProcAddress: "glMakeTextureHandleResidentNV" not found
10-31 09:11:51.565  1513  1513 D libEGL  : glMakeTextureHandleResidentNV missing: using gl_unimplemented
10-31 09:11:51.565  1513  1513 W         : eglGetProcAddress: "glMapBufferRangeEXT" not found
10-31 09:11:51.565  1513  1513 D libEGL  : glMapBufferRangeEXT missing: using gl_unimplemented
10-31 09:11:51.565  1513  1513 W         : eglGetProcAddress: "glMatrixLoad3x2fNV" not found
10-31 09:11:51.565  1513  1513 D libEGL  : glMatrixLoad3x2fNV missing: using gl_unimplemented
10-31 09:11:51.565  1513  1513 W         : eglGetProcAddress: "glMatrixLoad3x3fNV" not found
10-31 09:11:51.565  1513  1513 D libEGL  : glMatrixLoad3x3fNV missing: using gl_unimplemented
10-31 09:11:51.565  1513  1513 W         : eglGetProcAddress: "glMatrixLoadTranspose3x3fNV" not found
10-31 09:11:51.565  1513  1513 D libEGL  : glMatrixLoadTranspose3x3fNV missing: using gl_unimplemented
10-31 09:11:51.565  1513  1513 W         : eglGetProcAddress: "glMatrixMult3x2fNV" not found
10-31 09:11:51.565  1513  1513 D libEGL  : glMatrixMult3x2fNV missing: using gl_unimplemented
10-31 09:11:51.565  1513  1513 W         : eglGetProcAddress: "glMatrixMult3x3fNV" not found
10-31 09:11:51.565  1513  1513 D libEGL  : glMatrixMult3x3fNV missing: using gl_unimplemented
10-31 09:11:51.565  1513  1513 W         : eglGetProcAddress: "glMatrixMultTranspose3x3fNV" not found
10-31 09:11:51.565  1513  1513 D libEGL  : glMatrixMultTranspose3x3fNV missing: using gl_unimplemented
10-31 09:11:51.565  1513  1513 W         : eglGetProcAddress: "glMemoryBarrier" not found
10-31 09:11:51.565  1513  1513 D libEGL  : glMemoryBarrier missing: using gl_unimplemented
10-31 09:11:51.565  1513  1513 W         : eglGetProcAddress: "glMemoryBarrierByRegion" not found
10-31 09:11:51.565  1513  1513 D libEGL  : glMemoryBarrierByRegion missing: using gl_unimplemented
10-31 09:11:51.565  1513  1513 W         : eglGetProcAddress: "glMinSampleShading" not found
10-31 09:11:51.565  1513  1513 D libEGL  : glMinSampleShading missing: using gl_unimplemented
10-31 09:11:51.565  1513  1513 W         : eglGetProcAddress: "glMinSampleShadingOES" not found
10-31 09:11:51.565  1513  1513 D libEGL  : glMinSampleShadingOES missing: using gl_unimplemented
10-31 09:11:51.565  1513  1513 W         : eglGetProcAddress: "glMultiDrawArraysEXT" not found
10-31 09:11:51.565  1513  1513 D libEGL  : glMultiDrawArraysEXT missing: using gl_unimplemented
10-31 09:11:51.565  1513  1513 W         : eglGetProcAddress: "glMultiDrawArraysIndirectEXT" not found
10-31 09:11:51.565  1513  1513 D libEGL  : glMultiDrawArraysIndirectEXT missing: using gl_unimplemented
10-31 09:11:51.565  1513  1513 W         : eglGetProcAddress: "glMultiDrawElementsBaseVertexEXT" not found
10-31 09:11:51.565  1513  1513 D libEGL  : glMultiDrawElementsBaseVertexEXT missing: using gl_unimplemented
10-31 09:11:51.565  1513  1513 W         : eglGetProcAddress: "glMultiDrawElementsBaseVertexOES" not found
10-31 09:11:51.565  1513  1513 D libEGL  : glMultiDrawElementsBaseVertexOES missing: using gl_unimplemented
10-31 09:11:51.565  1513  1513 W         : eglGetProcAddress: "glMultiDrawElementsEXT" not found
10-31 09:11:51.565  1513  1513 D libEGL  : glMultiDrawElementsEXT missing: using gl_unimplemented
10-31 09:11:51.565  1513  1513 W         : eglGetProcAddress: "glMultiDrawElementsIndirectEXT" not found
10-31 09:11:51.565  1513  1513 D libEGL  : glMultiDrawElementsIndirectEXT missing: using gl_unimplemented
10-31 09:11:51.566  1513  1513 W         : eglGetProcAddress: "glNamedFramebufferSampleLocationsfvNV" not found
10-31 09:11:51.566  1513  1513 D libEGL  : glNamedFramebufferSampleLocationsfvNV missing: using gl_unimplemented
10-31 09:11:51.566  1513  1513 W         : eglGetProcAddress: "glObjectLabel" not found
10-31 09:11:51.566  1513  1513 D libEGL  : glObjectLabel missing: using gl_unimplemented
10-31 09:11:51.566  1513  1513 W         : eglGetProcAddress: "glObjectLabelKHR" not found
10-31 09:11:51.566  1513  1513 D libEGL  : glObjectLabelKHR missing: using gl_unimplemented
10-31 09:11:51.566  1513  1513 W         : eglGetProcAddress: "glObjectPtrLabel" not found
10-31 09:11:51.566  1513  1513 D libEGL  : glObjectPtrLabel missing: using gl_unimplemented
10-31 09:11:51.566  1513  1513 W         : eglGetProcAddress: "glObjectPtrLabelKHR" not found
10-31 09:11:51.566  1513  1513 D libEGL  : glObjectPtrLabelKHR missing: using gl_unimplemented
10-31 09:11:51.566  1513  1513 W         : eglGetProcAddress: "glPatchParameteri" not found
10-31 09:11:51.566  1513  1513 D libEGL  : glPatchParameteri missing: using gl_unimplemented
10-31 09:11:51.566  1513  1513 W         : eglGetProcAddress: "glPatchParameteriEXT" not found
10-31 09:11:51.566  1513  1513 D libEGL  : glPatchParameteriEXT missing: using gl_unimplemented
10-31 09:11:51.566  1513  1513 W         : eglGetProcAddress: "glPatchParameteriOES" not found
10-31 09:11:51.566  1513  1513 D libEGL  : glPatchParameteriOES missing: using gl_unimplemented
10-31 09:11:51.566  1513  1513 W         : eglGetProcAddress: "glPathCommandsNV" not found
10-31 09:11:51.566  1513  1513 D libEGL  : glPathCommandsNV missing: using gl_unimplemented
10-31 09:11:51.566  1513  1513 W         : eglGetProcAddress: "glPathCoordsNV" not found
10-31 09:11:51.566  1513  1513 D libEGL  : glPathCoordsNV missing: using gl_unimplemented
10-31 09:11:51.566  1513  1513 W         : eglGetProcAddress: "glPathCoverDepthFuncNV" not found
10-31 09:11:51.566  1513  1513 D libEGL  : glPathCoverDepthFuncNV missing: using gl_unimplemented
10-31 09:11:51.566  1513  1513 W         : eglGetProcAddress: "glPathDashArrayNV" not found
10-31 09:11:51.566  1513  1513 D libEGL  : glPathDashArrayNV missing: using gl_unimplemented
10-31 09:11:51.566  1513  1513 W         : eglGetProcAddress: "glPathGlyphIndexArrayNV" not found
10-31 09:11:51.566  1513  1513 D libEGL  : glPathGlyphIndexArrayNV missing: using gl_unimplemented
10-31 09:11:51.566  1513  1513 W         : eglGetProcAddress: "glPathGlyphIndexRangeNV" not found
10-31 09:11:51.566  1513  1513 D libEGL  : glPathGlyphIndexRangeNV missing: using gl_unimplemented
10-31 09:11:51.566  1513  1513 W         : eglGetProcAddress: "glPathGlyphRangeNV" not found
10-31 09:11:51.566  1513  1513 D libEGL  : glPathGlyphRangeNV missing: using gl_unimplemented
10-31 09:11:51.566  1513  1513 W         : eglGetProcAddress: "glPathGlyphsNV" not found
10-31 09:11:51.566  1513  1513 D libEGL  : glPathGlyphsNV missing: using gl_unimplemented
10-31 09:11:51.566  1513  1513 W         : eglGetProcAddress: "glPathMemoryGlyphIndexArrayNV" not found
10-31 09:11:51.566  1513  1513 D libEGL  : glPathMemoryGlyphIndexArrayNV missing: using gl_unimplemented
10-31 09:11:51.566  1513  1513 W         : eglGetProcAddress: "glPathParameterfNV" not found
10-31 09:11:51.566  1513  1513 D libEGL  : glPathParameterfNV missing: using gl_unimplemented
10-31 09:11:51.566  1513  1513 W         : eglGetProcAddress: "glPathParameterfvNV" not found
10-31 09:11:51.566  1513  1513 D libEGL  : glPathParameterfvNV missing: using gl_unimplemented
10-31 09:11:51.566  1513  1513 W         : eglGetProcAddress: "glPathParameteriNV" not found
10-31 09:11:51.566  1513  1513 D libEGL  : glPathParameteriNV missing: using gl_unimplemented
10-31 09:11:51.566  1513  1513 W         : eglGetProcAddress: "glPathParameterivNV" not found
10-31 09:11:51.566  1513  1513 D libEGL  : glPathParameterivNV missing: using gl_unimplemented
10-31 09:11:51.566  1513  1513 W         : eglGetProcAddress: "glPathStencilDepthOffsetNV" not found
10-31 09:11:51.566  1513  1513 D libEGL  : glPathStencilDepthOffsetNV missing: using gl_unimplemented
10-31 09:11:51.566  1513  1513 W         : eglGetProcAddress: "glPathStencilFuncNV" not found
10-31 09:11:51.566  1513  1513 D libEGL  : glPathStencilFuncNV missing: using gl_unimplemented
10-31 09:11:51.566  1513  1513 W         : eglGetProcAddress: "glPathStringNV" not found
10-31 09:11:51.566  1513  1513 D libEGL  : glPathStringNV missing: using gl_unimplemented
10-31 09:11:51.566  1513  1513 W         : eglGetProcAddress: "glPathSubCommandsNV" not found
10-31 09:11:51.566  1513  1513 D libEGL  : glPathSubCommandsNV missing: using gl_unimplemented
10-31 09:11:51.566  1513  1513 W         : eglGetProcAddress: "glPathSubCoordsNV" not found
10-31 09:11:51.566  1513  1513 D libEGL  : glPathSubCoordsNV missing: using gl_unimplemented
10-31 09:11:51.566  1513  1513 W         : eglGetProcAddress: "glPointAlongPathNV" not found
10-31 09:11:51.566  1513  1513 D libEGL  : glPointAlongPathNV missing: using gl_unimplemented
10-31 09:11:51.566  1513  1513 W         : eglGetProcAddress: "glPolygonModeNV" not found
10-31 09:11:51.566  1513  1513 D libEGL  : glPolygonModeNV missing: using gl_unimplemented
10-31 09:11:51.566  1513  1513 W         : eglGetProcAddress: "glPopDebugGroup" not found
10-31 09:11:51.566  1513  1513 D libEGL  : glPopDebugGroup missing: using gl_unimplemented
10-31 09:11:51.567  1513  1513 W         : eglGetProcAddress: "glProgramUniform4uiEXT" not found
10-31 09:11:51.567  1508  1508 I Zygote  : Warmed up JCA providers in 3ms.
10-31 09:11:51.567  1508  1508 D Zygote  : end preload
10-31 09:11:51.568  1508  1508 I art     : Starting a blocking GC Explicit
10-31 09:11:51.568  1513  1513 D libEGL  : glProgramUniformMatrix3x4fv missing: using gl_unimplemented
10-31 09:11:51.568  1513  1513 W         : eglGetProcAddress: "glProgramUniformMatrix3x4fvEXT" not found
10-31 09:11:51.568  1513  1513 D libEGL  : glProgramUniformMatrix4fv missing: using gl_unimplemented
10-31 09:11:51.568  1513  1513 W         : eglGetProcAddress: "glProgramUniformMatrix4fvEXT" not found
10-31 09:11:51.568  1513  1513 D libEGL  : glProgramUniformMatrix4fvEXT missing: using gl_unimplemented
10-31 09:11:51.568  1513  1513 W         : eglGetProcAddress: "glProgramUniformMatrix4x2fv" not found
10-31 09:11:51.568  1513  1513 D libEGL  : glProgramUniformMatrix4x2fv missing: using gl_unimplemented
10-31 09:11:51.568  1513  1513 W         : eglGetProcAddress: "glProgramUniformMatrix4x2fvEXT" not found
10-31 09:11:51.568  1513  1513 D libEGL  : glProgramUniformMatrix4x2fvEXT missing: using gl_unimplemented
10-31 09:11:51.568  1513  1513 W         : eglGetProcAddress: "glProgramUniformMatrix4x3fv" not found
10-31 09:11:51.568  1513  1513 D libEGL  : glProgramUniformMatrix4x3fv missing: using gl_unimplemented
10-31 09:11:51.568  1513  1513 W         : eglGetProcAddress: "glProgramUniformMatrix4x3fvEXT" not found
10-31 09:11:51.568  1513  1513 D libEGL  : glProgramUniformMatrix4x3fvEXT missing: using gl_unimplemented
10-31 09:11:51.568  1513  1513 W         : eglGetProcAddress: "glPushDebugGroup" not found
10-31 09:11:51.568  1513  1513 D libEGL  : glPushDebugGroup missing: using gl_unimplemented
10-31 09:11:51.568  1513  1513 W         : eglGetProcAddress: "glPushDebugGroupKHR" not found
10-31 09:11:51.568  1513  1513 D libEGL  : glPushGroupMarkerEXT missing: using gl_unimplemented
10-31 09:11:51.568  1513  1513 W         : eglGetProcAddress: "glQueryCounterEXT" not found
10-31 09:11:51.568  1513  1513 D libEGL  : glQueryCounterEXT missing: using gl_unimplemented
10-31 09:11:51.568  1513  1513 W         : eglGetProcAddress: "glRasterSamplesEXT" not found
10-31 09:11:51.568  1513  1513 D libEGL  : glRasterSamplesEXT missing: using gl_unimplemented
10-31 09:11:51.568  1513  1513 W         : eglGetProcAddress: "glReadBufferIndexedEXT" not found
10-31 09:11:51.568  1513  1513 D libEGL  : glReadBufferIndexedEXT missing: using gl_unimplemented
10-31 09:11:51.568  1513  1513 W         : eglGetProcAddress: "glReadBufferNV" not found
10-31 09:11:51.568  1513  1513 D libEGL  : glReadBufferNV missing: using gl_unimplemented
10-31 09:11:51.568  1513  1513 W         : eglGetProcAddress: "glReadnPixels" not found
10-31 09:11:51.568  1513  1513 D libEGL  : glReadnPixels missing: using gl_unimplemented
10-31 09:11:51.568  1513  1513 W         : eglGetProcAddress: "glReadnPixelsKHR" not found
10-31 09:11:51.568  1513  1513 D libEGL  : glReadnPixelsKHR missing: using gl_unimplemented
10-31 09:11:51.568  1513  1513 W         : eglGetProcAddress: "glRenderbufferStorageMultisampleANGLE" not found
10-31 09:11:51.568  1513  1513 D libEGL  : glRenderbufferStorageMultisampleANGLE missing: using gl_unimplemented
10-31 09:11:51.568  1513  1513 W         : eglGetProcAddress: "glRenderbufferStorageMultisampleAPPLE" not found
10-31 09:11:51.568  1513  1513 D libEGL  : glRenderbufferStorageMultisampleAPPLE missing: using gl_unimplemented
10-31 09:11:51.568  1513  1513 W         : eglGetProcAddress: "glRenderbufferStorageMultisampleEXT" not found
10-31 09:11:51.568  1513  1513 D libEGL  : glRenderbufferStorageMultisampleEXT missing: using gl_unimplemented
10-31 09:11:51.568  1513  1513 W         : eglGetProcAddress: "glRenderbufferStorageMultisampleNV" not found
10-31 09:11:51.568  1513  1513 D libEGL  : glRenderbufferStorageMultisampleNV missing: using gl_unimplemented
10-31 09:11:51.568  1513  1513 W         : eglGetProcAddress: "glResolveDepthValuesNV" not found
10-31 09:11:51.568  1513  1513 D libEGL  : glResolveDepthValuesNV missing: using gl_unimplemented
10-31 09:11:51.568  1513  1513 W         : eglGetProcAddress: "glResolveMultisampleFramebufferAPPLE" not found
10-31 09:11:51.569  1513  1513 D libEGL  : glResolveMultisampleFramebufferAPPLE missing: using gl_unimplemented
10-31 09:11:51.569  1513  1513 W         : eglGetProcAddress: "glSampleMaski" not found
10-31 09:11:51.569  1513  1513 D libEGL  : glSampleMaski missing: using gl_unimplemented
10-31 09:11:51.569  1513  1513 W         : eglGetProcAddress: "glSamplerParameterIiv" not found
10-31 09:11:51.569  1513  1513 D libEGL  : glSamplerParameterIiv missing: using gl_unimplemented
10-31 09:11:51.569  1513  1513 W         : eglGetProcAddress: "glSamplerParameterIivEXT" not found
10-31 09:11:51.569  1513  1513 D libEGL  : glSamplerParameterIivEXT missing: using gl_unimplemented
10-31 09:11:51.569  1513  1513 W         : eglGetProcAddress: "glSamplerParameterIivOES" not found
10-31 09:11:51.569  1513  1513 D libEGL  : glSamplerParameterIivOES missing: using gl_unimplemented
10-31 09:11:51.569  1513  1513 W         : eglGetProcAddress: "glSamplerParameterIuiv" not found
10-31 09:11:51.569  1513  1513 D libEGL  : glSamplerParameterIuiv missing: using gl_unimplemented
10-31 09:11:51.569  1513  1513 W         : eglGetProcAddress: "glSamplerParameterIuivEXT" not found
10-31 09:11:51.569  1513  1513 D libEGL  : glSamplerParameterIuivEXT missing: using gl_unimplemented
10-31 09:11:51.569  1513  1513 W         : eglGetProcAddress: "glSamplerParameterIuivOES" not found
10-31 09:11:51.569  1513  1513 D libEGL  : glSamplerParameterIuivOES missing: using gl_unimplemented
10-31 09:11:51.569  1513  1513 W         : eglGetProcAddress: "glScissorArrayvNV" not found
10-31 09:11:51.569  1513  1513 D libEGL  : glScissorArrayvNV missing: using gl_unimplemented
10-31 09:11:51.569  1513  1513 W         : eglGetProcAddress: "glScissorIndexedNV" not found
10-31 09:11:51.569  1513  1513 D libEGL  : glScissorIndexedNV missing: using gl_unimplemented
10-31 09:11:51.569  1513  1513 W         : eglGetProcAddress: "glScissorIndexedvNV" not found
10-31 09:11:51.569  1513  1513 D libEGL  : glScissorIndexedvNV missing: using gl_unimplemented
10-31 09:11:51.569  1513  1513 W         : eglGetProcAddress: "glStencilFillPathInstancedNV" not found
10-31 09:11:51.569  1513  1513 D libEGL  : glStencilFillPathInstancedNV missing: using gl_unimplemented
10-31 09:11:51.569  1513  1513 W         : eglGetProcAddress: "glStencilFillPathNV" not found
10-31 09:11:51.569  1513  1513 D libEGL  : glStencilFillPathNV missing: using gl_unimplemented
10-31 09:11:51.569  1513  1513 W         : eglGetProcAddress: "glStencilStrokePathInstancedNV" not found
10-31 09:11:51.569  1513  1513 D libEGL  : glStencilStrokePathInstancedNV missing: using gl_unimplemented
10-31 09:11:51.569  1513  1513 W         : eglGetProcAddress: "glStencilStrokePathNV" not found
10-31 09:11:51.569  1513  1513 D libEGL  : glStencilStrokePathNV missing: using gl_unimplemented
10-31 09:11:51.569  1513  1513 W         : eglGetProcAddress: "glStencilThenCoverFillPathInstancedNV" not found
10-31 09:11:51.569  1513  1513 D libEGL  : glStencilThenCoverFillPathInstancedNV missing: using gl_unimplemented
10-31 09:11:51.569  1513  1513 W         : eglGetProcAddress: "glStencilThenCoverFillPathNV" not found
10-31 09:11:51.569  1513  1513 D libEGL  : glStencilThenCoverFillPathNV missing: using gl_unimplemented
10-31 09:11:51.569  1513  1513 W         : eglGetProcAddress: "glStencilThenCoverStrokePathInstancedNV" not found
10-31 09:11:51.569  1513  1513 D libEGL  : glStencilThenCoverStrokePathInstancedNV missing: using gl_unimplemented
10-31 09:11:51.569  1513  1513 W         : eglGetProcAddress: "glStencilThenCoverStrokePathNV" not found
10-31 09:11:51.569  1513  1513 D libEGL  : glStencilThenCoverStrokePathNV missing: using gl_unimplemented
10-31 09:11:51.569  1513  1513 W         : eglGetProcAddress: "glSubpixelPrecisionBiasNV" not found
10-31 09:11:51.569  1513  1513 D libEGL  : glSubpixelPrecisionBiasNV missing: using gl_unimplemented
10-31 09:11:51.569  1513  1513 W         : eglGetProcAddress: "glTexBuffer" not found
10-31 09:11:51.569  1513  1513 D libEGL  : glTexBuffer missing: using gl_unimplemented
10-31 09:11:51.570  1513  1513 W         : eglGetProcAddress: "glTexBufferEXT" not found
10-31 09:11:51.570  1513  1513 D libEGL  : glTexBufferEXT missing: using gl_unimplemented
10-31 09:11:51.570  1513  1513 W         : eglGetProcAddress: "glTexBufferOES" not found
10-31 09:11:51.570  1513  1513 D libEGL  : glTexBufferOES missing: using gl_unimplemented
10-31 09:11:51.570  1513  1513 W         : eglGetProcAddress: "glTexBufferRange" not found
10-31 09:11:51.570  1513  1513 D libEGL  : glTexBufferRange missing: using gl_unimplemented
10-31 09:11:51.570  1513  1513 W         : eglGetProcAddress: "glTexBufferRangeEXT" not found
10-31 09:11:51.570  1513  1513 D libEGL  : glTexBufferRangeEXT missing: using gl_unimplemented
10-31 09:11:51.570  1513  1513 W         : eglGetProcAddress: "glTexBufferRangeOES" not found
10-31 09:11:51.570  1513  1513 D libEGL  : glTexBufferRangeOES missing: using gl_unimplemented
10-31 09:11:51.570  1513  1513 W         : eglGetProcAddress: "glTexPageCommitmentEXT" not found
10-31 09:11:51.570  1513  1513 D libEGL  : glTexPageCommitmentEXT missing: using gl_unimplemented
10-31 09:11:51.570  1513  1513 W         : eglGetProcAddress: "glTexParameterIiv" not found
10-31 09:11:51.570  1513  1513 D libEGL  : glTexParameterIiv missing: using gl_unimplemented
10-31 09:11:51.570  1513  1513 W         : eglGetProcAddress: "glTexParameterIivEXT" not found
10-31 09:11:51.570  1513  1513 D libEGL  : glTexParameterIivEXT missing: using gl_unimplemented
10-31 09:11:51.570  1513  1513 W         : eglGetProcAddress: "glTexParameterIivOES" not found
10-31 09:11:51.570  1513  1513 D libEGL  : glTexParameterIivOES missing: using gl_unimplemented
10-31 09:11:51.570  1513  1513 W         : eglGetProcAddress: "glTexParameterIuiv" not found
10-31 09:11:51.570  1513  1513 D libEGL  : glTexParameterIuiv missing: using gl_unimplemented
10-31 09:11:51.570  1513  1513 W         : eglGetProcAddress: "glTexParameterIuivEXT" not found
10-31 09:11:51.570  1513  1513 D libEGL  : glTexParameterIuivEXT missing: using gl_unimplemented
10-31 09:11:51.570  1513  1513 W         : eglGetProcAddress: "glTexParameterIuivOES" not found
10-31 09:11:51.570  1513  1513 D libEGL  : glTexParameterIuivOES missing: using gl_unimplemented
10-31 09:11:51.570  1513  1513 W         : eglGetProcAddress: "glTexStorage1DEXT" not found
10-31 09:11:51.570  1513  1513 D libEGL  : glTexStorage1DEXT missing: using gl_unimplemented
10-31 09:11:51.570  1513  1513 W         : eglGetProcAddress: "glTexStorage2DEXT" not found
10-31 09:11:51.570  1513  1513 D libEGL  : glTexStorage2DEXT missing: using gl_unimplemented
10-31 09:11:51.570  1513  1513 W         : eglGetProcAddress: "glTexStorage2DMultisample" not found
10-31 09:11:51.570  1513  1513 D libEGL  : glTexStorage2DMultisample missing: using gl_unimplemented
10-31 09:11:51.570  1513  1513 W         : eglGetProcAddress: "glTexStorage3DEXT" not found
10-31 09:11:51.570  1513  1513 D libEGL  : glTexStorage3DEXT missing: using gl_unimplemented
10-31 09:11:51.570  1513  1513 W         : eglGetProcAddress: "glTexStorage3DMultisample" not found
10-31 09:11:51.570  1513  1513 D libEGL  : glTexStorage3DMultisample missing: using gl_unimplemented
10-31 09:11:51.570  1513  1513 W         : eglGetProcAddress: "glTexStorage3DMultisampleOES" not found
10-31 09:11:51.570  1513  1513 D libEGL  : glTexStorage3DMultisampleOES missing: using gl_unimplemented
10-31 09:11:51.570  1513  1513 W         : eglGetProcAddress: "glTextureStorage1DEXT" not found
10-31 09:11:51.570  1513  1513 D libEGL  : glTextureStorage1DEXT missing: using gl_unimplemented
10-31 09:11:51.570  1513  1513 W         : eglGetProcAddress: "glTextureStorage2DEXT" not found
10-31 09:11:51.570  1513  1513 D libEGL  : glTextureStorage2DEXT missing: using gl_unimplemented
10-31 09:11:51.570  1513  1513 W         : eglGetProcAddress: "glTextureStorage3DEXT" not found
10-31 09:11:51.570  1513  1513 D libEGL  : glTextureStorage3DEXT missing: using gl_unimplemented
10-31 09:11:51.570  1513  1513 W         : eglGetProcAddress: "glTextureViewEXT" not found
10-31 09:11:51.570  1513  1513 D libEGL  : glTextureViewEXT missing: using gl_unimplemented
10-31 09:11:51.570  1513  1513 W         : eglGetProcAddress: "glTextureViewOES" not found
10-31 09:11:51.570  1513  1513 D libEGL  : glTextureViewOES missing: using gl_unimplemented
10-31 09:11:51.570  1513  1513 W         : eglGetProcAddress: "glTransformPathNV" not found
10-31 09:11:51.570  1513  1513 D libEGL  : glTransformPathNV missing: using gl_unimplemented
10-31 09:11:51.570  1513  1513 W         : eglGetProcAddress: "glUniformHandleui64NV" not found
10-31 09:11:51.570  1513  1513 D libEGL  : glUniformHandleui64NV missing: using gl_unimplemented
10-31 09:11:51.570  1513  1513 W         : eglGetProcAddress: "glUniformHandleui64vNV" not found
10-31 09:11:51.570  1513  1513 D libEGL  : glUniformHandleui64vNV missing: using gl_unimplemented
10-31 09:11:51.570  1513  1513 W         : eglGetProcAddress: "glUniformMatrix2x3fvNV" not found
10-31 09:11:51.570  1513  1513 D libEGL  : glUniformMatrix2x3fvNV missing: using gl_unimplemented
10-31 09:11:51.570  1513  1513 W         : eglGetProcAddress: "glUniformMatrix2x4fvNV" not found
10-31 09:11:51.570  1513  1513 D libEGL  : glUniformMatrix2x4fvNV missing: using gl_unimplemented
10-31 09:11:51.570  1513  1513 W         : eglGetProcAddress: "glUniformMatrix3x2fvNV" not found
10-31 09:11:51.570  1513  1513 D libEGL  : glUniformMatrix3x2fvNV missing: using gl_unimplemented
10-31 09:11:51.570  1513  1513 W         : eglGetProcAddress: "glUniformMatrix3x4fvNV" not found
10-31 09:11:51.570  1513  1513 D libEGL  : glUniformMatrix3x4fvNV missing: using gl_unimplemented
10-31 09:11:51.570  1513  1513 W         : eglGetProcAddress: "glUniformMatrix4x2fvNV" not found
10-31 09:11:51.570  1513  1513 D libEGL  : glUniformMatrix4x2fvNV missing: using gl_unimplemented
10-31 09:11:51.570  1513  1513 W         : eglGetProcAddress: "glUniformMatrix4x3fvNV" not found
10-31 09:11:51.570  1513  1513 D libEGL  : glUniformMatrix4x3fvNV missing: using gl_unimplemented
10-31 09:11:51.570  1513  1513 W         : eglGetProcAddress: "glUseProgramStages" not found
10-31 09:11:51.570  1513  1513 D libEGL  : glUseProgramStages missing: using gl_unimplemented
10-31 09:11:51.570  1513  1513 W         : eglGetProcAddress: "glUseProgramStagesEXT" not found
10-31 09:11:51.570  1513  1513 D libEGL  : glUseProgramStagesEXT missing: using gl_unimplemented
10-31 09:11:51.570  1513  1513 W         : eglGetProcAddress: "glValidateProgramPipeline" not found
10-31 09:11:51.570  1513  1513 D libEGL  : glValidateProgramPipeline missing: using gl_unimplemented
10-31 09:11:51.570  1513  1513 W         : eglGetProcAddress: "glValidateProgramPipelineEXT" not found
10-31 09:11:51.570  1513  1513 D libEGL  : glValidateProgramPipelineEXT missing: using gl_unimplemented
10-31 09:11:51.571  1513  1513 W         : eglGetProcAddress: "glVertexAttribBinding" not found
10-31 09:11:51.571  1513  1513 D libEGL  : glVertexAttribBinding missing: using gl_unimplemented
10-31 09:11:51.571  1513  1513 W         : eglGetProcAddress: "glVertexAttribDivisorANGLE" not found
10-31 09:11:51.571  1513  1513 D libEGL  : glVertexAttribDivisorANGLE missing: using gl_unimplemented
10-31 09:11:51.571  1513  1513 W         : eglGetProcAddress: "glVertexAttribDivisorEXT" not found
10-31 09:11:51.571  1513  1513 D libEGL  : glVertexAttribDivisorEXT missing: using gl_unimplemented
10-31 09:11:51.571  1513  1513 W         : eglGetProcAddress: "glVertexAttribDivisorNV" not found
10-31 09:11:51.571  1513  1513 D libEGL  : glVertexAttribDivisorNV missing: using gl_unimplemented
10-31 09:11:51.571  1513  1513 W         : eglGetProcAddress: "glVertexAttribFormat" not found
10-31 09:11:51.571  1513  1513 D libEGL  : glVertexAttribFormat missing: using gl_unimplemented
10-31 09:11:51.571  1513  1513 W         : eglGetProcAddress: "glVertexAttribIFormat" not found
10-31 09:11:51.571  1513  1513 D libEGL  : glVertexAttribIFormat missing: using gl_unimplemented
10-31 09:11:51.571  1513  1513 W         : eglGetProcAddress: "glVertexBindingDivisor" not found
10-31 09:11:51.571  1513  1513 D libEGL  : glVertexBindingDivisor missing: using gl_unimplemented
10-31 09:11:51.571  1513  1513 W         : eglGetProcAddress: "glViewportArrayvNV" not found
10-31 09:11:51.571  1513  1513 D libEGL  : glViewportArrayvNV missing: using gl_unimplemented
10-31 09:11:51.571  1513  1513 W         : eglGetProcAddress: "glViewportIndexedfNV" not found
10-31 09:11:51.571  1513  1513 D libEGL  : glViewportIndexedfNV missing: using gl_unimplemented
10-31 09:11:51.571  1513  1513 W         : eglGetProcAddress: "glViewportIndexedfvNV" not found
10-31 09:11:51.571  1513  1513 D libEGL  : glViewportIndexedfvNV missing: using gl_unimplemented
10-31 09:11:51.571  1513  1513 W         : eglGetProcAddress: "glWaitSyncAPPLE" not found
10-31 09:11:51.571  1513  1513 D libEGL  : glWaitSyncAPPLE missing: using gl_unimplemented
10-31 09:11:51.571  1513  1513 W         : eglGetProcAddress: "glWeightPathsNV" not found
10-31 09:11:51.571  1513  1513 D libEGL  : glWeightPathsNV missing: using gl_unimplemented
10-31 09:11:51.575  1513  1513 I Zygote  : Preloading shared libraries...
10-31 09:11:51.575  1508  1508 I art     : Explicit concurrent mark sweep GC freed 56902(6MB) AllocSpace objects, 134(2MB) LOS objects, 39% free, 3MB/5MB, paused 164us total 7.921ms
10-31 09:11:51.576  1508  1508 I art     : Starting a blocking GC Explicit
10-31 09:11:51.579  1508  1508 I art     : Explicit concurrent mark sweep GC freed 4895(184KB) AllocSpace objects, 0(0B) LOS objects, 40% free, 3MB/5MB, paused 74us total 2.436ms
10-31 09:11:51.580  1513  1513 I Zygote  : Uninstalled ICU cache reference pinning...
10-31 09:11:51.581  1513  1513 I Zygote  : Installed AndroidKeyStoreProvider in 1ms.
10-31 09:11:51.583  1513  1513 I Zygote  : Warmed up JCA providers in 3ms.
10-31 09:11:51.583  1513  1513 D Zygote  : end preload
10-31 09:11:51.583  1513  1513 I art     : Starting a blocking GC Explicit
10-31 09:11:51.592  1513  1513 I art     : Explicit concurrent mark sweep GC freed 56769(6MB) AllocSpace objects, 134(2MB) LOS objects, 40% free, 3MB/5MB, paused 101us total 8.191ms
10-31 09:11:51.592  1513  1513 I art     : Starting a blocking GC Explicit
10-31 09:11:51.595  1513  1513 I art     : Explicit concurrent mark sweep GC freed 4895(184KB) AllocSpace objects, 0(0B) LOS objects, 39% free, 2MB/4MB, paused 78us total 2.709ms
10-31 09:11:51.607  1536  1536 V NatController: runCmd(/system/bin/iptables -w -F natctrl_FORWARD) res=0
10-31 09:11:51.609  1536  1536 V NatController: runCmd(/system/bin/ip6tables -w -F natctrl_FORWARD) res=0
10-31 09:11:51.611  1536  1536 V NatController: runCmd(/system/bin/iptables -w -A natctrl_FORWARD -j DROP) res=0
10-31 09:11:51.612  1508  1637 I art     : Starting a blocking GC HeapTrim
10-31 09:11:51.612  1536  1536 V NatController: runCmd(/system/bin/iptables -w -t nat -F natctrl_nat_POSTROUTING) res=0
10-31 09:11:51.613  1508  1508 I art     : Starting a blocking GC Background
10-31 09:11:51.614  1536  1536 V NatController: runCmd(/system/bin/ip6tables -w -t raw -F natctrl_raw_PREROUTING) res=0
10-31 09:11:51.616  1536  1536 V NatController: runCmd(/system/bin/iptables -w -F natctrl_tether_counters) res=1
10-31 09:11:51.618  1536  1536 V NatController: runCmd(/system/bin/ip6tables -w -F natctrl_tether_counters) res=1
10-31 09:11:51.622  1536  1536 V NatController: runCmd(/system/bin/iptables -w -X natctrl_tether_counters) res=1
10-31 09:11:51.623  1508  1508 I Zygote  : System server process 1777 has been created
10-31 09:11:51.624  1536  1536 V NatController: runCmd(/system/bin/ip6tables -w -X natctrl_tether_counters) res=1
10-31 09:11:51.625  1508  1508 I Zygote  : Accepting command socket connections
10-31 09:11:51.627  1536  1536 V NatController: runCmd(/system/bin/iptables -w -N natctrl_tether_counters) res=0
10-31 09:11:51.629  1536  1536 V NatController: runCmd(/system/bin/ip6tables -w -N natctrl_tether_counters) res=0
10-31 09:11:51.631  1536  1536 V NatController: runCmd(/system/bin/iptables -w -t mangle -A natctrl_mangle_FORWARD -p tcp --tcp-flags SYN SYN -j TCPMSS --clamp-mss-to-pmtu) res=0
10-31 09:11:51.631  1513  1513 I Zygote  : Accepting command socket connections
10-31 09:11:51.639  1777  1777 I chatty  : uid=1000 system_server expire 461 lines
10-31 09:11:51.639  1777  1777 I InstallerConnection: connecting...
10-31 09:11:51.640  1522  1522 I         : new connection
10-31 09:11:51.643  1777  1777 I InstallerConnection: disconnecting...
10-31 09:11:51.643  1522  1522 E         : eof
10-31 09:11:51.643  1522  1522 E         : failed to read size
10-31 09:11:51.643  1522  1522 I         : closing connection
10-31 09:11:51.650  1536  1536 E Netd    : /system/bin/iptables-restore failed with res=0, status=256
10-31 09:11:51.652  1777  1777 I SystemServer: Entered the Android system server!
10-31 09:11:51.654  1536  1536 E Netd    : /system/bin/ip6tables-restore failed with res=0, status=256
10-31 09:11:51.664  1803  1803 E ProbeModule: insmod_by_dep: cannot load module: [netdev-dummy0]
10-31 09:11:51.668  1804  1804 E ProbeModule: insmod_by_dep: cannot load module: [dummy0]
10-31 09:11:51.668  1536  1536 E Netd    : cannot find interface dummy0
10-31 09:11:51.670  1807  1807 E ProbeModule: insmod_by_dep: cannot load module: [net-pf-16-proto-5]
10-31 09:11:51.670  1536  1536 E Netd    : Unable to create netlink socket: Protocol not supported
10-31 09:11:51.670  1536  1536 W Netd    : Unable to open qlog quota socket, check if xt_quota2 can send via UeventHandler
10-31 09:11:51.670  1536  1536 D MDnsDS  : MDnsSdListener::Hander starting up
10-31 09:11:51.670  1536  1810 D MDnsDS  : MDnsSdListener starting to monitor
10-31 09:11:51.670  1536  1810 D MDnsDS  : Going to poll with pollCount 1
10-31 09:11:51.677  1777  1777 I SystemServiceManager: Starting com.android.server.pm.Installer
10-31 09:11:51.679  1777  1777 I Installer: Waiting for installd to be ready.
10-31 09:11:51.679  1777  1777 I InstallerConnection: connecting...
10-31 09:11:51.680  1519  1519 D CameraHardware: CameraHardware::setPreviewWindow: preview_stream_ops: 0xec043150
10-31 09:11:51.680  1519  1519 D CameraHardware: CameraHardware::stopPreview
10-31 09:11:51.680  1519  1519 D CameraHardware: CameraHardware::stopPreviewLocked
10-31 09:11:51.680  1519  1519 D CameraHardware: CameraHardware::stopPreviewLocked: OK
10-31 09:11:51.680  1522  1522 I         : new connection
10-31 09:11:51.680  1519  1519 D CameraHardware: CameraHardware::setPreviewWindow: preview_stream_ops: 0x0
10-31 09:11:51.680  1519  1519 D CameraHardware: CameraHardware::releaseCamera
10-31 09:11:51.680  1519  1519 I CameraFlashlight: Destroying camera 0
10-31 09:11:51.680  1519  1519 D CameraHardware: CameraHardware::closeCamera
10-31 09:11:51.680  1519  1519 D CameraHardware: CameraHardware::releaseCamera
10-31 09:11:51.680  1519  1519 I CameraFlashlight: Opening camera 1
10-31 09:11:51.680  1519  1519 D Camera_Factory: CameraFactory::get_camera_info
10-31 09:11:51.680  1519  1519 D Camera_Factory: CameraFactory::getCameraInfo: id = 1, info = 0xfffc3ef8
10-31 09:11:51.680  1519  1519 D Camera_Factory: CameraFactory::getCameraNum: 2
10-31 09:11:51.680  1519  1519 D CameraHardware: CameraHardware::getCameraInfo
10-31 09:11:51.680  1777  1777 I SystemServiceManager: Starting com.android.server.am.ActivityManagerService$Lifecycle
10-31 09:11:51.680  1519  1519 W BstUtilsManager: Waited too long for bstutils service, giving up
10-31 09:11:51.680  1519  1519 W BstFilterAppsManager: Waited too long for bstfilterapps service, giving up
10-31 09:11:51.680  1519  1519 D Camera_Factory: CameraFactory::device_open: name = 1
10-31 09:11:51.680  1519  1519 D Camera_Factory: CameraFactory::cameraDeviceOpen: id = 1
10-31 09:11:51.680  1519  1519 D Camera_Factory: CameraFactory::getCameraNum: 2
10-31 09:11:51.680  1519  1519 D CameraHardware: CameraHardware::PowerOn: Power ON camera.
10-31 09:11:51.680  1519  1519 D CameraHardware: CameraHardware::PowerOn: no power_file set
10-31 09:11:51.680  1519  1519 D CameraHardware: CameraHardware::initDefaultParameters
10-31 09:11:51.680  1519  1519 D CameraHardware: CameraHardware::setParameters(antibanding=50hz;antibanding-values=50hz,60hz;exposure-compensation=6;exposure-compensation-step=0.5;focal-length=4;focus-mode=auto;focus-mode-values=auto;horizontal-view-angle=90;jpeg-quality=100;jpeg-thumbnail-height=160;jpeg-thumbnail-quality=90;jpeg-thumbnail-size-values=640x480,0x0;jpeg-thumbnail-width=180;picture-format=jpeg;picture-format-values=jpeg;picture-size=640x480;picture-size-values=640x480;preferred-preview-size-for-video=640x480;preview-format=yuv420sp;preview-format-values=yuv420sp;preview-fps-range-values=(5,15),(10,20),(15,25),(20,30),(25,35);preview-frame-rate=30;preview-frame-rate-values=10,15,20,25,30;preview-size=640x480;preview-size-values=640x480,320x240;vertical-view-angle=90;video-frame-format=yuv420p;video-size=640x480;video-size-values=640x480,320x240)
10-31 09:11:51.680  1519  1519 W BstUtilsManager: Waited too long for bstutils service, giving up
10-31 09:11:51.680  1519  1519 W BstFilterAppsManager: Waited too long for bstfilterapps service, giving up
10-31 09:11:51.680  1519  1519 D CameraHardware: CameraHardware: pname is , rotationAngle 0
10-31 09:11:51.680  1519  1519 D CameraHardware: CameraHardware::setParameters: PREVIEW: Size 640x480, 30 fps, format: yuv420sp
10-31 09:11:51.680  1519  1519 D CameraHardware: CameraHardware::setParameters: PICTURE: Size 640x480, format: jpeg
10-31 09:11:51.680  1519  1519 D CameraHardware: CameraHardware::setParameters: VIDEO: Size 640x480, format: yuv420p
10-31 09:11:51.680  1519  1519 D CameraHardware: CameraHardware::setParameters: preferred VIDEO: Size 640x480, format: yuv420p
10-31 09:11:51.680  1519  1519 D CameraHardware: CameraHardware::initHeapLocked
10-31 09:11:51.680  1519  1519 E CameraHardware: No memory allocator available
10-31 09:11:51.680  1519  1519 D CameraHardware: CameraHardware::setParameters: OK
10-31 09:11:51.680  1519  1519 D CameraHardware: CameraHardware::connectCamera
10-31 09:11:51.680  1519  1519 D CameraHardware: CameraHardware::setCallbacks
10-31 09:11:51.680  1519  1519 D CameraHardware: CameraHardware::getParameters
10-31 09:11:51.680  1519  1519 D CameraHardware: CameraHardware::putParameters
10-31 09:11:51.680  1519  1519 D CameraHardware: CameraHardware::setPreviewWindow: preview_stream_ops: 0xec043150
10-31 09:11:51.680  1519  1519 D CameraHardware: CameraHardware::stopPreview
10-31 09:11:51.680  1519  1519 D CameraHardware: CameraHardware::stopPreviewLocked
10-31 09:11:51.680  1519  1519 D CameraHardware: CameraHardware::stopPreviewLocked: OK
10-31 09:11:51.680  1519  1519 D CameraHardware: CameraHardware::setPreviewWindow: preview_stream_ops: 0x0
10-31 09:11:51.680  1519  1519 D CameraHardware: CameraHardware::releaseCamera
10-31 09:11:51.680  1519  1519 I CameraFlashlight: Destroying camera 1
10-31 09:11:51.680  1519  1519 D CameraHardware: CameraHardware::closeCamera
10-31 09:11:51.680  1519  1519 D CameraHardware: CameraHardware::releaseCamera
10-31 09:11:51.680  1519  1519 D Camera_Factory: CameraFactory::get_camera_info
10-31 09:11:51.680  1519  1519 D Camera_Factory: CameraFactory::getCameraInfo: id = 0, info = 0xfffc4120
10-31 09:11:51.680  1519  1519 D Camera_Factory: CameraFactory::getCameraNum: 2
10-31 09:11:51.680  1519  1519 D CameraHardware: CameraHardware::getCameraInfo
10-31 09:11:51.680  1519  1519 W BstUtilsManager: Waited too long for bstutils service, giving up
10-31 09:11:51.680  1519  1519 W BstFilterAppsManager: Waited too long for bstfilterapps service, giving up
10-31 09:11:51.680  1519  1519 D Camera_Factory: CameraFactory::get_camera_info
10-31 09:11:51.680  1519  1519 D Camera_Factory: CameraFactory::getCameraInfo: id = 1, info = 0xfffc4120
10-31 09:11:51.680  1519  1519 D Camera_Factory: CameraFactory::getCameraNum: 2
10-31 09:11:51.680  1519  1519 D CameraHardware: CameraHardware::getCameraInfo
10-31 09:11:51.680  1519  1519 W BstUtilsManager: Waited too long for bstutils service, giving up
10-31 09:11:51.680  1519  1519 W BstFilterAppsManager: Waited too long for bstfilterapps service, giving up
10-31 09:11:51.680  1519  1519 I ServiceManager: Waiting for service media.camera.proxy...
10-31 09:11:51.692  1777  1777 I ActivityManager: Memory class: 256
10-31 09:11:51.699  1777  1777 D BatteryStatsImpl: Reading daily items from /data/system/batterystats-daily.xml
10-31 09:11:51.724  1777  1777 I IntentFirewall: Read new rules (A:0 B:0 S:0)
10-31 09:11:51.727  1777  1777 D AppOps  : AppOpsService published
10-31 09:11:51.727  1777  1777 I SystemServiceManager: Starting com.android.server.power.PowerManagerService
10-31 09:11:51.733  1777  1777 I SystemServer: BlueStacks FilterApps Service
10-31 09:11:51.735  1777  1832 D BstFilterAppsService: Trying to initialize whitelist and other custom AppLists
10-31 09:11:51.736  1777  1832 D BstFilterAppsService: reading file: /data/downloads/whitelist.db
10-31 09:11:51.736  1777  1832 D BstFilterAppsService: reading file: /data/downloads/.wl_user.db
10-31 09:11:51.737  1777  1777 I SystemServer: BlueStacks Utils Service
10-31 09:11:51.739  1777  1777 D BstUtilsService: Setting bstutils context here, context = android.app.ContextImpl@b905df6
10-31 09:11:51.740  1777  1777 I SystemServer: Bluestacks HostCall Services
10-31 09:11:51.746  1777  1777 I SystemServiceManager: Starting com.android.server.lights.LightsService
10-31 09:11:51.754  1777  1777 I SystemServiceManager: Starting com.android.server.display.DisplayManagerService
10-31 09:11:51.758  1777  1777 I SystemServiceManager: Starting phase 100
10-31 09:11:51.760  1777  1824 I DisplayManagerService: Display device added: DisplayDeviceInfo{"内蔵スクリーン": uniqueId="local:0", 1600 x 900, modeId 1, defaultModeId 1, supportedModes [{id=1, width=1600, height=900, fps=60.0}], colorMode 0, supportedColorModes [0], HdrCapabilities android.view.Display$HdrCapabilities@a69d6308, density 240, 240.0 x 240.0 dpi, appVsyncOff 1000000, presDeadline 16666666, touch INTERNAL, rotation 0, type BUILT_IN, state UNKNOWN, FLAG_DEFAULT_DISPLAY, FLAG_ROTATES_WITH_CONTENT, FLAG_SECURE, FLAG_SUPPORTS_PROTECTED_BUFFERS}
10-31 09:11:51.760  1777  1824 I DisplayManagerService: Display device changed state: "内蔵スクリーン", ON
10-31 09:11:51.760  1777  1777 I SystemServer: StartPackageManagerService
10-31 09:11:51.780  1777  1777 W SystemConfig: No directory /system/etc/sysconfig, skipping
10-31 09:11:51.833  1777  1777 D SELinuxMMAC: Using policy file /system/etc/security/mac_permissions.xml
10-31 09:11:51.870  1777  1777 W PackageManager: Library not found: /system/framework/camera2.jar
10-31 09:11:51.873  1777  1777 W PackageManager: Library not found: /system/framework/org.apache.http.legacy.jar
10-31 09:11:51.879  1777  1777 W PackageManager: Library not found: /system/framework/camera2.jar
10-31 09:11:51.882  1777  1777 W PackageManager: Library not found: /system/framework/org.apache.http.legacy.jar
10-31 09:11:51.893  1777  1777 W PackageManager: Failed to parse /system/framework/x86: Missing base APK in /system/framework/x86
10-31 09:11:51.893  1777  1777 W PackageManager: Failed to parse /system/framework/oat: Missing base APK in /system/framework/oat
10-31 09:11:51.893  1777  1777 W PackageManager: Failed to parse /system/framework/x86_64: Missing base APK in /system/framework/x86_64
10-31 09:11:51.894  1777  1777 W PackageManager: Unrecognized code path /data/priv-downloads/com.google.android.ext.services/com.google.android.ext.services.apk - using /data
10-31 09:11:51.895  1777  1777 W PackageManager: Unrecognized code path /data/priv-downloads/com.google.android.backuptransport/com.google.android.backuptransport.apk - using /data
10-31 09:11:51.901  1777  1777 W PackageManager: Unrecognized code path /data/priv-downloads/com.google.android.gsf.login/com.google.android.gsf.login.apk - using /data
10-31 09:11:51.902  1777  1777 W PackageParser: Unknown element under <manifest>: uses-library at /data/priv-downloads/com.google.android.feedback/com.google.android.feedback.apk Binary XML file line #33
10-31 09:11:51.902  1777  1777 W PackageManager: Unrecognized code path /data/priv-downloads/com.google.android.feedback/com.google.android.feedback.apk - using /data
10-31 09:11:51.906  1777  1777 W PackageParser: Ignoring duplicate uses-permissions/uses-permissions-sdk-m: com.google.android.providers.gsf.permission.READ_GSERVICES in package: com.google.android.partnersetup at: Binary XML file line #32
10-31 09:11:51.906  1777  1777 W PackageManager: Unrecognized code path /data/priv-downloads/com.google.android.partnersetup/com.google.android.partnersetup.apk - using /data
10-31 09:11:51.908  1777  1777 W PackageManager: Unrecognized code path /data/priv-downloads/com.google.android.configupdater/com.google.android.configupdater.apk - using /data
10-31 09:11:51.909  1777  1777 W PackageManager: Unrecognized code path /data/priv-downloads/Provision-Nougat/Provision-Nougat.apk - using /data
