--------- beginning of system
10-31 09:11:50.239  1452  1452 I vold    : Vold 3.0 (the awakening) firing up
10-31 09:11:51.639  1777  1777 I chatty  : uid=1000 system_server expire 929 lines
10-31 09:11:51.735  1777  1832 I chatty  : uid=1000 system_server expire 3 lines
10-31 09:11:51.760  1777  1824 I chatty  : uid=1000(system) android.display expire 13 lines
10-31 09:11:52.714  1777  1820 I chatty  : uid=1000(system) batterystats-sy expire 5 lines
10-31 09:11:52.719  1777  1817 I chatty  : uid=1000(system) ActivityManager expire 59 lines
10-31 09:11:52.791  1777  1816 I chatty  : uid=1000(system) android.bg expire 12 lines
10-31 09:11:52.808  1777  1845 I chatty  : uid=1000(system) MountService expire 174 lines
10-31 09:11:52.808  1777  1847 I chatty  : uid=1000(system) CryptdConnector expire 3 lines
10-31 09:11:52.809  1777  1846 I chatty  : uid=1000(system) VoldConnector expire 15 lines
10-31 09:11:52.830  1777  1848 I chatty  : uid=1000(system) NetdConnector expire 1 line
10-31 09:11:52.834  1777  1843 I chatty  : uid=1000(system) InputDispatcher expire 4 lines
10-31 09:11:53.170  1777  1859 I chatty  : uid=1000(system) ConnectivitySer expire 18 lines
10-31 09:11:53.178  1777  1874 I chatty  : uid=1000 system_server expire 1 line
10-31 09:11:53.184  1777  1826 I chatty  : uid=1000(system) PowerManagerSer expire 2 lines
10-31 09:11:53.204  1777  1818 I chatty  : uid=1000(system) android.ui expire 8 lines
10-31 09:11:53.293  1777  1822 I chatty  : uid=1000(system) android.fg expire 1 line
10-31 09:11:53.307  1777  1866 I chatty  : uid=1000(system) AudioService expire 1 line
10-31 09:11:55.367  1777  1865 I chatty  : uid=1000(system) onProviders.ECP expire 4 lines
10-31 09:11:55.373  1777  2064 I chatty  : uid=1000(system) Binder:1777_6 expire 9 lines
10-31 09:11:55.387  1777  1834 I chatty  : uid=1000(system) PackageManager expire 1 line
10-31 09:11:55.533  1777  1917 I chatty  : uid=1000(system) Binder:1777_3 expire 9 lines
10-31 09:11:55.534  1777  1823 I chatty  : uid=1000(system) android.io expire 1 line
10-31 09:11:55.574  1777  2277 I chatty  : uid=1000(system) backup expire 2 lines
10-31 09:11:55.579  2038  2038 W SystemConfig: No directory /system/etc/sysconfig, skipping
10-31 09:11:55.599  1777  1799 I chatty  : uid=1000(system) Binder:1777_2 expire 22 lines
10-31 09:11:55.623  1777  2299 I chatty  : uid=1000 system_server expire 1 line
10-31 09:11:55.675  1777  2188 I chatty  : uid=1000(system) Binder:1777_8 expire 15 lines
10-31 09:11:55.701  1777  2043 I chatty  : uid=1000(system) Binder:1777_4 expire 17 lines
10-31 09:11:55.730  2038  2038 D MccTable: updateMccMncConfiguration mccmnc='null' fromServiceState=true
10-31 09:11:55.730  2038  2038 D MccTable: WIFI_COUNTRY_CODE set to 
10-31 09:11:56.255  1777  1852 I chatty  : uid=1000(system) WifiService expire 1 line
10-31 09:11:56.381  1918  1918 V FingerprintManager: FingerprintManagerService was null
10-31 09:11:56.386  1902  2155 E ActivityThread: Failed to find provider info for user_dictionary
10-31 09:11:56.527  1777  2050 I chatty  : uid=1000(system) Binder:1777_5 expire 6 lines
10-31 09:11:56.754  1777  2341 I chatty  : uid=1000(system) Binder:1777_9 expire 15 lines
10-31 09:11:57.144  2519  2626 I chatty  : uid=10001(com.google.android.gms) expire 2 lines
10-31 09:11:57.296  2519  2666 I chatty  : uid=10001(com.google.android.gms) expire 7 lines
10-31 09:11:57.485  1777  2758 I chatty  : uid=1000 system_server expire 2 lines
--------- beginning of main
10-31 09:11:57.591  2021  2021 D BstCommandProcessor-CommandHandler: packageName: com.android.gallery3d, is a system app
10-31 09:11:57.591  2021  2021 D BstCommandProcessor-CommandHandler: packageName: com.google.android.gms, is a system app
10-31 09:11:57.591  2021  2021 D BstCommandProcessor-CommandHandler: packageName: com.google.android.gsf, is a system app
10-31 09:11:57.591  2021  2021 D BstCommandProcessor-CommandHandler: packageName: com.google.android.partnersetup, is a system app
10-31 09:11:57.591  2021  2021 D BstCommandProcessor-CommandHandler: packageName: com.android.packageinstaller, is a system app
10-31 09:11:57.591  2021  2021 D BstCommandProcessor-CommandHandler: packageName: com.svox.pico, is a system app
10-31 09:11:57.591  2021  2021 D BstCommandProcessor-CommandHandler: packageName: com.android.proxyhandler, is a system app
10-31 09:11:57.591  2021  2021 D BstCommandProcessor-CommandHandler: packageName: com.bluestacks.appmart, is a system app
10-31 09:11:57.591  2021  2021 D BstCommandProcessor-CommandHandler: packageName: com.android.inputmethod.latin, is a system app
10-31 09:11:57.591  2021  2021 D BstCommandProcessor-CommandHandler: packageName: com.google.android.feedback, is a system app
10-31 09:11:57.591  2021  2021 D BstCommandProcessor-CommandHandler: packageName: com.google.android.syncadapters.calendar, is a system app
10-31 09:11:57.591  2021  2021 D BstCommandProcessor-CommandHandler: packageName: com.google.android.gsf.login, is a system app
10-31 09:11:57.591  2021  2021 D BstCommandProcessor-CommandHandler: packageName: com.bluestacks.home, is a system app
10-31 09:11:57.591  2021  2021 D BstCommandProcessor-CommandHandler: packageName: com.android.wallpaper.livepicker, is a system app
10-31 09:11:57.591  2021  2021 D BstCommandProcessor-CommandHandler: packageName: com.bluestacks.gamecenter, is a system app
10-31 09:11:57.591  2021  2021 D BstCommandProcessor-CommandHandler: packageName: com.google.android.backuptransport, is a system app
10-31 09:11:57.591  2021  2021 D BstCommandProcessor-CommandHandler: packageName: com.android.storagemanager, is a system app
10-31 09:11:57.591  2021  2021 D BstCommandProcessor-CommandHandler: packageName: com.android.bookmarkprovider, is a system app
10-31 09:11:57.591  2021  2021 D BstCommandProcessor-CommandHandler: packageName: com.android.settings, is a system app
10-31 09:11:57.591  2021  2021 D BstCommandProcessor-CommandHandler: packageName: com.android.calculator2, is a system app
10-31 09:11:57.592  1777  1872 D Ethernet: got request NetworkRequest [ TRACK_DEFAULT id=6, [ Capabilities: INTERNET&NOT_RESTRICTED&TRUSTED&NOT_VPN] ] with score 70
10-31 09:11:57.592  1777  1853 D WIFI_UT : got request NetworkRequest [ TRACK_DEFAULT id=6, [ Capabilities: INTERNET&NOT_RESTRICTED&TRUSTED&NOT_VPN] ] with score 70
10-31 09:11:57.592  1777  1853 D WIFI    : got request NetworkRequest [ TRACK_DEFAULT id=6, [ Capabilities: INTERNET&NOT_RESTRICTED&TRUSTED&NOT_VPN] ] with score 70
10-31 09:11:57.592  2021  2021 D BstCommandProcessor-CommandHandler: packageName: com.android.vpndialogs, is a system app
10-31 09:11:57.592  2021  2021 D BstCommandProcessor-CommandHandler: packageName: com.android.phone, is a system app
10-31 09:11:57.592  2021  2021 D BstCommandProcessor-CommandHandler: packageName: com.android.shell, is a system app
10-31 09:11:57.592  2021  2021 D BstCommandProcessor-CommandHandler: packageName: com.android.providers.blockednumber, is a system app
10-31 09:11:57.592  2021  2021 D BstCommandProcessor-CommandHandler: packageName: com.android.providers.userdictionary, is a system app
10-31 09:11:57.592  2021  2021 D BstCommandProcessor-CommandHandler: packageName: com.android.location.fused, is a system app
10-31 09:11:57.592  2021  2021 D BstCommandProcessor-CommandHandler: packageName: com.android.deskclock, is a system app
10-31 09:11:57.592  2021  2021 D BstCommandProcessor-CommandHandler: packageName: com.android.systemui, is a system app
10-31 09:11:57.592  2021  2021 D BstCommandProcessor-CommandHandler: packageName: com.google.android.gms.setup, is a system app
10-31 09:11:57.592  2021  2021 D BstCommandProcessor-CommandHandler: packageName: com.google.android.play.games, is a system app
10-31 09:11:57.594  2021  2021 D BstCommandProcessor-CommandHandler: packageName: com.android.wallpaperpicker, is a system app
10-31 09:11:57.594  2021  2021 D BstCommandProcessor-CommandHandler: packageName: com.android.providers.contacts, is a system app
10-31 09:11:57.594  2021  2021 D BstCommandProcessor-CommandHandler: packageName: com.android.captiveportallogin, is a system app
10-31 09:11:57.594  1777  1833 I HCALL   : hcallSyncInstalledAppsRpc({"apps":[{"package":"com.alphainventor.filemanager","activity":"com.alphainventor.filemanager.activity.MainActivity","appLabel":"ファイルマネージャー +","versionCode":2100271,"versionName":"2.7.1"},{"package":"jp.co.cygames.Shadowverse","activity":"jp.co.cygames.Shadowverse.MainActivity","appLabel":"Shadowverse","versionCode":151,"versionName":"3.4.20"},{"package":"jp.co.sony.minchalle","activity":"jp.co.sony.minchalle.activity.LaunchActivity","appLabel":"みんチャレ","versionCode":160800,"versionName":"16.8.0"},{"package":"org.kivy.pygame","activity":"org.renpy.android.ProjectChooser","appLabel":"Kivy Launcher","versionCode":1090101,"versionName":"1.9.1.1"},{"package":"jp.sally_inc.uzu","activity":"jp.sally_inc.uzu.MainActivity","appLabel":"ウズ","versionCode":443,"versionName":"1.5.58"},{"package":"jp.magicapp.test.magicapp_test","activity":"org.kivy.android.PythonActivity","appLabel":"MagicSquare","versionCode":7211,"versionName":"0.1"}]})
10-31 09:11:57.605  1777  2066 I chatty  : uid=1000(system) Binder:1777_7 expire 2 lines
10-31 09:11:57.610  1777  1816 D SyncManager: failed sync operation JobId: 103641, kanikun153@gmail.com u0 (com.google), com.google.android.gms.auth.accountstate, POLL, reason: UserStart, SyncResult: syncAlreadyInProgress: true stats []
10-31 09:11:57.640  1777  1816 D SyncManager: failed sync operation JobId: 108807, amanohikari142857@gmail.com u0 (com.google), com.google.android.gms.auth.confirm, POLL, reason: UserStart, SyncResult: syncAlreadyInProgress: true stats []
10-31 09:11:57.664  1777  1917 D GraphicsStats: Buffer count: 2
10-31 09:11:57.664  1777  2574 I chatty  : uid=1000(system) Binder:1777_B expire 24 lines
10-31 09:11:58.324  1777  1853 D WifiNative-HAL: Failing getSupportedFeatureset because HAL isn't started
10-31 09:11:58.326  1777  1853 D WifiNative-HAL: Failing getSupportedFeatureset because HAL isn't started
10-31 09:11:58.734  1777  1798 I chatty  : uid=1000(system) Binder:1777_1 expire 9 lines
10-31 09:11:58.801  1777  2829 I chatty  : uid=1000(system) Binder:1777_C expire 17 lines
10-31 09:11:58.883  1777  3199 I chatty  : uid=1000(system) Binder:1777_D expire 11 lines
10-31 09:11:59.893  1536  2736 W SocketClient: write error (Broken pipe)
10-31 09:11:59.893  1536  2966 W SocketClient: write error (Broken pipe)
10-31 09:11:59.893  1536  3005 W SocketClient: write error (Broken pipe)
10-31 09:11:59.893  1536  2968 W SocketClient: write error (Broken pipe)
10-31 09:11:59.893  1777  1886 D NetworkMonitor/NetworkAgentInfo [WIFI () - 100]: PROBE_DNS OK 5018ms, connectivitycheck.gstatic.com=172.217.175.3
10-31 09:11:59.906  1777  1886 D NetworkMonitor/NetworkAgentInfo [WIFI () - 100]: PROBE_HTTP http://connectivitycheck.gstatic.com/generate_204 time=12ms ret=204 headers={null=[HTTP/1.1 204 No Content], Content-Length=[0], Date=[Sun, 31 Oct 2021 00:12:01 GMT], X-Android-Received-Millis=[1635639119906], X-Android-Response-Source=[NETWORK 204], X-Android-Selected-Protocol=[http/1.1], X-Android-Sent-Millis=[1635639119901]}
10-31 09:11:59.943  1777  3218 I chatty  : uid=1000(system) Binder:1777_E expire 1 line
10-31 09:12:00.545  1777  1853 D WifiNative-HAL: Failing getSupportedFeatureset because HAL isn't started
10-31 09:12:00.559  3514  3514 W art     : Unexpected CPU variant for X86 using defaults: x86_64
10-31 09:12:00.650  1777  2066 D Sensor  : bstsensor_activate, handle 0 enabled 1
10-31 09:12:00.650  1777  2066 D Sensor  : bstsensor_setDelay, handle 0, delay ms 200
10-31 09:12:00.660  1777  2050 D Sensor  : bstsensor_activate, handle 1 enabled 1
10-31 09:12:00.660  1777  2050 D Sensor  : bstsensor_setDelay, handle 1, delay ms 200
10-31 09:12:00.665  1777  2341 D Sensor  : bstsensor_activate, handle 0 enabled 0
10-31 09:12:00.666  1777  3519 D Sensor  : bstsensor_activate, handle 1 enabled 0
10-31 09:12:00.821  3514  3514 D TelephonyManager: creating subscriptionInfo Record, context : android.app.Application@3f4731b
10-31 09:12:00.830  1777  3519 I chatty  : uid=1000(system) Binder:1777_11 expire 4 lines
10-31 09:12:01.065  1777  1816 D SyncManager: failed sync operation JobId: 108720, amanohikari142857@gmail.com u0 (com.google), com.google.android.gms.chromesync, USER, EXPEDITED, reason: 10001, SyncResult: syncAlreadyInProgress: true stats []
10-31 09:12:01.387  3582  3582 I chatty  : uid=10001 com.google.android.gms.unstable expire 4 lines
10-31 09:12:01.601  1777  1853 D WIFI_UT : got request NetworkRequest [ TRACK_DEFAULT id=13, [ Capabilities: INTERNET&NOT_RESTRICTED&TRUSTED&NOT_VPN] ] with score 70
10-31 09:12:01.601  1777  1872 D Ethernet: got request NetworkRequest [ TRACK_DEFAULT id=13, [ Capabilities: INTERNET&NOT_RESTRICTED&TRUSTED&NOT_VPN] ] with score 70
10-31 09:12:01.601  1777  1853 D WIFI    : got request NetworkRequest [ TRACK_DEFAULT id=13, [ Capabilities: INTERNET&NOT_RESTRICTED&TRUSTED&NOT_VPN] ] with score 70
10-31 09:12:01.661  1777  3444 I chatty  : uid=1000(system) Binder:1777_F expire 12 lines
10-31 09:12:02.599  3758  3758 I chatty  : uid=10001 com.google.android.gms.unstable expire 4 lines
10-31 09:12:03.799  3795  3795 I chatty  : uid=10001 com.google.android.gms.unstable expire 4 lines
10-31 09:12:04.976  3827  3827 I chatty  : uid=10001 com.google.android.gms.unstable expire 4 lines
10-31 09:12:05.651  1493  1493 E SELinux : avc:  denied  { find } for service=user pid=1537 uid=1000 scontext=u:r:init:s0 tcontext=u:object_r:user_service:s0 tclass=service_manager permissive=1
10-31 09:12:06.277  3945  3945 I chatty  : uid=10001 com.google.android.gms.unstable expire 4 lines
10-31 09:12:07.474  3991  3991 I chatty  : uid=10001 com.google.android.gms.unstable expire 4 lines
10-31 09:12:08.670  4027  4027 I chatty  : uid=10001 com.google.android.gms.unstable expire 4 lines
10-31 09:12:09.912  4058  4058 I chatty  : uid=10001 com.google.android.gms.unstable expire 4 lines
10-31 09:12:11.127  4090  4090 I chatty  : uid=10001 com.google.android.gms.unstable expire 4 lines
10-31 09:12:12.338  4131  4131 I chatty  : uid=10001 com.google.android.gms.unstable expire 4 lines
10-31 09:12:13.546  4162  4162 I chatty  : uid=10001 com.google.android.gms.unstable expire 4 lines
10-31 09:12:14.738  4193  4193 I chatty  : uid=10001 com.google.android.gms.unstable expire 4 lines
10-31 09:12:15.801  1777  1777 W ResourceType: ResTable_typeSpec entry count inconsistent: given 2869, previously 2890
10-31 09:12:15.801  1777  1777 W ResourceType: ResTable_typeSpec entry count inconsistent: given 511, previously 3842
10-31 09:12:15.801  1777  1777 W ResourceType: ResTable_typeSpec entry count inconsistent: given 67, previously 69
10-31 09:12:15.806  1777  1844 I InputReader: Reconfiguring input devices.  changes=0x00000010
10-31 09:12:15.810  1777  1777 W ResourceType: Found multiple library tables, ignoring...
10-31 09:12:15.810  1777  1777 W ResourceType: Found multiple library tables, ignoring...
10-31 09:12:15.820  1777  1816 W ResourceType: ResTable_typeSpec entry count inconsistent: given 2869, previously 2890
10-31 09:12:15.820  1777  1816 W ResourceType: ResTable_typeSpec entry count inconsistent: given 511, previously 3842
10-31 09:12:15.820  1777  1816 W ResourceType: ResTable_typeSpec entry count inconsistent: given 67, previously 69
10-31 09:12:15.822  1777  1816 W Searchables: No global search activity found
10-31 09:12:15.961  4229  4229 I chatty  : uid=10001 com.google.android.gms.unstable expire 4 lines
10-31 09:12:16.012  1777  3792 I chatty  : uid=1000(system) Binder:1777_14 expire 11 lines
10-31 09:12:17.163  4277  4277 I chatty  : uid=10001 com.google.android.gms.unstable expire 4 lines
10-31 09:12:17.213  1777  4089 I chatty  : uid=1000(system) Binder:1777_17 expire 10 lines
10-31 09:12:18.367  4308  4308 I chatty  : uid=10001 com.google.android.gms.unstable expire 4 lines
10-31 09:12:18.459  1777  4022 I chatty  : uid=1000(system) Binder:1777_16 expire 3 lines
10-31 09:12:19.606  4339  4339 I chatty  : uid=10001 com.google.android.gms.unstable expire 4 lines
10-31 09:12:20.830  4372  4372 I chatty  : uid=10001 com.google.android.gms.unstable expire 4 lines
10-31 09:12:22.044  4405  4405 I chatty  : uid=10001 com.google.android.gms.unstable expire 4 lines
10-31 09:12:22.119  1777  3491 I chatty  : uid=1000(system) Binder:1777_10 expire 3 lines
10-31 09:12:23.284  4436  4436 I chatty  : uid=10001 com.google.android.gms.unstable expire 4 lines
10-31 09:12:23.298  2021  2182 I HCALL   : hcallGetGcallMessageRpc(0x741a38663000, 4096, 0x741a22dbb27c)
10-31 09:12:23.298  2021  2187 I BstGCallService-JNI: void gcallSetClipboardTextClbk(const char *) called
10-31 09:12:23.298  2021  2183 D BstCommandProcessor-CommandHandler: setClipboardClbk function called
10-31 09:12:24.524  4468  4468 I chatty  : uid=10001 com.google.android.gms.unstable expire 4 lines
10-31 09:12:25.763  4499  4499 I chatty  : uid=10001 com.google.android.gms.unstable expire 4 lines
10-31 09:12:26.891  1777  3858 I chatty  : uid=1000(system) Binder:1777_15 expire 1 line
10-31 09:12:27.006  4531  4531 I chatty  : uid=10001 com.google.android.gms.unstable expire 4 lines
10-31 09:12:28.243  4579  4579 I chatty  : uid=10001 com.google.android.gms.unstable expire 4 lines
10-31 09:12:28.817  1777  1866 W AudioTrack: AUDIO_OUTPUT_FLAG_FAST denied by client; transfer 4, track 44100 Hz, output 48000 Hz
10-31 09:12:28.982  1777  3444 I HCALL   : hcallIsAppLaunchAllowedRpc(jp.magicapp.test.magicapp_test)
10-31 09:12:29.081  1496  1514 I         : hstInit: opened /dev/bstpgaipc: fd = 28
10-31 09:12:29.081  1496  1514 I         : Attempting to create new SOCKET connection pid = 1496, tid = 1514
10-31 09:12:29.084  1496  1514 I         : hstInitClientPgaIpc: data mapped to 0x73e70ff65000 with size 262144
10-31 09:12:29.084  1496  1514 I         : New SOCKET connection: /system/bin/surfaceflinger (pid 1496, tid 1514)
10-31 09:12:29.114  1496  1514 D PermissionCache: checking android.permission.READ_FRAME_BUFFER for uid=1000 => granted (197 us)
10-31 09:12:29.156  2021  2021 D BstCommandProcessor-Application: onConfigurationChanged called
10-31 09:12:29.159  1777  1844 I InputReader: Reconfiguring input devices.  changes=0x00000004
10-31 09:12:29.159  1777  1844 I InputReader: Device reconfigured: id=3, name='BlueStacks Virtual Touch', size 1600x900, orientation 1, mode 1, display id 0
10-31 09:12:29.159  1777  1844 I InputReader: Device reconfigured: id=6, name='VirtualBox mouse integration', size 1600x900, orientation 0, mode 4, display id 0
10-31 09:12:29.211  1777  1777 W ResourceType: Found multiple library tables, ignoring...
10-31 09:12:29.212  1777  1777 W ResourceType: Found multiple library tables, ignoring...
10-31 09:12:29.219  1777  1777 D NotificationService: notification record before applyZenModeLocked NotificationRecord(0x0f985998: pkg=android user=UserHandle{-1} id=17040445 tag=null importance=2 key=-1|android|17040445|null|1000: Notification(pri=-1 contentView=null vibrate=null sound=null defaults=0x0 flags=0x0 color=0xff607d8b vis=PRIVATE))
10-31 09:12:29.219  1777  1777 D NotificationService: notification record after applyZenModeLocked: NotificationRecord(0x0f985998: pkg=android user=UserHandle{-1} id=17040445 tag=null importance=2 key=-1|android|17040445|null|1000: Notification(pri=-1 contentView=null vibrate=null sound=null defaults=0x0 flags=0x0 color=0xff607d8b vis=PRIVATE))
10-31 09:12:29.222  2021  2021 D BstCommandProcessor-Service: onStartCommand called
10-31 09:12:29.235  1777  1864 D NotificationSQLiteLog: Pruned event entries: 0
10-31 09:12:29.309  1496  1880 I         : hstInit: opened /dev/bstpgaipc: fd = 42
10-31 09:12:29.309  1496  1880 I         : Attempting to create new SOCKET connection pid = 1496, tid = 1880
10-31 09:12:29.313  1496  1880 I         : hstInitClientPgaIpc: data mapped to 0x73e70ff25000 with size 262144
10-31 09:12:29.313  1496  1880 I         : New SOCKET connection: /system/bin/surfaceflinger (pid 1496, tid 1880)
10-31 09:12:29.425  1777  1833 I HCALL   : hcallOnActivityDisplayedRpc(jp.magicapp.test.magicapp_test, org.kivy.android.PythonActivity)
10-31 09:12:29.428  1777  1833 I HCALL   : hcallSetAppConfigDbParamsRpc(jp.magicapp.test.magicapp_test, 0, 0, )
10-31 09:12:29.458  1777  2829 D Sensor  : bstsensor_activate, handle 0 enabled 1
10-31 09:12:29.458  1777  2829 D Sensor  : bstsensor_setDelay, handle 0, delay ms 20
10-31 09:12:29.489  1496  2831 I         : hstInit: opened /dev/bstpgaipc: fd = 47
10-31 09:12:29.489  1496  2831 I         : Attempting to create new SOCKET connection pid = 1496, tid = 2831
10-31 09:12:29.493  1496  2831 I         : hstInitClientPgaIpc: data mapped to 0x73e70fee5000 with size 262144
10-31 09:12:29.493  1496  2831 I         : New SOCKET connection: /system/bin/surfaceflinger (pid 1496, tid 2831)
10-31 09:12:29.531  1777  1824 D ActivityManager: windowsDrawnLocked: packageName = jp.magicapp.test.magicapp_test, name = org.kivy.android.PythonActivity, mCallingPackage = com.bluestacks.launcher
10-31 09:12:29.531  1777  1824 I ActivityManager: Displayed jp.magicapp.test.magicapp_test/org.kivy.android.PythonActivity: +492ms
10-31 09:12:29.538  1777  1824 I chatty  : uid=1000(system) android.display expire 1 line
10-31 09:12:29.545  1777  2829 I chatty  : uid=1000(system) Binder:1777_C expire 1 line
10-31 09:12:29.605  4699  4699 I chatty  : uid=10001 com.google.android.gms.unstable expire 4 lines
10-31 09:12:29.663  1777  3444 I chatty  : uid=1000(system) Binder:1777_F expire 3 lines
10-31 09:12:29.767  1777  1824 I chatty  : uid=1000(system) android.display expire 2 lines
10-31 09:12:29.767  1777  1833 I HCALL   : hcallOnOrientationChangedRpc(1)
10-31 09:12:30.674  1777  1817 I chatty  : uid=1000(system) ActivityManager expire 1 line
10-31 09:12:30.836  4740  4740 I chatty  : uid=10001 com.google.android.gms.unstable expire 4 lines
10-31 09:12:30.894  1777  2066 I chatty  : uid=1000(system) Binder:1777_7 expire 3 lines
10-31 09:12:31.237  1777  1777 I chatty  : uid=1000 system_server expire 1 line
10-31 09:12:31.413  1777  1843 W InputDispatcher: channel '586b7e5 jp.magicapp.test.magicapp_test/org.kivy.android.PythonActivity (server)' ~ Consumer closed input channel or an error occurred.  events=0x9
10-31 09:12:31.413  1777  1843 E InputDispatcher: channel '586b7e5 jp.magicapp.test.magicapp_test/org.kivy.android.PythonActivity (server)' ~ Channel is unrecoverably broken and will be disposed!
10-31 09:12:31.414  1777  3792 D GraphicsStats: Buffer count: 2
10-31 09:12:31.414  1777  1799 I chatty  : uid=1000(system) Binder:1777_2 expire 2 lines
10-31 09:12:31.414  1777  1799 W InputDispatcher: Attempted to unregister already unregistered input channel '586b7e5 jp.magicapp.test.magicapp_test/org.kivy.android.PythonActivity (server)'
10-31 09:12:31.414  1777  2574 D Sensor  : bstsensor_activate, handle 0 enabled 0
10-31 09:12:31.415  1777  4736 I chatty  : uid=1000(system) Binder:1777_18 expire 3 lines
10-31 09:12:31.417  1777  3792 I chatty  : uid=1000(system) Binder:1777_14 expire 2 lines
10-31 09:12:31.418  1777  4736 I chatty  : uid=1000(system) Binder:1777_18 expire 6 lines
10-31 09:12:31.523  2021  2021 D BstCommandProcessor-Application: onConfigurationChanged called
10-31 09:12:31.523  1777  1824 W art     : Long monitor contention with owner Binder:1777_18 (4736) at void com.android.server.am.ActivityManagerService$AppDeathRecipient.binderDied()(ActivityManagerService.java:1513) waiters=1 in void com.android.server.am.ActivityRecord$Token.windowsGone() for 105ms
10-31 09:12:31.529  1777  1844 I InputReader: Reconfiguring input devices.  changes=0x00000004
10-31 09:12:31.529  1777  1844 I InputReader: Device reconfigured: id=3, name='BlueStacks Virtual Touch', size 1600x900, orientation 0, mode 1, display id 0
10-31 09:12:31.529  1777  1844 I InputReader: Device reconfigured: id=6, name='VirtualBox mouse integration', size 1600x900, orientation 0, mode 4, display id 0
10-31 09:12:31.530  1777  1917 I chatty  : uid=1000(system) Binder:1777_3 expire 1 line
10-31 09:12:31.536  1777  2066 I chatty  : uid=1000(system) Binder:1777_7 expire 6 lines
10-31 09:12:31.537  1777  1833 I HCALL   : hcallOnActivityDisplayedRpc(com.bluestacks.launcher, com.bluestacks.launcher.activity.HomeActivity)
10-31 09:12:31.537  1777  1833 I HCALL   : hcallSetAppConfigDbParamsRpc(com.bluestacks.launcher, 0, 0, )
10-31 09:12:31.567  1777  1824 D ActivityManager: windowsDrawnLocked: packageName = com.bluestacks.launcher, name = com.bluestacks.launcher.activity.HomeActivity, mCallingPackage = null
10-31 09:12:31.746  1777  4819 I chatty  : uid=1000(system) Binder:1777_19 expire 2 lines
10-31 09:12:31.749  1777  1824 I chatty  : uid=1000(system) android.display expire 1 line
10-31 09:12:31.781  1777  1917 I chatty  : uid=1000(system) Binder:1777_3 expire 1 line
10-31 09:12:31.907  1777  1817 I chatty  : uid=1000(system) ActivityManager expire 1 line
10-31 09:12:31.907  1777  4736 I chatty  : uid=1000(system) Binder:1777_18 expire 1 line
10-31 09:12:31.983  1777  1824 I chatty  : uid=1000(system) android.display expire 2 lines
10-31 09:12:31.983  1777  1833 I HCALL   : hcallOnOrientationChangedRpc(0)
10-31 09:12:32.074  4857  4857 I chatty  : uid=10001 com.google.android.gms.unstable expire 4 lines
10-31 09:12:32.152  1777  2528 I chatty  : uid=1000(system) Binder:1777_A expire 3 lines
10-31 09:12:33.163  1777  1817 I chatty  : uid=1000(system) ActivityManager expire 1 line
10-31 09:12:33.316  4890  4890 I chatty  : uid=10001 com.google.android.gms.unstable expire 4 lines
10-31 09:12:33.383  1777  1799 I chatty  : uid=1000(system) Binder:1777_2 expire 4 lines
10-31 09:12:33.779  1777  1824 I art     : Starting a blocking GC Explicit
10-31 09:12:33.791  1777  1824 I art     : Explicit concurrent mark sweep GC freed 25645(1445KB) AllocSpace objects, 17(360KB) LOS objects, 33% free, 9MB/14MB, paused 202us total 11.635ms
10-31 09:12:33.842  1777  3218 I chatty  : uid=1000(system) Binder:1777_E expire 2 lines
10-31 09:12:34.395  1777  1817 I chatty  : uid=1000(system) ActivityManager expire 2 lines
10-31 09:12:34.532  4923  4923 I chatty  : uid=10001 com.google.android.gms.unstable expire 4 lines
10-31 09:12:34.604  1777  3218 I chatty  : uid=1000(system) Binder:1777_E expire 3 lines
10-31 09:12:35.745  4976  4976 I chatty  : uid=10001 com.google.android.gms.unstable expire 4 lines
10-31 09:12:35.808  1777  3444 I chatty  : uid=1000(system) Binder:1777_F expire 3 lines
10-31 09:12:36.829  1777  1817 I chatty  : uid=1000(system) ActivityManager expire 1 line
10-31 09:12:36.946  5009  5009 I chatty  : uid=10001 com.google.android.gms.unstable expire 4 lines
10-31 09:12:36.994  1777  3519 I chatty  : uid=1000(system) Binder:1777_11 expire 3 lines
10-31 09:12:38.096  1777  1817 I chatty  : uid=1000(system) ActivityManager expire 1 line
10-31 09:12:38.217  5042  5042 I chatty  : uid=10001 com.google.android.gms.unstable expire 4 lines
10-31 09:12:38.253  1777  1917 I chatty  : uid=1000(system) Binder:1777_3 expire 3 lines
10-31 09:12:39.312  1777  1817 I chatty  : uid=1000(system) ActivityManager expire 2 lines
10-31 09:12:39.422  5073  5073 I chatty  : uid=10001 com.google.android.gms.unstable expire 4 lines
10-31 09:12:39.463  1777  1917 I chatty  : uid=1000(system) Binder:1777_3 expire 3 lines
10-31 09:12:40.592  5104  5104 I chatty  : uid=10001 com.google.android.gms.unstable expire 4 lines
10-31 09:12:40.643  1777  1798 I chatty  : uid=1000(system) Binder:1777_1 expire 3 lines
10-31 09:12:41.656  1777  1817 I chatty  : uid=1000(system) ActivityManager expire 1 line
10-31 09:12:41.778  5141  5141 I chatty  : uid=10001 com.google.android.gms.unstable expire 4 lines
10-31 09:12:41.832  1777  3715 I chatty  : uid=1000(system) Binder:1777_13 expire 3 lines
10-31 09:12:42.847  1777  1817 I chatty  : uid=1000(system) ActivityManager expire 2 lines
10-31 09:12:42.961  5178  5178 I chatty  : uid=10001 com.google.android.gms.unstable expire 4 lines
10-31 09:12:43.004  1777  1798 I chatty  : uid=1000(system) Binder:1777_1 expire 3 lines
10-31 09:12:44.150  5209  5209 I chatty  : uid=10001 com.google.android.gms.unstable expire 4 lines
10-31 09:12:44.192  1777  1799 I chatty  : uid=1000(system) Binder:1777_2 expire 3 lines
10-31 09:12:45.211  1777  1817 I chatty  : uid=1000(system) ActivityManager expire 1 line
10-31 09:12:45.319  5240  5240 I chatty  : uid=10001 com.google.android.gms.unstable expire 4 lines
10-31 09:12:45.371  1777  3792 I chatty  : uid=1000(system) Binder:1777_14 expire 3 lines
10-31 09:12:46.390  1777  1817 I chatty  : uid=1000(system) ActivityManager expire 1 line
10-31 09:12:46.511  5271  5271 I chatty  : uid=10001 com.google.android.gms.unstable expire 4 lines
10-31 09:12:46.553  1777  3519 I chatty  : uid=1000(system) Binder:1777_11 expire 3 lines
10-31 09:12:46.925  1777  1777 W ResourceType: ResTable_typeSpec entry count inconsistent: given 2869, previously 2890
10-31 09:12:46.926  1777  1777 W ResourceType: ResTable_typeSpec entry count inconsistent: given 511, previously 3842
10-31 09:12:46.926  1777  1777 W ResourceType: ResTable_typeSpec entry count inconsistent: given 67, previously 69
10-31 09:12:46.926  1777  1844 I InputReader: Reconfiguring input devices.  changes=0x00000010
10-31 09:12:46.931  1777  1777 W ResourceType: Found multiple library tables, ignoring...
10-31 09:12:46.931  1777  1816 W ResourceType: ResTable_typeSpec entry count inconsistent: given 2869, previously 2890
10-31 09:12:46.931  1777  1816 W ResourceType: ResTable_typeSpec entry count inconsistent: given 511, previously 3842
10-31 09:12:46.931  1777  1777 W ResourceType: Found multiple library tables, ignoring...
10-31 09:12:46.931  1777  1816 W ResourceType: ResTable_typeSpec entry count inconsistent: given 67, previously 69
10-31 09:12:46.932  1777  1816 W ResourceType: Found multiple library tables, ignoring...
10-31 09:12:46.932  1777  1816 W ResourceType: Found multiple library tables, ignoring...
10-31 09:12:46.934  1777  1816 W Searchables: No global search activity found
10-31 09:12:46.940  1777  1816 I chatty  : uid=1000(system) android.bg expire 1 line
10-31 09:12:47.568  1777  1817 I chatty  : uid=1000(system) ActivityManager expire 1 line
10-31 09:12:47.680  5320  5320 I chatty  : uid=10001 com.google.android.gms.unstable expire 4 lines
10-31 09:12:47.754  1777  3218 I chatty  : uid=1000(system) Binder:1777_E expire 4 lines
10-31 09:12:48.776  1777  1817 I chatty  : uid=1000(system) ActivityManager expire 2 lines
10-31 09:12:48.898  5351  5351 I chatty  : uid=10001 com.google.android.gms.unstable expire 4 lines
10-31 09:12:48.933  1777  3218 I chatty  : uid=1000(system) Binder:1777_E expire 5 lines
10-31 09:12:50.059  5383  5383 I chatty  : uid=10001 com.google.android.gms.unstable expire 4 lines
10-31 09:12:51.116  1777  1817 I chatty  : uid=1000(system) ActivityManager expire 1 line
10-31 09:12:51.222  5415  5415 I chatty  : uid=10001 com.google.android.gms.unstable expire 4 lines
10-31 09:12:51.285  1777  4022 I chatty  : uid=1000(system) Binder:1777_16 expire 5 lines
10-31 09:12:52.302  1777  1817 I chatty  : uid=1000(system) ActivityManager expire 1 line
10-31 09:12:52.416  5447  5447 I chatty  : uid=10001 com.google.android.gms.unstable expire 4 lines
10-31 09:12:52.464  1777  3444 I chatty  : uid=1000(system) Binder:1777_F expire 5 lines
10-31 09:12:53.478  1777  1817 I chatty  : uid=1000(system) ActivityManager expire 1 line
10-31 09:12:53.598  5479  5479 I chatty  : uid=10001 com.google.android.gms.unstable expire 4 lines
10-31 09:12:53.674  1777  2829 I chatty  : uid=1000(system) Binder:1777_C expire 3 lines
10-31 09:12:54.688  1777  1817 I chatty  : uid=1000(system) ActivityManager expire 1 line
10-31 09:12:54.813  5511  5511 I chatty  : uid=10001 com.google.android.gms.unstable expire 4 lines
10-31 09:12:54.863  1777  2188 I chatty  : uid=1000(system) Binder:1777_8 expire 4 lines
10-31 09:12:54.916  1777  4089 I chatty  : uid=1000(system) Binder:1777_17 expire 1 line
10-31 09:12:55.877  1777  1817 I chatty  : uid=1000(system) ActivityManager expire 1 line
10-31 09:12:55.878  1777  2064 I chatty  : uid=1000(system) Binder:1777_6 expire 2 lines
10-31 09:12:56.030  5542  5542 I chatty  : uid=10001 com.google.android.gms.unstable expire 4 lines
10-31 09:12:56.083  1777  2829 I chatty  : uid=1000(system) Binder:1777_C expire 3 lines
10-31 09:12:57.095  1777  1817 I chatty  : uid=1000(system) ActivityManager expire 2 lines
10-31 09:12:57.219  5574  5574 I chatty  : uid=10001 com.google.android.gms.unstable expire 4 lines
10-31 09:12:57.273  1777  3444 I chatty  : uid=1000(system) Binder:1777_F expire 3 lines
10-31 09:12:58.412  5605  5605 I chatty  : uid=10001 com.google.android.gms.unstable expire 4 lines
10-31 09:12:58.463  1777  1917 I chatty  : uid=1000(system) Binder:1777_3 expire 3 lines
10-31 09:12:59.474  1777  1817 I chatty  : uid=1000(system) ActivityManager expire 1 line
10-31 09:12:59.580  5636  5636 I chatty  : uid=10001 com.google.android.gms.unstable expire 4 lines
10-31 09:12:59.632  1777  3444 I chatty  : uid=1000(system) Binder:1777_F expire 3 lines
10-31 09:13:00.646  1777  1817 I chatty  : uid=1000(system) ActivityManager expire 1 line
10-31 09:13:00.765  5667  5667 I chatty  : uid=10001 com.google.android.gms.unstable expire 4 lines
10-31 09:13:00.806  1777  3792 I chatty  : uid=1000(system) Binder:1777_14 expire 3 lines
10-31 09:13:01.818  1777  1817 I chatty  : uid=1000(system) ActivityManager expire 2 lines
10-31 09:13:01.931  5705  5705 I chatty  : uid=10001 com.google.android.gms.unstable expire 4 lines
10-31 09:13:01.973  1777  3858 I chatty  : uid=1000(system) Binder:1777_15 expire 3 lines
10-31 09:13:02.375  1777  5790 I PackageManager.DexOptimizer: changed ---- DexoptNeeded for /data/downloads/com.google.android.instantapps.supervisor/com.google.android.instantapps.supervisor.apk@verify-at-runtime is 2
10-31 09:13:02.375  1777  5790 I PackageManager.DexOptimizer: Running dexopt (patchoat) on: /data/downloads/com.google.android.instantapps.supervisor/com.google.android.instantapps.supervisor.apk pkg=com.google.android.instantapps.supervisor isa=x86 vmSafeMode=false debuggable=false target-filter=verify-at-runtime oatDir = null sharedLibraries=null
10-31 09:13:02.376  1777  5790 I chatty  : uid=1000 system_server expire 1 line
10-31 09:13:02.985  1777  1817 I chatty  : uid=1000(system) ActivityManager expire 1 line
10-31 09:13:03.113  5825  5825 I chatty  : uid=10001 com.google.android.gms.unstable expire 4 lines
10-31 09:13:03.181  1777  3218 I chatty  : uid=1000(system) Binder:1777_E expire 3 lines
10-31 09:13:04.197  1777  1817 I chatty  : uid=1000(system) ActivityManager expire 1 line
10-31 09:13:04.344  5856  5856 I chatty  : uid=10001 com.google.android.gms.unstable expire 4 lines
10-31 09:13:04.411  1777  2064 I chatty  : uid=1000(system) Binder:1777_6 expire 3 lines
10-31 09:13:05.428  1777  1817 I chatty  : uid=1000(system) ActivityManager expire 2 lines
10-31 09:13:05.558  5887  5887 I chatty  : uid=10001 com.google.android.gms.unstable expire 4 lines
10-31 09:13:05.603  1777  1799 I chatty  : uid=1000(system) Binder:1777_2 expire 3 lines
10-31 09:13:06.753  5920  5920 I chatty  : uid=10001 com.google.android.gms.unstable expire 4 lines
10-31 09:13:06.804  1777  1917 I chatty  : uid=1000(system) Binder:1777_3 expire 3 lines
10-31 09:13:07.824  1777  1817 I chatty  : uid=1000(system) ActivityManager expire 2 lines
10-31 09:13:07.955  5952  5952 I chatty  : uid=10001 com.google.android.gms.unstable expire 4 lines
10-31 09:13:08.003  1777  2341 I chatty  : uid=1000(system) Binder:1777_9 expire 3 lines
10-31 09:13:09.236  5983  5983 I chatty  : uid=10001 com.google.android.gms.unstable expire 4 lines
10-31 09:13:09.284  1777  2188 I chatty  : uid=1000(system) Binder:1777_8 expire 3 lines
10-31 09:13:10.299  1777  1817 I chatty  : uid=1000(system) ActivityManager expire 2 lines
10-31 09:13:10.425  6014  6014 I chatty  : uid=10001 com.google.android.gms.unstable expire 4 lines
10-31 09:13:10.484  1777  2050 I chatty  : uid=1000(system) Binder:1777_5 expire 3 lines
10-31 09:13:11.639  6045  6045 I chatty  : uid=10001 com.google.android.gms.unstable expire 4 lines
10-31 09:13:11.717  1777  2188 I chatty  : uid=1000(system) Binder:1777_8 expire 3 lines
10-31 09:13:12.447  5738  5738 I Finsky  : [1] rmg.run(26): Detected restoreservicev2://recovery not needed, will not run
10-31 09:13:12.532  5738  6084 I Finsky  : [476] acld.c(2): registerListener
10-31 09:13:12.532  5738  6084 I Finsky  : [476] ibt.g(1): getDownloads()
10-31 09:13:12.533  3692  3692 I Finsky:background: [1] ldx.onCreate(2): IPC-SERVER: Starting gRPC host service...
10-31 09:13:12.533  5738  6084 I Finsky  : [476] ue.run(14): Initialized AssetModuleDownloader.
10-31 09:13:12.535  3692  5816 I Finsky:background: [185] hzk.f(1): getDownloads()
10-31 09:13:12.798  6086  6086 I chatty  : uid=10001 com.google.android.gms.unstable expire 14 lines
10-31 09:13:12.804  1777  1817 I chatty  : uid=1000(system) ActivityManager expire 1 line
10-31 09:13:12.899  6086  6111 I chatty  : uid=10001 com.google.android.gms.unstable expire 1 line
10-31 09:13:12.908  6086  6110 I chatty  : uid=10001 com.google.android.gms.unstable expire 1 line
10-31 09:13:12.916  6086  6091 I chatty  : uid=10001 com.google.android.gms.unstable expire 3 lines
10-31 09:13:12.926  6086  6086 I chatty  : uid=10001 com.google.android.gms.unstable expire 4 lines
10-31 09:13:12.973  1777  3491 I chatty  : uid=1000(system) Binder:1777_10 expire 3 lines
10-31 09:13:13.983  6117  6117 I chatty  : uid=10001 com.google.android.gms.unstable expire 14 lines
10-31 09:13:13.989  1777  1817 I chatty  : uid=1000(system) ActivityManager expire 1 line
10-31 09:13:14.086  6117  6142 I chatty  : uid=10001 com.google.android.gms.unstable expire 1 line
10-31 09:13:14.096  6117  6141 I chatty  : uid=10001 com.google.android.gms.unstable expire 1 line
10-31 09:13:14.104  6117  6121 I chatty  : uid=10001 com.google.android.gms.unstable expire 3 lines
10-31 09:13:14.112  6117  6117 I chatty  : uid=10001 com.google.android.gms.unstable expire 4 lines
10-31 09:13:14.172  1777  2064 I chatty  : uid=1000(system) Binder:1777_6 expire 3 lines
10-31 09:13:15.122  2519  2519 I chatty  : uid=10001(com.google.android.gms) expire 7 lines
10-31 09:13:15.124  1998  2433 I chatty  : uid=10001(com.google.android.gms) com.google.andr expire 2 lines
10-31 09:13:15.175  6148  6148 I chatty  : uid=10001 com.google.android.gms.unstable expire 14 lines
10-31 09:13:15.183  1777  1817 I chatty  : uid=1000(system) ActivityManager expire 1 line
10-31 09:13:15.184  1998  2472 I chatty  : uid=10001(com.google.android.gms) com.google.andr expire 3 lines
10-31 09:13:15.283  6148  6173 I chatty  : uid=10001 com.google.android.gms.unstable expire 1 line
10-31 09:13:15.283  6148  6172 I chatty  : uid=10001 com.google.android.gms.unstable expire 1 line
10-31 09:13:15.296  6148  6153 I chatty  : uid=10001 com.google.android.gms.unstable expire 3 lines
10-31 09:13:15.303  6148  6148 I chatty  : uid=10001 com.google.android.gms.unstable expire 4 lines
10-31 09:13:15.354  1777  3491 I chatty  : uid=1000(system) Binder:1777_10 expire 3 lines
10-31 09:13:16.221  1998  1998 I chatty  : uid=10001(com.google.android.gms) com.google.andr expire 2 lines
10-31 09:13:16.359  6179  6179 I chatty  : uid=10001 com.google.android.gms.unstable expire 13 lines
10-31 09:13:16.366  1777  1817 I chatty  : uid=1000(system) ActivityManager expire 2 lines
10-31 09:13:16.462  6179  6203 I chatty  : uid=10001 com.google.android.gms.unstable expire 1 line
10-31 09:13:16.464  6179  6204 I chatty  : uid=10001 com.google.android.gms.unstable expire 1 line
10-31 09:13:16.468  6179  6182 I chatty  : uid=10001 com.google.android.gms.unstable expire 3 lines
10-31 09:13:16.479  6179  6179 I chatty  : uid=10001 com.google.android.gms.unstable expire 4 lines
10-31 09:13:16.480  6179  6179 I chatty  : uid=10001 com.google.android.gms.unstable expire 1 line
10-31 09:13:16.513  1777  2066 I chatty  : uid=1000(system) Binder:1777_7 expire 3 lines
10-31 09:13:17.524  6210  6210 I chatty  : uid=10001 com.google.android.gms.unstable expire 11 lines
10-31 09:13:17.622  6210  6235 I chatty  : uid=10001 com.google.android.gms.unstable expire 1 line
10-31 09:13:17.629  6210  6234 I chatty  : uid=10001 com.google.android.gms.unstable expire 1 line
10-31 09:13:17.639  6210  6215 I chatty  : uid=10001 com.google.android.gms.unstable expire 3 lines
10-31 09:13:17.645  6210  6210 I chatty  : uid=10001 com.google.android.gms.unstable expire 3 lines
10-31 09:13:17.647  6210  6210 I chatty  : uid=10001 com.google.android.gms.unstable expire 4 lines
10-31 09:13:17.704  1777  2574 I chatty  : uid=1000(system) Binder:1777_B expire 3 lines
10-31 09:13:18.718  6241  6241 I chatty  : uid=10001 com.google.android.gms.unstable expire 11 lines
10-31 09:13:18.725  1777  1817 I chatty  : uid=1000(system) ActivityManager expire 14 lines
10-31 09:13:18.813  6241  6266 I chatty  : uid=10001 com.google.android.gms.unstable expire 1 line
10-31 09:13:18.821  6241  6265 I chatty  : uid=10001 com.google.android.gms.unstable expire 1 line
10-31 09:13:18.827  6241  6241 I chatty  : uid=10001 com.google.android.gms.unstable expire 1 line
10-31 09:13:18.829  6241  6246 I chatty  : uid=10001 com.google.android.gms.unstable expire 3 lines
10-31 09:13:18.829  6241  6241 I chatty  : uid=10001 com.google.android.gms.unstable expire 2 lines
10-31 09:13:18.829  6241  6241 I chatty  : uid=10001 com.google.android.gms.unstable expire 4 lines
10-31 09:13:18.873  1777  3218 I chatty  : uid=1000(system) Binder:1777_E expire 10 lines
10-31 09:13:19.889  6272  6272 I chatty  : uid=10001 com.google.android.gms.unstable expire 11 lines
10-31 09:13:19.994  6272  6296 I chatty  : uid=10001 com.google.android.gms.unstable expire 1 line
10-31 09:13:20.001  6272  6297 I chatty  : uid=10001 com.google.android.gms.unstable expire 1 line
10-31 09:13:20.032  6272  6277 I chatty  : uid=10001 com.google.android.gms.unstable expire 3 lines
10-31 09:13:20.049  6272  6272 I chatty  : uid=10001 com.google.android.gms.unstable expire 3 lines
10-31 09:13:20.055  6272  6272 I chatty  : uid=10001 com.google.android.gms.unstable expire 4 lines
10-31 09:13:20.111  1777  2829 I chatty  : uid=1000(system) Binder:1777_C expire 18 lines
10-31 09:13:21.119  6303  6303 I chatty  : uid=10001 com.google.android.gms.unstable expire 11 lines
10-31 09:13:21.231  6303  6329 I chatty  : uid=10001 com.google.android.gms.unstable expire 1 line
10-31 09:13:21.240  6303  6328 I chatty  : uid=10001 com.google.android.gms.unstable expire 1 line
10-31 09:13:21.249  6303  6308 I chatty  : uid=10001 com.google.android.gms.unstable expire 3 lines
10-31 09:13:21.251  6303  6303 I chatty  : uid=10001 com.google.android.gms.unstable expire 3 lines
10-31 09:13:21.253  6303  6303 I chatty  : uid=10001 com.google.android.gms.unstable expire 4 lines
10-31 09:13:21.293  1777  2050 I chatty  : uid=1000(system) Binder:1777_5 expire 3 lines
10-31 09:13:22.300  6335  6335 I chatty  : uid=10001 com.google.android.gms.unstable expire 14 lines
10-31 09:13:22.405  6335  6360 I chatty  : uid=10001 com.google.android.gms.unstable expire 1 line
10-31 09:13:22.407  6335  6362 I chatty  : uid=10001 com.google.android.gms.unstable expire 1 line
10-31 09:13:22.418  6335  6340 I chatty  : uid=10001 com.google.android.gms.unstable expire 3 lines
10-31 09:13:22.426  6335  6335 I chatty  : uid=10001 com.google.android.gms.unstable expire 4 lines
10-31 09:13:22.463  1777  2066 I chatty  : uid=1000(system) Binder:1777_7 expire 10 lines
10-31 09:13:22.541  3692  3692 I Finsky:background: [1] ldx.onDestroy(-1): IPC-SERVER: Stopping gRPC host service...
10-31 09:13:23.473  6367  6367 I chatty  : uid=10001 com.google.android.gms.unstable expire 14 lines
10-31 09:13:23.575  6367  6392 I chatty  : uid=10001 com.google.android.gms.unstable expire 1 line
10-31 09:13:23.581  6367  6391 I chatty  : uid=10001 com.google.android.gms.unstable expire 1 line
10-31 09:13:23.586  6367  6372 I chatty  : uid=10001 com.google.android.gms.unstable expire 3 lines
10-31 09:13:23.595  6367  6367 I chatty  : uid=10001 com.google.android.gms.unstable expire 4 lines
10-31 09:13:23.633  1777  3519 I chatty  : uid=1000(system) Binder:1777_11 expire 11 lines
10-31 09:13:24.849  6398  6398 I chatty  : uid=10001 com.google.android.gms.unstable expire 14 lines
10-31 09:13:24.947  6398  6423 I chatty  : uid=10001 com.google.android.gms.unstable expire 1 line
10-31 09:13:24.952  6398  6422 I chatty  : uid=10001 com.google.android.gms.unstable expire 1 line
10-31 09:13:24.959  6398  6403 I chatty  : uid=10001 com.google.android.gms.unstable expire 3 lines
10-31 09:13:24.964  6398  6398 I chatty  : uid=10001 com.google.android.gms.unstable expire 4 lines
10-31 09:13:25.001  1777  4022 I chatty  : uid=1000(system) Binder:1777_16 expire 9 lines
10-31 09:13:26.017  6429  6429 I chatty  : uid=10001 com.google.android.gms.unstable expire 14 lines
10-31 09:13:26.135  6429  6454 I chatty  : uid=10001 com.google.android.gms.unstable expire 1 line
10-31 09:13:26.136  6429  6453 I chatty  : uid=10001 com.google.android.gms.unstable expire 1 line
10-31 09:13:26.144  6429  6434 I chatty  : uid=10001 com.google.android.gms.unstable expire 3 lines
10-31 09:13:26.152  6429  6429 I chatty  : uid=10001 com.google.android.gms.unstable expire 4 lines
10-31 09:13:26.195  1777  3792 I chatty  : uid=1000(system) Binder:1777_14 expire 7 lines
10-31 09:13:27.209  6460  6460 I chatty  : uid=10001 com.google.android.gms.unstable expire 14 lines
10-31 09:13:27.312  6460  6485 I chatty  : uid=10001 com.google.android.gms.unstable expire 1 line
10-31 09:13:27.312  6460  6484 I chatty  : uid=10001 com.google.android.gms.unstable expire 1 line
10-31 09:13:27.325  6460  6465 I chatty  : uid=10001 com.google.android.gms.unstable expire 3 lines
10-31 09:13:27.330  6460  6460 I chatty  : uid=10001 com.google.android.gms.unstable expire 4 lines
10-31 09:13:28.384  6491  6491 I chatty  : uid=10001 com.google.android.gms.unstable expire 14 lines
10-31 09:13:28.487  6491  6517 I chatty  : uid=10001 com.google.android.gms.unstable expire 1 line
10-31 09:13:28.495  6491  6516 I chatty  : uid=10001 com.google.android.gms.unstable expire 1 line
10-31 09:13:28.503  6491  6496 I chatty  : uid=10001 com.google.android.gms.unstable expire 3 lines
10-31 09:13:28.508  6491  6491 I chatty  : uid=10001 com.google.android.gms.unstable expire 4 lines
10-31 09:13:28.572  1777  4089 I chatty  : uid=1000(system) Binder:1777_17 expire 19 lines
10-31 09:13:29.577  6523  6523 I chatty  : uid=10001 com.google.android.gms.unstable expire 14 lines
10-31 09:13:29.684  6523  6548 I chatty  : uid=10001 com.google.android.gms.unstable expire 1 line
10-31 09:13:29.693  6523  6547 I chatty  : uid=10001 com.google.android.gms.unstable expire 1 line
10-31 09:13:29.698  6523  6528 I chatty  : uid=10001 com.google.android.gms.unstable expire 3 lines
10-31 09:13:29.706  6523  6523 I chatty  : uid=10001 com.google.android.gms.unstable expire 4 lines
10-31 09:13:29.764  1777  4819 I chatty  : uid=1000(system) Binder:1777_19 expire 6 lines
10-31 09:13:30.128  2519  2519 I chatty  : uid=10001(com.google.android.gms) expire 3 lines
10-31 09:13:30.130  1998  2433 I chatty  : uid=10001(com.google.android.gms) com.google.andr expire 2 lines
10-31 09:13:30.132  2519  3679 I chatty  : uid=10001(com.google.android.gms) expire 1 line
10-31 09:13:30.135  1998  1998 I chatty  : uid=10001(com.google.android.gms) com.google.andr expire 2 lines
10-31 09:13:30.189  2519  2519 I chatty  : uid=10001(com.google.android.gms) expire 5 lines
10-31 09:13:30.191  1998  2472 I chatty  : uid=10001(com.google.android.gms) com.google.andr expire 3 lines
10-31 09:13:30.771  6561  6561 I chatty  : uid=10001 com.google.android.gms.unstable expire 14 lines
10-31 09:13:30.887  6561  6586 I chatty  : uid=10001 com.google.android.gms.unstable expire 1 line
10-31 09:13:30.888  6561  6585 I chatty  : uid=10001 com.google.android.gms.unstable expire 1 line
10-31 09:13:30.895  6561  6566 I chatty  : uid=10001 com.google.android.gms.unstable expire 3 lines
10-31 09:13:30.903  6561  6561 I chatty  : uid=10001 com.google.android.gms.unstable expire 4 lines
10-31 09:13:30.943  1777  1917 I chatty  : uid=1000(system) Binder:1777_3 expire 6 lines
10-31 09:13:31.234  2519  2881 I chatty  : uid=10001(com.google.android.gms) expire 1 line
10-31 09:13:31.953  6592  6592 I chatty  : uid=10001 com.google.android.gms.unstable expire 14 lines
10-31 09:13:32.054  6592  6617 I chatty  : uid=10001 com.google.android.gms.unstable expire 1 line
10-31 09:13:32.060  6592  6616 I chatty  : uid=10001 com.google.android.gms.unstable expire 1 line
10-31 09:13:32.069  6592  6597 I chatty  : uid=10001 com.google.android.gms.unstable expire 3 lines
10-31 09:13:32.073  6592  6592 I chatty  : uid=10001 com.google.android.gms.unstable expire 4 lines
10-31 09:13:33.123  6623  6623 I chatty  : uid=10001 com.google.android.gms.unstable expire 14 lines
10-31 09:13:33.242  6623  6647 I chatty  : uid=10001 com.google.android.gms.unstable expire 1 line
10-31 09:13:33.243  6623  6648 I chatty  : uid=10001 com.google.android.gms.unstable expire 1 line
10-31 09:13:33.252  6623  6628 I chatty  : uid=10001 com.google.android.gms.unstable expire 3 lines
10-31 09:13:33.264  6623  6623 I chatty  : uid=10001 com.google.android.gms.unstable expire 4 lines
10-31 09:13:33.312  1777  3491 I chatty  : uid=1000(system) Binder:1777_10 expire 3 lines
10-31 09:13:34.318  6654  6654 I chatty  : uid=10001 com.google.android.gms.unstable expire 14 lines
10-31 09:13:34.444  6654  6679 I chatty  : uid=10001 com.google.android.gms.unstable expire 1 line
10-31 09:13:34.448  6654  6678 I chatty  : uid=10001 com.google.android.gms.unstable expire 1 line
