10-31 09:13:34.457  6654  6659 I chatty  : uid=10001 com.google.android.gms.unstable expire 3 lines
10-31 09:13:34.466  6654  6654 I chatty  : uid=10001 com.google.android.gms.unstable expire 4 lines
10-31 09:13:35.169  1515  1553 I audio_hw_primary: choose pcmC0D0p for 0
10-31 09:13:35.238  1515  1553 D AudioFlinger: mixer(0xf3483e40) throttle end: throttle time(29)
10-31 09:13:35.330  1777  2829 I HCALL   : hcallIsAppLaunchAllowedRpc(jp.magicapp.test.magicapp_test)
10-31 09:13:35.340  6685  6685 W art     : Unexpected CPU variant for X86 using defaults: x86_64
10-31 09:13:35.347  1777  1817 I chatty  : uid=1000(system) ActivityManager expire 11 lines
10-31 09:13:35.355  6699  6699 I art     : Late-enabling -Xcheck:jni
10-31 09:13:35.358  1777  2188 I chatty  : uid=1000(system) Binder:1777_8 expire 11 lines
10-31 09:13:35.359  6699  6699 D houdini : [6699] Initialize library(version: 7.1.0a_y.49344 RELEASE)... successfully.
10-31 09:13:35.361  6699  6699 W art     : Unexpected CPU variant for X86 using defaults: x86
10-31 09:13:35.389  2021  2021 D BstCommandProcessor-Application: onConfigurationChanged called
10-31 09:13:35.397  1777  1824 I chatty  : uid=1000(system) android.display expire 8 lines
10-31 09:13:35.399  1777  1844 I InputReader: Reconfiguring input devices.  changes=0x00000004
10-31 09:13:35.399  1777  1844 I InputReader: Device reconfigured: id=3, name='BlueStacks Virtual Touch', size 1600x900, orientation 1, mode 1, display id 0
10-31 09:13:35.399  1777  1844 I InputReader: Device reconfigured: id=6, name='VirtualBox mouse integration', size 1600x900, orientation 0, mode 4, display id 0
10-31 09:13:35.441  6699  6699 V PythonActivity: PythonActivity onCreate running
10-31 09:13:35.441  6699  6699 V PythonActivity: About to do super onCreate
10-31 09:13:35.441  6699  6699 V SDL     : Device: SCG02
10-31 09:13:35.441  6699  6699 V SDL     : Model: SCG02
10-31 09:13:35.441  6699  6699 V SDL     : onCreate()
10-31 09:13:35.441  6699  6699 V PythonActivity: Did super onCreate
10-31 09:13:35.441  6699  6699 V SDL     : getting identifier
10-31 09:13:35.441  6699  6699 V SDL     : kind is layout and name lottie
10-31 09:13:35.443  6699  6699 V SDL     : result is 0
10-31 09:13:35.443  6699  6699 W ResourceType: No package identifier when getting value for resource number 0x00000000
10-31 09:13:35.443  6699  6699 V SDL     : couldn't find lottie layout or animation, trying static splash
10-31 09:13:35.443  6699  6699 V SDL     : getting identifier
10-31 09:13:35.443  6699  6699 V SDL     : kind is drawable and name presplash
10-31 09:13:35.443  6699  6699 V SDL     : result is 2130771969
10-31 09:13:35.445  6685  6685 D FirebaseApp: com.google.firebase.auth.FirebaseAuth is not linked. Skipping initialization.
10-31 09:13:35.450  6699  6699 V SDL     : asked to get string presplash_color
10-31 09:13:35.450  6699  6699 V SDL     : getting identifier
10-31 09:13:35.450  6699  6699 V SDL     : kind is string and name presplash_color
10-31 09:13:35.450  6699  6699 V SDL     : result is 2131034113
10-31 09:13:35.450  6685  6685 D FirebaseApp: com.google.firebase.crash.FirebaseCrash is not linked. Skipping initialization.
10-31 09:13:35.458  6699  6719 V PythonActivity: Ready to unpack
10-31 09:13:35.458  6699  6719 V pythonutil: Unpacking private app
10-31 09:13:35.458  6699  6699 W Activity: MagicSquare: Detected problems with app native libraries
10-31 09:13:35.458  6699  6699 W Activity: (please consult log for detail):
10-31 09:13:35.458  6699  6699 W Activity: libavcodec.so: text relocations
10-31 09:13:35.458  6699  6699 W Activity: libavutil.so: text relocations
10-31 09:13:35.458  6699  6699 W Activity: libswresample.so: text relocations
10-31 09:13:35.458  6699  6719 V pythonutil: Data version is e3f9be946675656427769aa176119ac74f41835d
10-31 09:13:35.459  6699  6699 V PythonActivity: onResume()
10-31 09:13:35.459  6699  6699 V SDL     : onResume()
10-31 09:13:35.462  6685  6685 I FirebaseInitProvider: FirebaseApp initialization successful
10-31 09:13:35.463  6685  6685 I CrashlyticsInitProvider: CrashlyticsInitProvider skipping initialization
10-31 09:13:35.468  6699  6699 V pythonutil: Checking pattern libsqlite3\.so against libffi.so
10-31 09:13:35.468  6699  6699 V pythonutil: Checking pattern libsqlite3\.so against libsqlite3.so
10-31 09:13:35.469  6699  6699 V pythonutil: Pattern libsqlite3\.so matched file libsqlite3.so
10-31 09:13:35.469  6699  6699 V pythonutil: Checking pattern libsqlite3\.so against libSDL2.so
10-31 09:13:35.469  6699  6699 V pythonutil: Checking pattern libsqlite3\.so against libSDL2_image.so
10-31 09:13:35.469  6699  6699 V pythonutil: Checking pattern libsqlite3\.so against libssl1.1.so
10-31 09:13:35.469  6699  6699 V pythonutil: Checking pattern libsqlite3\.so against libSDL2_mixer.so
10-31 09:13:35.469  6699  6699 V pythonutil: Checking pattern libsqlite3\.so against libcrypto1.1.so
10-31 09:13:35.469  6699  6699 V pythonutil: Checking pattern libsqlite3\.so against containsArmLibs.txt
10-31 09:13:35.469  6699  6699 V pythonutil: Checking pattern libsqlite3\.so against libSDL2_ttf.so
10-31 09:13:35.469  6699  6699 V pythonutil: Checking pattern libsqlite3\.so against libmain.so
10-31 09:13:35.469  6699  6699 V pythonutil: Checking pattern libsqlite3\.so against libpython3.8.so
10-31 09:13:35.469  6699  6699 V pythonutil: Checking pattern libsqlite3\.so against libhidapi.so
10-31 09:13:35.469  6699  6699 V pythonutil: Checking pattern libffi\.so against libffi.so
10-31 09:13:35.469  6699  6699 V pythonutil: Pattern libffi\.so matched file libffi.so
10-31 09:13:35.469  6699  6699 V pythonutil: Checking pattern libffi\.so against libsqlite3.so
10-31 09:13:35.469  6699  6699 V pythonutil: Checking pattern libffi\.so against libSDL2.so
10-31 09:13:35.469  6699  6699 V pythonutil: Checking pattern libffi\.so against libSDL2_image.so
10-31 09:13:35.469  6699  6699 V pythonutil: Checking pattern libffi\.so against libssl1.1.so
10-31 09:13:35.469  6699  6699 V pythonutil: Checking pattern libffi\.so against libSDL2_mixer.so
10-31 09:13:35.469  6699  6699 V pythonutil: Checking pattern libffi\.so against libcrypto1.1.so
10-31 09:13:35.469  6699  6699 V pythonutil: Checking pattern libffi\.so against containsArmLibs.txt
10-31 09:13:35.469  6699  6699 V pythonutil: Checking pattern libffi\.so against libSDL2_ttf.so
10-31 09:13:35.469  6699  6699 V pythonutil: Checking pattern libffi\.so against libmain.so
10-31 09:13:35.469  6699  6699 V pythonutil: Checking pattern libffi\.so against libpython3.8.so
10-31 09:13:35.469  6699  6699 V pythonutil: Checking pattern libffi\.so against libhidapi.so
10-31 09:13:35.469  6699  6699 V pythonutil: Checking pattern libpng16\.so against libffi.so
10-31 09:13:35.469  6699  6699 V pythonutil: Checking pattern libpng16\.so against libsqlite3.so
10-31 09:13:35.469  6699  6699 V pythonutil: Checking pattern libpng16\.so against libSDL2.so
10-31 09:13:35.469  6699  6699 V pythonutil: Checking pattern libpng16\.so against libSDL2_image.so
10-31 09:13:35.469  6699  6699 V pythonutil: Checking pattern libpng16\.so against libssl1.1.so
10-31 09:13:35.469  6699  6699 V pythonutil: Checking pattern libpng16\.so against libSDL2_mixer.so
10-31 09:13:35.469  6699  6699 V pythonutil: Checking pattern libpng16\.so against libcrypto1.1.so
10-31 09:13:35.469  6699  6699 V pythonutil: Checking pattern libpng16\.so against containsArmLibs.txt
10-31 09:13:35.469  6699  6699 V pythonutil: Checking pattern libpng16\.so against libSDL2_ttf.so
10-31 09:13:35.469  6699  6699 V pythonutil: Checking pattern libpng16\.so against libmain.so
10-31 09:13:35.469  6699  6699 V pythonutil: Checking pattern libpng16\.so against libpython3.8.so
10-31 09:13:35.469  6699  6699 V pythonutil: Checking pattern libpng16\.so against libhidapi.so
10-31 09:13:35.470  6699  6699 V pythonutil: Checking pattern libssl.*\.so against libffi.so
10-31 09:13:35.470  6699  6699 V pythonutil: Checking pattern libssl.*\.so against libsqlite3.so
10-31 09:13:35.470  6699  6699 V pythonutil: Checking pattern libssl.*\.so against libSDL2.so
10-31 09:13:35.470  6699  6699 V pythonutil: Checking pattern libssl.*\.so against libSDL2_image.so
10-31 09:13:35.470  6699  6699 V pythonutil: Checking pattern libssl.*\.so against libssl1.1.so
10-31 09:13:35.470  6699  6699 V pythonutil: Pattern libssl.*\.so matched file libssl1.1.so
10-31 09:13:35.470  6699  6699 V pythonutil: Checking pattern libssl.*\.so against libSDL2_mixer.so
10-31 09:13:35.470  6699  6699 V pythonutil: Checking pattern libssl.*\.so against libcrypto1.1.so
10-31 09:13:35.470  6699  6699 V pythonutil: Checking pattern libssl.*\.so against containsArmLibs.txt
10-31 09:13:35.470  6699  6699 V pythonutil: Checking pattern libssl.*\.so against libSDL2_ttf.so
10-31 09:13:35.470  6699  6699 V pythonutil: Checking pattern libssl.*\.so against libmain.so
10-31 09:13:35.470  6699  6699 V pythonutil: Checking pattern libssl.*\.so against libpython3.8.so
10-31 09:13:35.470  6699  6699 V pythonutil: Checking pattern libssl.*\.so against libhidapi.so
10-31 09:13:35.470  6699  6699 V pythonutil: Checking pattern libcrypto.*\.so against libffi.so
10-31 09:13:35.470  6699  6699 V pythonutil: Checking pattern libcrypto.*\.so against libsqlite3.so
10-31 09:13:35.470  6699  6699 V pythonutil: Checking pattern libcrypto.*\.so against libSDL2.so
10-31 09:13:35.470  6699  6699 V pythonutil: Checking pattern libcrypto.*\.so against libSDL2_image.so
10-31 09:13:35.470  6699  6699 V pythonutil: Checking pattern libcrypto.*\.so against libssl1.1.so
10-31 09:13:35.470  6699  6699 V pythonutil: Checking pattern libcrypto.*\.so against libSDL2_mixer.so
10-31 09:13:35.470  6699  6699 V pythonutil: Checking pattern libcrypto.*\.so against libcrypto1.1.so
10-31 09:13:35.470  6699  6699 V pythonutil: Pattern libcrypto.*\.so matched file libcrypto1.1.so
10-31 09:13:35.470  6699  6699 V pythonutil: Checking pattern libcrypto.*\.so against containsArmLibs.txt
10-31 09:13:35.470  6699  6699 V pythonutil: Checking pattern libcrypto.*\.so against libSDL2_ttf.so
10-31 09:13:35.470  6699  6699 V pythonutil: Checking pattern libcrypto.*\.so against libmain.so
10-31 09:13:35.470  6699  6699 V pythonutil: Checking pattern libcrypto.*\.so against libpython3.8.so
10-31 09:13:35.470  6699  6699 V pythonutil: Checking pattern libcrypto.*\.so against libhidapi.so
10-31 09:13:35.470  6699  6699 V pythonutil: Checking pattern libSDL2\.so against libffi.so
10-31 09:13:35.470  6699  6699 V pythonutil: Checking pattern libSDL2\.so against libsqlite3.so
10-31 09:13:35.470  6699  6699 V pythonutil: Checking pattern libSDL2\.so against libSDL2.so
10-31 09:13:35.470  6699  6699 V pythonutil: Pattern libSDL2\.so matched file libSDL2.so
10-31 09:13:35.470  6699  6699 V pythonutil: Checking pattern libSDL2\.so against libSDL2_image.so
10-31 09:13:35.470  6699  6699 V pythonutil: Checking pattern libSDL2\.so against libssl1.1.so
10-31 09:13:35.470  6699  6699 V pythonutil: Checking pattern libSDL2\.so against libSDL2_mixer.so
10-31 09:13:35.470  6699  6699 V pythonutil: Checking pattern libSDL2\.so against libcrypto1.1.so
10-31 09:13:35.470  6699  6699 V pythonutil: Checking pattern libSDL2\.so against containsArmLibs.txt
10-31 09:13:35.470  6699  6699 V pythonutil: Checking pattern libSDL2\.so against libSDL2_ttf.so
10-31 09:13:35.470  6699  6699 V pythonutil: Checking pattern libSDL2\.so against libmain.so
10-31 09:13:35.470  6699  6699 V pythonutil: Checking pattern libSDL2\.so against libpython3.8.so
10-31 09:13:35.470  6699  6699 V pythonutil: Checking pattern libSDL2\.so against libhidapi.so
10-31 09:13:35.470  6699  6699 V pythonutil: Checking pattern libSDL2_image\.so against libffi.so
10-31 09:13:35.470  6699  6699 V pythonutil: Checking pattern libSDL2_image\.so against libsqlite3.so
10-31 09:13:35.470  6699  6699 V pythonutil: Checking pattern libSDL2_image\.so against libSDL2.so
10-31 09:13:35.470  6699  6699 V pythonutil: Checking pattern libSDL2_image\.so against libSDL2_image.so
10-31 09:13:35.470  6699  6699 V pythonutil: Pattern libSDL2_image\.so matched file libSDL2_image.so
10-31 09:13:35.470  6699  6699 V pythonutil: Checking pattern libSDL2_image\.so against libssl1.1.so
10-31 09:13:35.470  6699  6699 V pythonutil: Checking pattern libSDL2_image\.so against libSDL2_mixer.so
10-31 09:13:35.470  6699  6699 V pythonutil: Checking pattern libSDL2_image\.so against libcrypto1.1.so
10-31 09:13:35.470  6699  6699 V pythonutil: Checking pattern libSDL2_image\.so against containsArmLibs.txt
10-31 09:13:35.471  6699  6699 V pythonutil: Checking pattern libSDL2_image\.so against libSDL2_ttf.so
10-31 09:13:35.471  6699  6699 V pythonutil: Checking pattern libSDL2_image\.so against libmain.so
10-31 09:13:35.471  6699  6699 V pythonutil: Checking pattern libSDL2_image\.so against libpython3.8.so
10-31 09:13:35.471  6699  6699 V pythonutil: Checking pattern libSDL2_image\.so against libhidapi.so
10-31 09:13:35.471  6699  6699 V pythonutil: Checking pattern libSDL2_mixer\.so against libffi.so
10-31 09:13:35.471  6699  6699 V pythonutil: Checking pattern libSDL2_mixer\.so against libsqlite3.so
10-31 09:13:35.471  6699  6699 V pythonutil: Checking pattern libSDL2_mixer\.so against libSDL2.so
10-31 09:13:35.471  6699  6699 V pythonutil: Checking pattern libSDL2_mixer\.so against libSDL2_image.so
10-31 09:13:35.471  6699  6699 V pythonutil: Checking pattern libSDL2_mixer\.so against libssl1.1.so
10-31 09:13:35.471  6699  6699 V pythonutil: Checking pattern libSDL2_mixer\.so against libSDL2_mixer.so
10-31 09:13:35.471  6699  6699 V pythonutil: Pattern libSDL2_mixer\.so matched file libSDL2_mixer.so
10-31 09:13:35.471  6699  6699 V pythonutil: Checking pattern libSDL2_mixer\.so against libcrypto1.1.so
10-31 09:13:35.471  6699  6699 V pythonutil: Checking pattern libSDL2_mixer\.so against containsArmLibs.txt
10-31 09:13:35.471  6699  6699 V pythonutil: Checking pattern libSDL2_mixer\.so against libSDL2_ttf.so
10-31 09:13:35.471  6699  6699 V pythonutil: Checking pattern libSDL2_mixer\.so against libmain.so
10-31 09:13:35.471  6699  6699 V pythonutil: Checking pattern libSDL2_mixer\.so against libpython3.8.so
10-31 09:13:35.471  6699  6699 V pythonutil: Checking pattern libSDL2_mixer\.so against libhidapi.so
10-31 09:13:35.471  6699  6699 V pythonutil: Checking pattern libSDL2_ttf\.so against libffi.so
10-31 09:13:35.471  6699  6699 V pythonutil: Checking pattern libSDL2_ttf\.so against libsqlite3.so
10-31 09:13:35.471  6699  6699 V pythonutil: Checking pattern libSDL2_ttf\.so against libSDL2.so
10-31 09:13:35.471  6699  6699 V pythonutil: Checking pattern libSDL2_ttf\.so against libSDL2_image.so
10-31 09:13:35.471  6699  6699 V pythonutil: Checking pattern libSDL2_ttf\.so against libssl1.1.so
10-31 09:13:35.471  6699  6699 V pythonutil: Checking pattern libSDL2_ttf\.so against libSDL2_mixer.so
10-31 09:13:35.471  6699  6699 V pythonutil: Checking pattern libSDL2_ttf\.so against libcrypto1.1.so
10-31 09:13:35.471  6699  6699 V pythonutil: Checking pattern libSDL2_ttf\.so against containsArmLibs.txt
10-31 09:13:35.471  6699  6699 V pythonutil: Checking pattern libSDL2_ttf\.so against libSDL2_ttf.so
10-31 09:13:35.471  6699  6699 V pythonutil: Pattern libSDL2_ttf\.so matched file libSDL2_ttf.so
10-31 09:13:35.471  6699  6699 V pythonutil: Checking pattern libSDL2_ttf\.so against libmain.so
10-31 09:13:35.471  6699  6699 V pythonutil: Checking pattern libSDL2_ttf\.so against libpython3.8.so
10-31 09:13:35.471  6699  6699 V pythonutil: Checking pattern libSDL2_ttf\.so against libhidapi.so
10-31 09:13:35.471  6699  6699 V pythonutil: Loading library: sqlite3
10-31 09:13:35.475  6685  6720 I FA      : App measurement is starting up, version: 11720
10-31 09:13:35.475  6685  6720 I FA      : To enable debug logging run: adb shell setprop log.tag.FA VERBOSE
10-31 09:13:35.475  6685  6720 I FA      : To enable faster debug mode event logging run:
10-31 09:13:35.475  6685  6720 I FA      :   adb shell setprop debug.firebase.analytics.app com.bluestacks.home
10-31 09:13:35.481  6685  6725 W ResourceType: No package identifier when getting value for resource number 0x00000000
10-31 09:13:35.481  6685  6725 W Fabric  : Could not calculate hash for app icon:Resource ID #0x0
10-31 09:13:35.484  6685  6725 W ResourceType: No package identifier when getting value for resource number 0x00000000
10-31 09:13:35.484  6685  6725 W Fabric  : Could not calculate hash for app icon:Resource ID #0x0
10-31 09:13:35.491  6685  6725 D NetworkSecurityConfig: No Network Security Config specified, using platform default
10-31 09:13:35.499  6685  6685 I CrashlyticsCore: Initializing Crashlytics 2.6.8.32
10-31 09:13:35.501  6685  6725 E Fabric  : Settings request failed.
10-31 09:13:35.502  6685  6725 E Answers : Failed to retrieve settings
10-31 09:13:35.513  6685  6733 D ApplicationLoaders: ignored Vulkan layer search path /data/app/com.google.android.gms-2/lib/x86_64:/data/app/com.google.android.gms-2/base.apk!/lib/x86_64:/data/app/com.google.android.gms-2/split_config.hdpi.apk!/lib/x86_64:/data/app/com.google.android.gms-2/split_config.ja.apk!/lib/x86_64 for namespace 0x741a44fad0f0
10-31 09:13:35.513  6699  6699 D houdini : [6699] Added shared library /data/app/jp.magicapp.test.magicapp_test-1/lib/arm/libsqlite3.so for ClassLoader by Native Bridge.
10-31 09:13:35.513  6699  6699 V pythonutil: Loading library: ffi
10-31 09:13:35.514  6699  6699 D houdini : [6699] Added shared library /data/app/jp.magicapp.test.magicapp_test-1/lib/arm/libffi.so for ClassLoader by Native Bridge.
10-31 09:13:35.514  6699  6699 V pythonutil: Loading library: ssl1.1
10-31 09:13:35.514  6685  6733 W ResourceType: ResTable_typeSpec entry count inconsistent: given 2869, previously 2890
10-31 09:13:35.514  6685  6733 W ResourceType: ResTable_typeSpec entry count inconsistent: given 511, previously 3842
10-31 09:13:35.515  6685  6727 W CrashlyticsCore: Received null settings, skipping report submission!
10-31 09:13:35.515  6685  6733 W ResourceType: ResTable_typeSpec entry count inconsistent: given 67, previously 69
10-31 09:13:35.518  6699  6699 D houdini : [6699] Added shared library /data/app/jp.magicapp.test.magicapp_test-1/lib/arm/libssl1.1.so for ClassLoader by Native Bridge.
10-31 09:13:35.518  6699  6699 V pythonutil: Loading library: crypto1.1
10-31 09:13:35.519  6699  6699 D houdini : [6699] Added shared library /data/app/jp.magicapp.test.magicapp_test-1/lib/arm/libcrypto1.1.so for ClassLoader by Native Bridge.
10-31 09:13:35.519  6699  6699 V pythonutil: Loading library: SDL2
10-31 09:13:35.540  6742  6742 I chatty  : uid=10001 com.google.android.gms.unstable expire 14 lines
10-31 09:13:35.547  6699  6699 D houdini : [6699] Added shared library /data/app/jp.magicapp.test.magicapp_test-1/lib/arm/libSDL2.so for ClassLoader by Native Bridge.
10-31 09:13:35.547  6699  6699 V pythonutil: Loading library: SDL2_image
10-31 09:13:35.551  6699  6699 D houdini : [6699] Added shared library /data/app/jp.magicapp.test.magicapp_test-1/lib/arm/libSDL2_image.so for ClassLoader by Native Bridge.
10-31 09:13:35.551  6699  6699 V pythonutil: Loading library: SDL2_mixer
10-31 09:13:35.551  1777  2341 I chatty  : uid=1000(system) Binder:1777_9 expire 4 lines
10-31 09:13:35.552  6699  6699 D houdini : [6699] Added shared library /data/app/jp.magicapp.test.magicapp_test-1/lib/arm/libSDL2_mixer.so for ClassLoader by Native Bridge.
10-31 09:13:35.552  6699  6699 V pythonutil: Loading library: SDL2_ttf
10-31 09:13:35.553  6699  6699 D houdini : [6699] Added shared library /data/app/jp.magicapp.test.magicapp_test-1/lib/arm/libSDL2_ttf.so for ClassLoader by Native Bridge.
10-31 09:13:35.553  6699  6699 V pythonutil: Loading library: python3.5m
10-31 09:13:35.554  6699  6699 V pythonutil: Library loading error: dalvik.system.PathClassLoader[DexPathList[[zip file "/data/app/jp.magicapp.test.magicapp_test-1/base.apk"],nativeLibraryDirectories=[/data/app/jp.magicapp.test.magicapp_test-1/lib/arm, /data/app/jp.magicapp.test.magicapp_test-1/base.apk!/lib/armeabi-v7a, /system/lib, /vendor/lib, /data/downloads, /data/priv-downloads]]] couldn't find "libpython3.5m.so"
10-31 09:13:35.554  6699  6699 V pythonutil: Loading library: python3.6m
10-31 09:13:35.554  6699  6699 V pythonutil: Library loading error: dalvik.system.PathClassLoader[DexPathList[[zip file "/data/app/jp.magicapp.test.magicapp_test-1/base.apk"],nativeLibraryDirectories=[/data/app/jp.magicapp.test.magicapp_test-1/lib/arm, /data/app/jp.magicapp.test.magicapp_test-1/base.apk!/lib/armeabi-v7a, /system/lib, /vendor/lib, /data/downloads, /data/priv-downloads]]] couldn't find "libpython3.6m.so"
10-31 09:13:35.554  6699  6699 V pythonutil: Loading library: python3.7m
10-31 09:13:35.555  6699  6699 V pythonutil: Library loading error: dalvik.system.PathClassLoader[DexPathList[[zip file "/data/app/jp.magicapp.test.magicapp_test-1/base.apk"],nativeLibraryDirectories=[/data/app/jp.magicapp.test.magicapp_test-1/lib/arm, /data/app/jp.magicapp.test.magicapp_test-1/base.apk!/lib/armeabi-v7a, /system/lib, /vendor/lib, /data/downloads, /data/priv-downloads]]] couldn't find "libpython3.7m.so"
10-31 09:13:35.555  6699  6699 V pythonutil: Loading library: python3.8
10-31 09:13:35.557  6685  6733 W ResourceType: ResTable_typeSpec entry count inconsistent: given 2869, previously 2890
10-31 09:13:35.557  6685  6733 W ResourceType: ResTable_typeSpec entry count inconsistent: given 511, previously 3842
10-31 09:13:35.557  6685  6733 W ResourceType: ResTable_typeSpec entry count inconsistent: given 67, previously 69
10-31 09:13:35.561  6699  6699 D houdini : [6699] Added shared library /data/app/jp.magicapp.test.magicapp_test-1/lib/arm/libpython3.8.so for ClassLoader by Native Bridge.
10-31 09:13:35.561  6699  6699 V pythonutil: Loading library: python3.9
10-31 09:13:35.561  6699  6699 V pythonutil: Library loading error: dalvik.system.PathClassLoader[DexPathList[[zip file "/data/app/jp.magicapp.test.magicapp_test-1/base.apk"],nativeLibraryDirectories=[/data/app/jp.magicapp.test.magicapp_test-1/lib/arm, /data/app/jp.magicapp.test.magicapp_test-1/base.apk!/lib/armeabi-v7a, /system/lib, /vendor/lib, /data/downloads, /data/priv-downloads]]] couldn't find "libpython3.9.so"
10-31 09:13:35.561  6699  6699 V pythonutil: Loading library: main
10-31 09:13:35.562  6699  6699 D houdini : [6699] Added shared library /data/app/jp.magicapp.test.magicapp_test-1/lib/arm/libmain.so for ClassLoader by Native Bridge.
10-31 09:13:35.562  6699  6699 V pythonutil: Loaded everything!
10-31 09:13:35.562  6699  6699 V SDL     : nativeSetupJNI()
10-31 09:13:35.563  6699  6699 V SDL     : AUDIO nativeSetupJNI()
10-31 09:13:35.563  6699  6699 V SDL     : CONTROLLER nativeSetupJNI()
10-31 09:13:35.564  6699  6699 D houdini : [6699] Added shared library /data/app/jp.magicapp.test.magicapp_test-1/lib/arm/libhidapi.so for ClassLoader by Native Bridge.
10-31 09:13:35.566  6699  6699 D hidapi  : Initializing Bluetooth
10-31 09:13:35.566  6699  6699 D hidapi  : Couldn't initialize Bluetooth, missing android.permission.BLUETOOTH
10-31 09:13:35.570  6699  6699 V PythonActivity: Setting env vars for start.c and Python to use
10-31 09:13:35.571  6699  6699 V PythonActivity: Access to our meta-data...
10-31 09:13:35.571  6699  6699 I PythonActivity: Surface will NOT be transparent
10-31 09:13:35.571  6699  6699 V PythonActivity: onResume()
10-31 09:13:35.571  6699  6699 V SDL     : onResume()
10-31 09:13:35.573  1777  1833 I HCALL   : hcallOnActivityDisplayedRpc(jp.magicapp.test.magicapp_test, org.kivy.android.PythonActivity)
10-31 09:13:35.575  1777  1833 I HCALL   : hcallSetAppConfigDbParamsRpc(jp.magicapp.test.magicapp_test, 0, 0, )
10-31 09:13:35.576  6699  6721 I         : hstInit: opened /dev/bstpgaipc: fd = 44
10-31 09:13:35.576  6699  6721 I         : Attempting to create new SOCKET connection pid = 6699, tid = 6721
10-31 09:13:35.578  6699  6721 I         : hstInitClientPgaIpc: Attempting to get GROUP2 cid
10-31 09:13:35.579  6699  6721 I         : hstInitClientPgaIpc: data mapped to 0xc62a0000 with size 4194304
10-31 09:13:35.579  6699  6721 I         : New SOCKET connection: jp.magicapp.test.magicapp_test (pid 6699, tid 6721)
10-31 09:13:35.580  6699  6721 I OpenGLRenderer: Initialized EGL, version 1.4
10-31 09:13:35.580  6699  6721 D OpenGLRenderer: Swap behavior 1
10-31 09:13:35.582  6699  6699 V SDL     : surfaceCreated()
10-31 09:13:35.582  6699  6699 V SDL     : surfaceChanged()
10-31 09:13:35.582  6699  6699 V SDL     : pixel format RGB_565
10-31 09:13:35.582  6699  6699 V SDL     : Window size: 900x1564
10-31 09:13:35.582  6699  6699 V SDL     : Device size: 900x1600
10-31 09:13:35.583  1777  2829 D Sensor  : bstsensor_activate, handle 0 enabled 1
10-31 09:13:35.583  1777  2829 D Sensor  : bstsensor_setDelay, handle 0, delay ms 20
10-31 09:13:35.583  6699  6699 V SDL     : nativeResume()
10-31 09:13:35.583  6699  6759 V SDL     : Running main function SDL_main from library /data/app/jp.magicapp.test.magicapp_test-1/lib/arm/libmain.so
10-31 09:13:35.583  6699  6759 V PythonActivity: appConfirmedActive() -> preparing loading screen removal
10-31 09:13:35.583  6699  6759 V SDL     : nativeRunMain()
10-31 09:13:35.584  6699  6759 I python  : Initializing Python for Android
10-31 09:13:35.585  6699  6759 I python  : Setting additional env vars from p4a_env_vars.txt
10-31 09:13:35.585  6699  6759 I python  : Changing directory to the one provided by ANDROID_ARGUMENT
10-31 09:13:35.585  6699  6759 I python  : /data/user/0/jp.magicapp.test.magicapp_test/files/app
10-31 09:13:35.585  6699  6759 I python  : Preparing to initialize python
10-31 09:13:35.585  6699  6759 I python  : _python_bundle dir exists
10-31 09:13:35.585  6699  6759 I python  : calculated paths to be...
10-31 09:13:35.585  6699  6759 I python  : /data/user/0/jp.magicapp.test.magicapp_test/files/app/_python_bundle/stdlib.zip:/data/user/0/jp.magicapp.test.magicapp_test/files/app/_python_bundle/modules
10-31 09:13:35.587  6699  6759 I python  : set wchar paths...
10-31 09:13:35.645  6699  6699 V SDL     : onWindowFocusChanged(): true
10-31 09:13:35.649  6699  6759 I python  : Initialized python
10-31 09:13:35.649  6699  6759 I python  : AND: Init threads
10-31 09:13:35.650  1777  1824 D ActivityManager: windowsDrawnLocked: packageName = jp.magicapp.test.magicapp_test, name = org.kivy.android.PythonActivity, mCallingPackage = com.bluestacks.launcher
10-31 09:13:35.650  1777  1824 I ActivityManager: Displayed jp.magicapp.test.magicapp_test/org.kivy.android.PythonActivity: +303ms
10-31 09:13:35.651  6699  6759 I python  : testing python print redirection
10-31 09:13:35.656  6699  6759 I python  : Android path ['.', '/data/user/0/jp.magicapp.test.magicapp_test/files/app/_python_bundle/stdlib.zip', '/data/user/0/jp.magicapp.test.magicapp_test/files/app/_python_bundle/modules', '/data/user/0/jp.magicapp.test.magicapp_test/files/app/_python_bundle/site-packages']
10-31 09:13:35.657  6699  6759 I python  : os.environ is environ({'PATH': '/sbin:/vendor/bin:/system/sbin:/system/bin:/system/xbin', 'force_s3tc_enable': 'true', 'EGL_LOG_LEVEL': 'info', 'OPENSSL_armcap': '0', 'BIONIC_DNSCACHE': '1', 'DOWNLOAD_CACHE': '/data/cache', 'ANDROID_BOOTLOGO': '1', 'ANDROID_ROOT': '/system', 'ANDROID_ASSETS': '/system/app', 'ANDROID_DATA': '/data', 'ANDROID_STORAGE': '/storage', 'EXTERNAL_STORAGE': '/sdcard', 'ASEC_MOUNTPOINT': '/mnt/asec', 'BOOTCLASSPATH': '/system/framework/core-oj.jar:/system/framework/core-libart.jar:/system/framework/conscrypt.jar:/system/framework/okhttp.jar:/system/framework/core-junit.jar:/system/framework/bouncycastle.jar:/system/framework/ext.jar:/system/framework/framework.jar:/system/framework/telephony-common.jar:/system/framework/voip-common.jar:/system/framework/ims-common.jar:/system/framework/apache-xml.jar:/system/framework/org.apache.http.legacy.boot.jar', 'SYSTEMSERVERCLASSPATH': '/system/framework/services.jar:/system/framework/ethernet-service.jar:/system/framework/wifi-service.jar', 'ANDROID_SOCKET_zygote_secondary': '8', 'ANDROID_ENTRYPOINT': 'main.pyc', 'ANDROID_ARGUMENT': '/data/user/0/jp.magicapp.test.magicapp_test/files/app', 'ANDROID_APP_PATH': '/data/user/0/jp.magicapp.test.magicapp_test/files/app', 'ANDROID_PRIVATE': '/data/user/0/jp.magicapp.test.magicapp_test/files', 'ANDROID_UNPACK': '/data/user/0/jp.magicapp.test.magicapp_test/files/app', 'PYTHONHOME': '/data/user/0/jp.magicapp.test.magicapp_test/files/app', 'PYTHONPATH': '/data/user/0/jp.magicapp.test.magicapp_test/files/app:/data/user/0/jp.magicapp.test.magicapp_test/files/app/lib', 'PYTHONOPTIMIZE': '2', 'P4A_BOOTSTRAP': 'SDL2', 'PYTHON_NAME': 'python', 'P4A_IS_WINDOWED': 'True', 'P4A_ORIENTATION': 'portrait', 'P4A_NUMERIC_VERSION': 'None', 'P4A_MINSDK': '21', 'LC_CTYPE': 'C.UTF-8'})
10-31 09:13:35.657  6699  6759 I python  : Android kivy bootstrap done. __name__ is __main__
10-31 09:13:35.657  6699  6759 I python  : AND: Ran string
10-31 09:13:35.657  6699  6759 I python  : Run user program, change dir and execute entrypoint
10-31 09:13:35.721  6742  6772 I chatty  : uid=10001 com.google.android.gms.unstable expire 1 line
10-31 09:13:35.722  6742  6771 I chatty  : uid=10001 com.google.android.gms.unstable expire 1 line
10-31 09:13:35.725  6742  6747 I chatty  : uid=10001 com.google.android.gms.unstable expire 3 lines
10-31 09:13:35.739  6742  6742 I chatty  : uid=10001 com.google.android.gms.unstable expire 4 lines
10-31 09:13:35.797  6699  6759 I python  : [INFO   ] [Logger      ] Record log in /data/user/0/jp.magicapp.test.magicapp_test/files/app/.kivy/logs/kivy_21-10-31_1.txt
10-31 09:13:35.797  6699  6759 I python  : [INFO   ] [Kivy        ] Installed at "/data/user/0/jp.magicapp.test.magicapp_test/files/app/_python_bundle/site-packages/kivy/__init__.pyc"
10-31 09:13:35.798  6699  6759 I python  : [INFO   ] [Python      ] v3.8.9 (default, Oct 28 2021, 08:39:33) 
10-31 09:13:35.798  6699  6759 I python  : [Clang 8.0.2 (https://android.googlesource.com/toolchain/clang 40173bab62ec7462
10-31 09:13:35.798  6699  6759 I python  : [INFO   ] [Python      ] Interpreter at ""
10-31 09:13:35.934  1777  1833 I HCALL   : hcallOnOrientationChangedRpc(1)
10-31 09:13:36.675  6699  6759 I python  : [INFO   ] [Factory     ] 186 symbols loaded
10-31 09:13:36.800  6779  6779 I chatty  : uid=10001 com.google.android.gms.unstable expire 14 lines
10-31 09:13:36.895  6699  6759 I python  : [INFO   ] [Image       ] Providers: img_tex, img_dds, img_sdl2 (img_pil, img_ffpyplayer ignored)
10-31 09:13:36.937  6779  6804 I chatty  : uid=10001 com.google.android.gms.unstable expire 1 line
10-31 09:13:36.947  6779  6803 I chatty  : uid=10001 com.google.android.gms.unstable expire 1 line
10-31 09:13:36.955  6779  6779 I chatty  : uid=10001 com.google.android.gms.unstable expire 4 lines
10-31 09:13:36.973  6699  6759 I python  : [INFO   ] [Window      ] Provider: sdl2
10-31 09:13:36.990  6699  6759 E libEGL  : validate_display:99 error 3008 (EGL_BAD_DISPLAY)
10-31 09:13:36.990  6699  6759 V SDL     : setOrientation() orientation=-1 width=800 height=600 resizable=true hint=
10-31 09:13:36.992  6699  6759 I         : hstInit: opened /dev/bstpgaipc: fd = 57
10-31 09:13:36.992  6699  6759 I         : Attempting to create new SOCKET connection pid = 6699, tid = 6759
10-31 09:13:36.992  6699  6759 I         : hstInitClientPgaIpc: Attempting to get GROUP2 cid
10-31 09:13:36.994  6699  6759 I         : hstInitClientPgaIpc: data mapped to 0xc4d80000 with size 4194304
10-31 09:13:36.994  6699  6759 I         : New SOCKET connection: jp.magicapp.test.magicapp_test (pid 6699, tid 6759)
10-31 09:13:37.002  1777  2528 I chatty  : uid=1000(system) Binder:1777_A expire 9 lines
10-31 09:13:37.024  6699  6759 I python  : [INFO   ] [GL          ] Using the "OpenGL ES 2" graphics system
10-31 09:13:37.025  6699  6759 I python  : [INFO   ] [GL          ] Backend used <sdl2>
10-31 09:13:37.027  6699  6759 I         : tid 6759: glGetString GL_VENDOR = Qualcomm
10-31 09:13:37.028  6699  6759 I python  : [INFO   ] [GL          ] OpenGL version <b'OpenGL ES 3.0'>
10-31 09:13:37.029  6699  6759 I python  : [INFO   ] [GL          ] OpenGL vendor <b'Qualcomm'>
10-31 09:13:37.029  6699  6759 I python  : [INFO   ] [GL          ] OpenGL renderer <b'Adreno (TM) 540'>
10-31 09:13:37.030  6699  6759 I python  : [INFO   ] [GL          ] OpenGL parsed version: 3, 0
10-31 09:13:37.030  6699  6759 I python  : [INFO   ] [GL          ] Texture max size <8192>
10-31 09:13:37.031  6699  6759 I python  : [INFO   ] [GL          ] Texture max units <32>
10-31 09:13:37.049  6699  6759 I python  : [INFO   ] [Window      ] auto add sdl2 input provider
10-31 09:13:37.051  6699  6759 I python  : [INFO   ] [Window      ] virtual keyboard not allowed, single mode, not docked
10-31 09:13:37.064  6699  6759 I python  : [INFO   ] [Text        ] Provider: sdl2
10-31 09:13:37.178  6699  6759 I python  : [WARNING] [Base        ] Unknown <android> provider
10-31 09:13:37.178  6699  6759 I python  : [INFO   ] [Base        ] Start application main loop
10-31 09:13:37.181  6699  6759 I python  : [INFO   ] [Base        ] Leaving application in progress...
10-31 09:13:37.182  6699  6759 I python  :  Traceback (most recent call last):
10-31 09:13:37.183  6699  6759 I python  :    File "/mnt/d/repos/workspace/PythonKivy/MagicApp_test/.buildozer/android/app/main.py", line 59, in <module>
10-31 09:13:37.183  6699  6759 I python  :    File "/mnt/d/repos/workspace/PythonKivy/MagicApp_test/.buildozer/android/platform/build-armeabi-v7a/build/python-installs/MagicApp_test/kivy/app.py", line 950, in run
10-31 09:13:37.184  6699  6759 I python  :    File "/mnt/d/repos/workspace/PythonKivy/MagicApp_test/.buildozer/android/platform/build-armeabi-v7a/build/python-installs/MagicApp_test/kivy/base.py", line 582, in runTouchApp
10-31 09:13:37.185  6699  6759 I python  :    File "/mnt/d/repos/workspace/PythonKivy/MagicApp_test/.buildozer/android/platform/build-armeabi-v7a/build/python-installs/MagicApp_test/kivy/base.py", line 347, in mainloop
10-31 09:13:37.186  6699  6759 I python  :    File "/mnt/d/repos/workspace/PythonKivy/MagicApp_test/.buildozer/android/platform/build-armeabi-v7a/build/python-installs/MagicApp_test/kivy/base.py", line 387, in idle
10-31 09:13:37.186  6699  6759 I python  :    File "/mnt/d/repos/workspace/PythonKivy/MagicApp_test/.buildozer/android/platform/build-armeabi-v7a/build/python-installs/MagicApp_test/kivy/clock.py", line 733, in tick
10-31 09:13:37.187  6699  6759 I python  :    File "/mnt/d/repos/workspace/PythonKivy/MagicApp_test/.buildozer/android/platform/build-armeabi-v7a/build/python-installs/MagicApp_test/kivy/clock.py", line 776, in post_idle
10-31 09:13:37.187  6699  6759 I python  :    File "kivy/_clock.pyx", line 616, in kivy._clock.CyClockBase._process_events
10-31 09:13:37.188  6699  6759 I python  :    File "kivy/_clock.pyx", line 649, in kivy._clock.CyClockBase._process_events
10-31 09:13:37.189  6699  6759 I python  :    File "kivy/_clock.pyx", line 645, in kivy._clock.CyClockBase._process_events
10-31 09:13:37.189  6699  6759 I python  :    File "kivy/_clock.pyx", line 218, in kivy._clock.ClockEvent.tick
10-31 09:13:37.190  6699  6759 I python  :    File "/mnt/d/repos/workspace/PythonKivy/MagicApp_test/.buildozer/android/platform/build-armeabi-v7a/build/python-installs/MagicApp_test/kivy/uix/label.py", line 413, in texture_update
10-31 09:13:37.190  6699  6759 I python  :    File "/mnt/d/repos/workspace/PythonKivy/MagicApp_test/.buildozer/android/platform/build-armeabi-v7a/build/python-installs/MagicApp_test/kivy/core/text/__init__.py", line 759, in refresh
10-31 09:13:37.191  6699  6759 I python  :    File "/mnt/d/repos/workspace/PythonKivy/MagicApp_test/.buildozer/android/platform/build-armeabi-v7a/build/python-installs/MagicApp_test/kivy/core/text/__init__.py", line 356, in resolve_font_name
10-31 09:13:37.191  6699  6759 I python  :  OSError: Label: File 'VL-Gothic-Regular.ttf' not found
10-31 09:13:37.191  6699  6759 I python  : Python for android ended.
10-31 09:13:37.286  1777  1843 W InputDispatcher: channel 'e069939 jp.magicapp.test.magicapp_test/org.kivy.android.PythonActivity (server)' ~ Consumer closed input channel or an error occurred.  events=0x9
10-31 09:13:37.286  1777  1843 E InputDispatcher: channel 'e069939 jp.magicapp.test.magicapp_test/org.kivy.android.PythonActivity (server)' ~ Channel is unrecoverably broken and will be disposed!
10-31 09:13:37.286  1777  2066 W InputDispatcher: Attempted to unregister already unregistered input channel 'e069939 jp.magicapp.test.magicapp_test/org.kivy.android.PythonActivity (server)'
10-31 09:13:37.286  1777  2064 D Sensor  : bstsensor_activate, handle 0 enabled 0
10-31 09:13:37.286  1513  1513 I Zygote  : Process 6699 exited cleanly (255)
10-31 09:13:37.287  1777  1917 D GraphicsStats: Buffer count: 2
10-31 09:13:37.353  2021  2021 D BstCommandProcessor-Application: onConfigurationChanged called
10-31 09:13:37.358  1777  1844 I InputReader: Reconfiguring input devices.  changes=0x00000004
10-31 09:13:37.358  1777  1844 I InputReader: Device reconfigured: id=3, name='BlueStacks Virtual Touch', size 1600x900, orientation 0, mode 1, display id 0
10-31 09:13:37.358  1777  1844 I InputReader: Device reconfigured: id=6, name='VirtualBox mouse integration', size 1600x900, orientation 0, mode 4, display id 0
10-31 09:13:37.367  1777  1833 I HCALL   : hcallOnActivityDisplayedRpc(com.bluestacks.launcher, com.bluestacks.launcher.activity.HomeActivity)
10-31 09:13:37.374  1777  1833 I HCALL   : hcallSetAppConfigDbParamsRpc(com.bluestacks.launcher, 0, 0, )
10-31 09:13:37.402  1777  1824 D ActivityManager: windowsDrawnLocked: packageName = com.bluestacks.launcher, name = com.bluestacks.launcher.activity.HomeActivity, mCallingPackage = null
10-31 09:13:37.732  1777  1833 I HCALL   : hcallOnOrientationChangedRpc(0)
10-31 09:13:38.012  6812  6812 I chatty  : uid=10001 com.google.android.gms.unstable expire 14 lines
10-31 09:13:38.128  6812  6837 I chatty  : uid=10001 com.google.android.gms.unstable expire 1 line
10-31 09:13:38.129  6812  6836 I chatty  : uid=10001 com.google.android.gms.unstable expire 1 line
10-31 09:13:38.135  6812  6817 I chatty  : uid=10001 com.google.android.gms.unstable expire 3 lines
10-31 09:13:38.145  6812  6812 I chatty  : uid=10001 com.google.android.gms.unstable expire 4 lines
10-31 09:13:39.195  6843  6843 I chatty  : uid=10001 com.google.android.gms.unstable expire 14 lines
10-31 09:13:39.306  6843  6868 I chatty  : uid=10001 com.google.android.gms.unstable expire 1 line
10-31 09:13:39.309  6843  6867 I chatty  : uid=10001 com.google.android.gms.unstable expire 1 line
10-31 09:13:39.314  6843  6848 I chatty  : uid=10001 com.google.android.gms.unstable expire 3 lines
10-31 09:13:39.326  6843  6843 I chatty  : uid=10001 com.google.android.gms.unstable expire 4 lines
10-31 09:13:39.383  1777  1798 I chatty  : uid=1000(system) Binder:1777_1 expire 9 lines
10-31 09:13:39.505  1777  1824 I art     : Starting a blocking GC Explicit
10-31 09:13:39.516  1777  1824 I art     : Explicit concurrent mark sweep GC freed 10081(490KB) AllocSpace objects, 5(100KB) LOS objects, 33% free, 9MB/14MB, paused 170us total 10.240ms
10-31 09:13:40.393  6874  6874 I chatty  : uid=10001 com.google.android.gms.unstable expire 14 lines
10-31 09:13:40.512  6874  6899 I chatty  : uid=10001 com.google.android.gms.unstable expire 1 line
10-31 09:13:40.517  6874  6898 I chatty  : uid=10001 com.google.android.gms.unstable expire 1 line
10-31 09:13:40.520  6874  6879 I chatty  : uid=10001 com.google.android.gms.unstable expire 3 lines
10-31 09:13:40.535  6874  6874 I chatty  : uid=10001 com.google.android.gms.unstable expire 4 lines
10-31 09:13:41.588  6905  6905 I chatty  : uid=10001 com.google.android.gms.unstable expire 14 lines
10-31 09:13:41.686  6905  6930 I chatty  : uid=10001 com.google.android.gms.unstable expire 1 line
10-31 09:13:41.691  6905  6929 I chatty  : uid=10001 com.google.android.gms.unstable expire 1 line
10-31 09:13:41.699  6905  6910 I chatty  : uid=10001 com.google.android.gms.unstable expire 3 lines
10-31 09:13:41.704  6905  6905 I chatty  : uid=10001 com.google.android.gms.unstable expire 4 lines
10-31 09:13:42.779  6936  6936 I chatty  : uid=10001 com.google.android.gms.unstable expire 11 lines
10-31 09:13:42.884  6936  6961 I chatty  : uid=10001 com.google.android.gms.unstable expire 1 line
10-31 09:13:42.885  6936  6960 I chatty  : uid=10001 com.google.android.gms.unstable expire 1 line
10-31 09:13:42.897  6936  6941 I chatty  : uid=10001 com.google.android.gms.unstable expire 3 lines
10-31 09:13:42.898  6936  6936 I chatty  : uid=10001 com.google.android.gms.unstable expire 3 lines
10-31 09:13:42.901  6936  6936 I chatty  : uid=10001 com.google.android.gms.unstable expire 4 lines
10-31 09:13:42.954  1777  3519 I chatty  : uid=1000(system) Binder:1777_11 expire 6 lines
10-31 09:13:43.968  6967  6967 I chatty  : uid=10001 com.google.android.gms.unstable expire 14 lines
10-31 09:13:44.077  6967  6992 I chatty  : uid=10001 com.google.android.gms.unstable expire 1 line
10-31 09:13:44.083  6967  6991 I chatty  : uid=10001 com.google.android.gms.unstable expire 1 line
10-31 09:13:44.089  6967  6972 I chatty  : uid=10001 com.google.android.gms.unstable expire 3 lines
10-31 09:13:44.104  6967  6967 I chatty  : uid=10001 com.google.android.gms.unstable expire 4 lines
10-31 09:13:45.172  1508  6971 I art     : Starting a blocking GC HeapTrim
10-31 09:13:45.176  6998  6998 I chatty  : uid=10001 com.google.android.gms.unstable expire 14 lines
10-31 09:13:45.185  1998  1998 I chatty  : uid=10001(com.google.android.gms) com.google.andr expire 1 line
10-31 09:13:45.185  2519  2519 I chatty  : uid=10001(com.google.android.gms) expire 5 lines
10-31 09:13:45.187  1998  6558 I chatty  : uid=10001(com.google.android.gms) com.google.andr expire 2 lines
10-31 09:13:45.284  6998  7024 I chatty  : uid=10001 com.google.android.gms.unstable expire 1 line
10-31 09:13:45.291  6998  7023 I chatty  : uid=10001 com.google.android.gms.unstable expire 1 line
10-31 09:13:45.295  6998  7003 I chatty  : uid=10001 com.google.android.gms.unstable expire 3 lines
10-31 09:13:45.304  6998  6998 I chatty  : uid=10001 com.google.android.gms.unstable expire 4 lines
10-31 09:13:46.391  7030  7030 I chatty  : uid=10001 com.google.android.gms.unstable expire 14 lines
10-31 09:13:46.489  7030  7055 I chatty  : uid=10001 com.google.android.gms.unstable expire 1 line
10-31 09:13:46.493  7030  7054 I chatty  : uid=10001 com.google.android.gms.unstable expire 1 line
10-31 09:13:46.497  7030  7035 I chatty  : uid=10001 com.google.android.gms.unstable expire 3 lines
10-31 09:13:46.506  7030  7030 I chatty  : uid=10001 com.google.android.gms.unstable expire 4 lines
10-31 09:13:46.554  1777  3715 I chatty  : uid=1000(system) Binder:1777_13 expire 12 lines
10-31 09:13:47.565  7061  7061 I chatty  : uid=10001 com.google.android.gms.unstable expire 14 lines
10-31 09:13:47.572  1777  1817 I chatty  : uid=1000(system) ActivityManager expire 10 lines
10-31 09:13:47.663  7061  7086 I chatty  : uid=10001 com.google.android.gms.unstable expire 1 line
10-31 09:13:47.668  7061  7085 I chatty  : uid=10001 com.google.android.gms.unstable expire 1 line
10-31 09:13:47.673  7061  7066 I chatty  : uid=10001 com.google.android.gms.unstable expire 3 lines
10-31 09:13:47.682  7061  7061 I chatty  : uid=10001 com.google.android.gms.unstable expire 4 lines
10-31 09:13:48.850  7092  7092 I chatty  : uid=10001 com.google.android.gms.unstable expire 14 lines
10-31 09:13:48.951  7092  7117 I chatty  : uid=10001 com.google.android.gms.unstable expire 1 line
10-31 09:13:48.952  7092  7116 I chatty  : uid=10001 com.google.android.gms.unstable expire 1 line
10-31 09:13:48.960  7092  7097 I chatty  : uid=10001 com.google.android.gms.unstable expire 3 lines
10-31 09:13:48.969  7092  7092 I chatty  : uid=10001 com.google.android.gms.unstable expire 4 lines
10-31 09:13:50.031  7123  7123 I chatty  : uid=10001 com.google.android.gms.unstable expire 14 lines
10-31 09:13:50.138  7123  7148 I chatty  : uid=10001 com.google.android.gms.unstable expire 1 line
10-31 09:13:50.140  7123  7147 I chatty  : uid=10001 com.google.android.gms.unstable expire 1 line
10-31 09:13:50.147  7123  7128 I chatty  : uid=10001 com.google.android.gms.unstable expire 3 lines
10-31 09:13:50.159  7123  7123 I chatty  : uid=10001 com.google.android.gms.unstable expire 4 lines
10-31 09:13:50.203  1777  2574 I chatty  : uid=1000(system) Binder:1777_B expire 6 lines
10-31 09:13:50.439  1777  1842 I chatty  : uid=1000(system) AlarmManager expire 1 line
10-31 09:13:50.441  5738  5738 I Finsky  : [1] qru.a(3): SCH: job service start with id 9823.
10-31 09:13:50.446  5738  7154 I Finsky  : [480] qik.a(5): SCH: Satisfied jobs for 9823 are: 29-29
10-31 09:13:50.447  5738  7155 I Finsky  : [481] qqo.accept(67): SCH: Job 29-29 starting
10-31 09:13:50.448  5738  7156 I Finsky  : [482] wav.h(-1): ProcessRecoveryLogsUtil: No files in recovery directory
10-31 09:13:50.448  5738  7156 I Finsky  : [482] qpo.s(4): SCH: jobFinished: 29-29. TimeElapsed: 1ms.
10-31 09:13:50.455  1998  6560 I chatty  : uid=10001(com.google.android.gms) com.google.andr expire 7 lines
10-31 09:13:50.462  5738  5767 I Finsky  : [420] qiv.accept(51): SCH: Scheduling phonesky job Id: 26-1414141414, CT: 1635617975267, Constraints: [{ L: 43199999, D: 44099999, C: 1, I: 1, N: 0 }]
10-31 09:13:50.464  5738  5767 I Finsky  : [420] pyk.apply(84): SCH: Scheduling 1 system job(s)
10-31 09:13:50.464  5738  5767 I Finsky  : [420] pyk.apply(88): SCH: Scheduling system job Id: 9845, L: 21944802, D: 22844802, C: false, I: false, N: 0
10-31 09:13:50.465  2519  3940 I chatty  : uid=10001(com.google.android.gms) expire 5 lines
10-31 09:13:50.466  2519  2524 I chatty  : uid=10001(com.google.android.gms) expire 1 line
10-31 09:13:50.467  1998  7013 I chatty  : uid=10001(com.google.android.gms) lowpool[17] expire 3 lines
10-31 09:13:50.468  2519  3942 I chatty  : uid=10001(com.google.android.gms) expire 8 lines
10-31 09:13:50.469  5738  7155 I Finsky  : [481] qrq.a(-1): SCH: job service finished with id 9823.
10-31 09:13:50.483  2519  2653 I chatty  : uid=10001(com.google.android.gms) expire 4 lines
10-31 09:13:50.492  1998  7157 I chatty  : uid=10001(com.google.android.gms) com.google.andr expire 1 line
10-31 09:13:51.213  7159  7159 I chatty  : uid=10001 com.google.android.gms.unstable expire 14 lines
10-31 09:13:51.311  7159  7184 I chatty  : uid=10001 com.google.android.gms.unstable expire 1 line
10-31 09:13:51.333  7159  7183 I chatty  : uid=10001 com.google.android.gms.unstable expire 1 line
10-31 09:13:51.340  7159  7163 I chatty  : uid=10001 com.google.android.gms.unstable expire 3 lines
10-31 09:13:51.348  7159  7159 D AndroidRuntime: procName from cmdline: com.google.android.gms.unstable
10-31 09:13:51.348  7159  7159 E AndroidRuntime: in writeCrashedAppName, pkgName :com.google.android.gms.unstable
10-31 09:13:51.348  7159  7159 D AndroidRuntime: file written successfully with content: com.google.android.gms.unstable StringBuffer : ;com.google.android.gms.unstable
10-31 09:13:51.348  7159  7159 W FileUtils: Failed to chmod(/data/downloads/.tmp/.crashed_app): android.system.ErrnoException: chmod failed: EPERM (Operation not permitted)
10-31 09:13:52.422  7190  7190 I chatty  : uid=10001 com.google.android.gms.unstable expire 14 lines
10-31 09:13:52.517  7190  7215 I chatty  : uid=10001 com.google.android.gms.unstable expire 1 line
10-31 09:13:52.524  7190  7214 I chatty  : uid=10001 com.google.android.gms.unstable expire 1 line
10-31 09:13:52.530  7190  7195 I chatty  : uid=10001 com.google.android.gms.unstable expire 3 lines
10-31 09:13:52.537  7190  7190 D AndroidRuntime: procName from cmdline: com.google.android.gms.unstable
10-31 09:13:52.537  7190  7190 E AndroidRuntime: in writeCrashedAppName, pkgName :com.google.android.gms.unstable
10-31 09:13:52.537  7190  7190 D AndroidRuntime: file written successfully with content: com.google.android.gms.unstable StringBuffer : ;com.google.android.gms.unstable
10-31 09:13:52.537  7190  7190 W FileUtils: Failed to chmod(/data/downloads/.tmp/.crashed_app): android.system.ErrnoException: chmod failed: EPERM (Operation not permitted)
10-31 09:13:53.583  7221  7221 I chatty  : uid=10001 com.google.android.gms.unstable expire 14 lines
10-31 09:13:53.681  7221  7246 I chatty  : uid=10001 com.google.android.gms.unstable expire 1 line
10-31 09:13:53.683  7221  7245 I chatty  : uid=10001 com.google.android.gms.unstable expire 1 line
10-31 09:13:53.691  7221  7226 I chatty  : uid=10001 com.google.android.gms.unstable expire 3 lines
10-31 09:13:53.699  7221  7221 D AndroidRuntime: procName from cmdline: com.google.android.gms.unstable
10-31 09:13:53.699  7221  7221 E AndroidRuntime: in writeCrashedAppName, pkgName :com.google.android.gms.unstable
10-31 09:13:53.699  7221  7221 D AndroidRuntime: file written successfully with content: com.google.android.gms.unstable StringBuffer : ;com.google.android.gms.unstable
10-31 09:13:53.700  7221  7221 W FileUtils: Failed to chmod(/data/downloads/.tmp/.crashed_app): android.system.ErrnoException: chmod failed: EPERM (Operation not permitted)
10-31 09:13:53.754  1777  6810 I chatty  : uid=1000(system) Binder:1777_1A expire 3 lines
10-31 09:13:54.802  7252  7252 I chatty  : uid=10001 com.google.android.gms.unstable expire 14 lines
10-31 09:13:54.899  7252  7276 I chatty  : uid=10001 com.google.android.gms.unstable expire 1 line
10-31 09:13:54.899  7252  7277 I chatty  : uid=10001 com.google.android.gms.unstable expire 1 line
10-31 09:13:54.907  7252  7257 I chatty  : uid=10001 com.google.android.gms.unstable expire 3 lines
10-31 09:13:54.918  7252  7252 D AndroidRuntime: procName from cmdline: com.google.android.gms.unstable
