10-31 09:11:52.823  1777  1845 W MountService: No primary storage mounted!
10-31 09:11:52.823  1777  1845 D VoldConnector: SND -> {2 asec list}
10-31 09:11:52.824  1777  1777 I SystemServer: StartLockSettingsService
10-31 09:11:52.824  1777  1846 D VoldConnector: RCV <- {200 2 asec operation succeeded}
10-31 09:11:52.824  1777  1777 I SystemServiceManager: Starting com.android.server.LockSettingsService$Lifecycle
10-31 09:11:52.826  1777  1777 I SystemServiceManager: Starting com.android.server.DeviceIdleController
10-31 09:11:52.827  1777  1777 I SystemServiceManager: Starting com.android.server.devicepolicy.DevicePolicyManagerService$Lifecycle
10-31 09:11:52.828  1777  1777 I SystemServer: StartStatusBarManagerService
10-31 09:11:52.829  1777  1777 I SystemServer: StartClipboardService
10-31 09:11:52.829  1777  1777 I SystemServer: StartNetworkManagementService
10-31 09:11:52.830  1777  1848 I NetworkManagement: onDaemonConnected()
10-31 09:11:52.831  1777  1777 I SystemServiceManager: Starting com.android.server.TextServicesManagerService$Lifecycle
10-31 09:11:52.832  1777  1777 I SystemServer: StartNetworkScoreService
10-31 09:11:52.832  1777  1777 I SystemServer: StartNetworkStatsService
10-31 09:11:52.834  1777  1843 D WindowManager: in computeScreenConfigurationLocked() -- hardKeyboardAvailable :true  mHardKeyboardAvailable :false
10-31 09:11:52.834  1777  1777 I SystemServer: StartNetworkPolicyManagerService
10-31 09:11:52.835  1777  1843 I ActivityManager: Config changes=8 {1.0 440mcc10mnc [ja_JP] ldltr sw600dp w1066dp h576dp 240dpi lrg long land finger -keyb/v/h -nav/h s.5}
10-31 09:11:52.836  1777  1843 D WindowManager: mHasNavigationBar: false
10-31 09:11:52.836  1777  1843 D WindowManager: in computeScreenConfigurationLocked() -- hardKeyboardAvailable :true  mHardKeyboardAvailable :true
10-31 09:11:52.837  1777  1777 I SystemServer: No Wi-Fi NAN Service (NAN support Not Present)
10-31 09:11:52.839  1777  1777 I SystemServiceManager: Starting com.android.server.wifi.p2p.WifiP2pService
10-31 09:11:52.844  1777  1777 I SystemServiceManager: Starting com.android.server.wifi.WifiService
10-31 09:11:52.860  1777  1817 E KernelCpuSpeedReader: Failed to read cpu-freq: /sys/devices/system/cpu/cpu0/cpufreq/stats/time_in_state (No such file or directory)
10-31 09:11:52.860  1777  1820 E KernelCpuSpeedReader: Failed to read cpu-freq: /sys/devices/system/cpu/cpu0/cpufreq/stats/time_in_state (No such file or directory)
10-31 09:11:52.860  1777  1854 I chatty  : uid=1000(system) IpManager.wlan0 expire 1 line
10-31 09:11:52.860  1536  1814 D CommandListener: Clearing all IP addresses on wlan0
10-31 09:11:52.862  1855  1855 E ProbeModule: insmod_by_dep: cannot load module: [netdev-wlan0]
10-31 09:11:52.863  1856  1856 E ProbeModule: insmod_by_dep: cannot load module: [wlan0]
10-31 09:11:53.060  1777  1853 I chatty  : uid=1000(system) WifiStateMachin expire 1 line
10-31 09:11:53.064  1777  1777 I SystemServiceManager: Starting com.android.server.wifi.scanner.WifiScanningService
10-31 09:11:53.065  1777  1777 I SystemServiceManager: Starting com.android.server.wifi.RttService
10-31 09:11:53.066  1777  1777 I SystemServiceManager: Starting com.android.server.ethernet.EthernetService
10-31 09:11:53.067  1777  1777 I SystemServer: StartConnectivityService
10-31 09:11:53.069  1777  1777 D ConnectivityService: ConnectivityService starting up
10-31 09:11:53.070  1777  1777 D ConnectivityService: wifiOnly=false
10-31 09:11:53.070  1777  1777 E ConnectivityService: Ignoring protectedNetwork 14
10-31 09:11:53.070  1777  1777 E ConnectivityService: Ignoring protectedNetwork 15
10-31 09:11:53.074  1777  1777 I SystemServer: StartNsdService
10-31 09:11:53.076  1777  1777 I SystemServer: StartUpdateLockService
10-31 09:11:53.076  1777  1777 I SystemServiceManager: Starting com.android.server.RecoverySystemService
10-31 09:11:53.076  1777  1777 I SystemServer: Waiting for mountService before continuing
10-31 09:11:53.077  1777  1777 I SystemServiceManager: Starting com.android.server.notification.NotificationManagerService
10-31 09:11:53.117  1777  1777 D ConditionProviders.SCP: new ScheduleConditionProvider()
10-31 09:11:53.118  1777  1777 D ZenLog  : config: readXml,ZenModeConfig[user=0,allowCalls=true,allowRepeatCallers=false,allowMessages=false,allowCallsFrom=contacts,allowMessagesFrom=contacts,allowReminders=true,allowEvents=true,allowWhenScreenOff=true,allowWhenScreenOn=true,automaticRules={8a401eafa1234fb7bdcae12daa60fae7=ZenRule[enabled=false,snoozing=false,name=週末,zenMode=ZEN_MODE_ALARMS,conditionId=condition://android/schedule?days=6.7&start=23.30&end=10.0&exitAtAlarm=false,condition=Condition[id=condition://android/schedule?days=6.7&start=23.30&end=10.0&exitAtAlarm=false,summary=...,line1=...,line2=...,icon=0,state=STATE_TRUE,flags=2],component=ComponentInfo{android/com.android.server.notification.ScheduleConditionProvider},id=8a401eafa1234fb7bdcae12daa60fae7,creationTime=1626595771149,enabler=null], 638fb34603a8482f8fa074dec2facbb2=ZenRule[enabled=false,snoozing=false,name=予定,zenMode=ZEN_MODE_ALARMS,conditionId=condition://android/event?userId=-10000&calendar=&reply=1,condition=Condition[id=condition://android/event?userId=-10000&calendar=&reply=1,summary=...,line1=...,line2=...,icon=0,state=STATE_FALSE,flags=2],component=ComponentInfo{android/com.android.server.notification.EventConditionProvider},id=638fb34603a8482f8fa074dec2facbb2,creationTime=1626595771149,enabler=null], ba84bd86c61740c98e8115e73ee1677c=ZenRule[enabled=false,snoozing=false,name=平日の夜,zenMode=ZEN_MODE_ALARMS,conditionId=condition://android/schedule?days=1.2.3.4.5&start=22.0&end=7.0&exitAtAlarm=false,condition=Condition[id=condition://android/schedule?days=1.2.3.4.5&start=22.0&end=7.0&exitAtAlarm=false,summary=...,line1=...,line2=...,icon=0,state=STATE_FALSE,flags=2],component=ComponentInfo{android/com.android.server.notification.ScheduleConditionProvider},id=ba84bd86c61740c98e8115e73ee1677c,creationTime=1626595771149,enabler=null]},manualRule=null],Diff[automaticRule[560df85ee6a04cf59481d9d3c36de184]:delete,automaticRule[8a401eafa1234fb7bdcae12daa60fae7]:insert,automaticRule[638fb34603a8482f8fa074dec2facbb2]:insert,automaticRule[ba84bd86c61740c98e8115e73ee1677c]:insert,automaticRule[6ffceeefd5e347928d104909a66f83b8]:delete,automaticRule[0b746d9dae2f4f80b7cf162e507f0682]:delete]
10-31 09:11:53.119  1777  1777 D ZenLog  : set_zen_mode: off,init
10-31 09:11:53.120  1777  1777 I SystemServiceManager: Starting com.android.server.storage.DeviceStorageMonitorService
10-31 09:11:53.122  1777  1777 I SystemServer: StartLocationManagerService
10-31 09:11:53.123  1777  1777 I SystemServer: StartCountryDetectorService
10-31 09:11:53.123  1777  1777 I SystemServer: StartSearchManagerService
10-31 09:11:53.123  1777  1777 I SystemServiceManager: Starting com.android.server.search.SearchManagerService$Lifecycle
10-31 09:11:53.124  1777  1777 I SystemServiceManager: Starting com.android.server.DropBoxManagerService
10-31 09:11:53.124  1777  1777 I SystemServer: StartWallpaperManagerService
10-31 09:11:53.124  1777  1777 I SystemServiceManager: Starting com.android.server.wallpaper.WallpaperManagerService$Lifecycle
10-31 09:11:53.125  1777  1777 E WallpaperManagerService: Invalid wallpaper data
10-31 09:11:53.125  1777  1777 E WallpaperManagerService: Unable to apply new wallpaper
10-31 09:11:53.125  1777  1777 I SystemServer: StartAudioService
10-31 09:11:53.125  1777  1777 I SystemServiceManager: Starting com.android.server.audio.AudioService$Lifecycle
10-31 09:11:53.127  1515  1557 D PermissionCache: checking android.permission.MODIFY_AUDIO_SETTINGS for uid=1000 => granted (124 us)
10-31 09:11:53.134  1777  1777 I SystemServiceManager: Starting com.android.server.DockObserver
10-31 09:11:53.134  1777  1777 W DockObserver: This kernel does not have dock station support
10-31 09:11:53.134  1777  1777 I SystemServer: StartWiredAccessoryManager
10-31 09:11:53.134  1777  1777 W WiredAccessoryManager: This kernel does not have usb audio support
10-31 09:11:53.134  1777  1777 W WiredAccessoryManager: This kernel does not have HDMI audio support
10-31 09:11:53.134  1777  1777 I SystemServiceManager: Starting com.android.server.usb.UsbService$Lifecycle
10-31 09:11:53.136  1777  1777 I SystemServer: StartSerialService
10-31 09:11:53.136  1777  1777 I SystemServiceManager: Starting com.android.server.twilight.TwilightService
10-31 09:11:53.137  1777  1777 I SystemServiceManager: Starting com.android.server.job.JobSchedulerService
10-31 09:11:53.137  1777  1777 D JobStore: Start tag: job-info
10-31 09:11:53.139  1777  1777 I SystemServiceManager: Starting com.android.server.soundtrigger.SoundTriggerService
10-31 09:11:53.140  1777  1777 I SystemServiceManager: Starting com.android.server.backup.BackupManagerService$Lifecycle
10-31 09:11:53.140  1777  1777 I SystemServiceManager: Starting com.android.server.appwidget.AppWidgetService
10-31 09:11:53.142  1777  1777 I SystemServiceManager: Starting com.android.server.voiceinteraction.VoiceInteractionManagerService
10-31 09:11:53.142  1777  1777 I SystemServer: Gesture Launcher Service
10-31 09:11:53.142  1777  1777 I SystemServiceManager: Starting com.android.server.GestureLauncherService
10-31 09:11:53.142  1777  1777 I SystemServiceManager: Starting com.android.server.SensorNotificationService
10-31 09:11:53.142  1777  1777 I SystemServiceManager: Starting com.android.server.ContextHubSystemService
10-31 09:11:53.143  1777  1777 I SystemServer: StartDiskStatsService
10-31 09:11:53.143  1777  1777 I SystemServer: StartSamplingProfilerService
10-31 09:11:53.144  1777  1777 I SystemServer: StartNetworkTimeUpdateService
10-31 09:11:53.144  1777  1777 I SystemServer: StartCommonTimeManagementService
10-31 09:11:53.145  1777  1777 I SystemServer: CertBlacklister
10-31 09:11:53.145  1777  1777 I SystemServiceManager: Starting com.android.server.emergency.EmergencyAffordanceService
10-31 09:11:53.145  1777  1777 I SystemServiceManager: Starting com.android.server.dreams.DreamManagerService
10-31 09:11:53.146  1777  1777 I SystemServiceManager: Starting com.android.server.print.PrintManagerService
10-31 09:11:53.147  1777  1777 I SystemServiceManager: Starting com.android.server.restrictions.RestrictionsManagerService
10-31 09:11:53.147  1777  1777 I SystemServiceManager: Starting com.android.server.media.MediaSessionService
10-31 09:11:53.148  1777  1777 I SystemServer: StartMediaRouterService
10-31 09:11:53.148  1777  1777 I SystemServiceManager: Starting com.android.server.trust.TrustManagerService
10-31 09:11:53.148  1777  1777 I SystemServer: StartBackgroundDexOptService
10-31 09:11:53.149  1777  1777 I SystemServiceManager: Starting com.android.server.pm.ShortcutService$Lifecycle
10-31 09:11:53.150  1777  1777 I SystemServiceManager: Starting com.android.server.pm.LauncherAppsService
10-31 09:11:53.150  1777  1777 I SystemServiceManager: Starting com.android.server.media.projection.MediaProjectionManagerService
10-31 09:11:53.152  1777  1777 I SystemServiceManager: Starting com.android.server.MmsServiceBroker
10-31 09:11:53.152  1777  1870 I chatty  : uid=1000 system_server expire 1 line
10-31 09:11:53.158  1528  1528 E SELinux : avc:  denied  { exist } for pid=1777 uid=1000 scontext=u:r:system_server:s0 tcontext=u:r:init:s0 tclass=keystore_key permissive=1
10-31 09:11:53.159  1777  1777 E LockSettingsStorage: Cannot read file java.io.FileNotFoundException: /data/system/gatekeeper.password.key: open failed: ENOENT (No such file or directory)
10-31 09:11:53.159  1777  1777 E LockSettingsStorage: Cannot read file java.io.FileNotFoundException: /data/system/password.key: open failed: ENOENT (No such file or directory)
10-31 09:11:53.159  1777  1777 E LockSettingsStorage: Cannot read file java.io.FileNotFoundException: /data/system/gatekeeper.pattern.key: open failed: ENOENT (No such file or directory)
10-31 09:11:53.159  1777  1777 E LockSettingsStorage: Cannot read file java.io.FileNotFoundException: /data/system/gatekeeper.gesture.key: open failed: ENOENT (No such file or directory)
10-31 09:11:53.159  1777  1777 E LockSettingsStorage: Cannot read file java.io.FileNotFoundException: /data/system/gesture.key: open failed: ENOENT (No such file or directory)
10-31 09:11:53.159  1777  1777 I SystemServiceManager: Starting phase 480
10-31 09:11:53.165  1777  1777 I DevicePolicyManagerService: Set ro.device_owner property to false
10-31 09:11:53.166  1777  1777 I SystemServiceManager: Starting phase 500
10-31 09:11:53.168  1777  1777 I WifiService: WifiService starting up with Wi-Fi disabled
10-31 09:11:53.170  1777  1859 D ConnectivityService: Got NetworkFactory Messenger for Ethernet
10-31 09:11:53.171  1777  1872 I chatty  : uid=1000(system) EthernetService expire 1 line
10-31 09:11:53.171  1536  1814 D CommandListener: Setting iface cfg
10-31 09:11:53.172  1536  1814 D CommandListener: Trying to bring up eth0
10-31 09:11:53.173  1777  1777 D ZenLog  : config: cleanUpZenRules,ZenModeConfig[user=0,allowCalls=true,allowRepeatCallers=false,allowMessages=false,allowCallsFrom=contacts,allowMessagesFrom=contacts,allowReminders=true,allowEvents=true,allowWhenScreenOff=true,allowWhenScreenOn=true,automaticRules={8a401eafa1234fb7bdcae12daa60fae7=ZenRule[enabled=false,snoozing=false,name=週末,zenMode=ZEN_MODE_ALARMS,conditionId=condition://android/schedule?days=6.7&start=23.30&end=10.0&exitAtAlarm=false,condition=Condition[id=condition://android/schedule?days=6.7&start=23.30&end=10.0&exitAtAlarm=false,summary=...,line1=...,line2=...,icon=0,state=STATE_TRUE,flags=2],component=ComponentInfo{android/com.android.server.notification.ScheduleConditionProvider},id=8a401eafa1234fb7bdcae12daa60fae7,creationTime=1626595771149,enabler=null], 638fb34603a8482f8fa074dec2facbb2=ZenRule[enabled=false,snoozing=false,name=予定,zenMode=ZEN_MODE_ALARMS,conditionId=condition://android/event?userId=-10000&calendar=&reply=1,condition=Condition[id=condition://android/event?userId=-10000&calendar=&reply=1,summary=...,line1=...,line2=...,icon=0,state=STATE_FALSE,flags=2],component=ComponentInfo{android/com.android.server.notification.EventConditionProvider},id=638fb34603a8482f8fa074dec2facbb2,creationTime=1626595771149,enabler=null], ba84bd86c61740c98e8115e73ee1677c=ZenRule[enabled=false,snoozing=false,name=平日の夜,zenMode=ZEN_MODE_ALARMS,conditionId=condition://android/schedule?days=1.2.3.4.5&start=22.0&end=7.0&exitAtAlarm=false,condition=Condition[id=condition://android/schedule?days=1.2.3.4.5&start=22.0&end=7.0&exitAtAlarm=false,summary=...,line1=...,line2=...,icon=0,state=STATE_FALSE,flags=2],component=ComponentInfo{android/com.android.server.notification.ScheduleConditionProvider},id=ba84bd86c61740c98e8115e73ee1677c,creationTime=1626595771149,enabler=null]},manualRule=null],Diff[]
10-31 09:11:53.173  1777  1777 D ZenLog  : set_zen_mode: off,onSystemReady
10-31 09:11:53.173  1777  1874 I chatty  : uid=1000 system_server expire 3 lines
10-31 09:11:53.173  1536  1814 D CommandListener: Setting iface cfg
10-31 09:11:53.174  1536  1814 D CommandListener: Trying to bring up eth0
10-31 09:11:53.174  1515  1515 D PermissionCache: checking android.permission.CAPTURE_AUDIO_HOTWORD for uid=1000 => granted (77 us)
10-31 09:11:53.174  1777  1777 W SoundTriggerHelper: listModules status=0, # of modules=0
10-31 09:11:53.178  1777  1874 D ConnectivityService: registerNetworkAgent NetworkAgentInfo{ ni{[type: WIFI[], state: CONNECTED/CONNECTED, reason: (unspecified), extra: 08:00:27:0e:38:b3, failover: false, available: true, roaming: false, metered: false]}  network{100}  nethandle{429513165534}  lp{{InterfaceName: eth0 LinkAddresses: [10.0.2.15/24,]  Routes: [10.0.2.0/24 -> 0.0.0.0 eth0,0.0.0.0/0 -> 10.0.2.2 eth0,] DnsAddresses: [8.8.8.8,10.0.2.3,] Domains: null MTU: 0}}  nc{[ Transports: WIFI Capabilities: INTERNET&NOT_RESTRICTED&TRUSTED&NOT_VPN LinkUpBandwidth>=100000Kbps LinkDnBandwidth>=100000Kbps SignalStrength: -70]}  Score{30}  everValidated{false}  lastValidated{false}  created{false} lingering{false} explicitlySelected{false} acceptUnvalidated{false} everCaptivePortalDetected{false} lastCaptivePortalDetected{false} }
10-31 09:11:53.178  1777  1859 D ConnectivityService: NetworkAgentInfo [WIFI () - 100] EVENT_NETWORK_INFO_CHANGED, going from null to CONNECTED
10-31 09:11:53.179  1777  1859 D ConnectivityService: Adding iface eth0 to network 100
10-31 09:11:53.180  1777  1777 D WindowManager: in computeScreenConfigurationLocked() -- hardKeyboardAvailable :true  mHardKeyboardAvailable :true
10-31 09:11:53.184  1777  1826 E KernelCpuSpeedReader: Failed to read cpu-freq: /sys/devices/system/cpu/cpu0/cpufreq/stats/time_in_state (No such file or directory)
10-31 09:11:53.184  1777  1826 W KeyguardServiceDelegate: onScreenTurningOn(): no keyguard service!
10-31 09:11:53.184  1777  1777 V UserManagerService: Found /data/user_de/0 with serial number 0
10-31 09:11:53.184  1777  1777 V UserManagerService: Found /data/user/0 with serial number 0
10-31 09:11:53.184  1777  1777 V UserManagerService: Found /data/system_de/0 with serial number 0
10-31 09:11:53.184  1777  1777 V UserManagerService: Found /data/system_ce/0 with serial number 0
10-31 09:11:53.186  1777  1834 I chatty  : uid=1000(system) PackageManager expire 1 line
10-31 09:11:53.194  1777  1859 D ConnectivityService: Setting DNS servers for network 100 to [/8.8.8.8, /10.0.2.3]
10-31 09:11:53.195  1777  1859 D ConnectivityService: Switching to new default network: NetworkAgentInfo{ ni{[type: WIFI[], state: CONNECTED/CONNECTED, reason: (unspecified), extra: 08:00:27:0e:38:b3, failover: false, available: true, roaming: false, metered: false]}  network{100}  nethandle{429513165534}  lp{{InterfaceName: eth0 LinkAddresses: [10.0.2.15/24,]  Routes: [10.0.2.0/24 -> 0.0.0.0 eth0,0.0.0.0/0 -> 10.0.2.2 eth0,] DnsAddresses: [8.8.8.8,10.0.2.3,] Domains: null MTU: 0}}  nc{[ Transports: WIFI Capabilities: INTERNET&NOT_RESTRICTED&TRUSTED&NOT_VPN&FOREGROUND LinkUpBandwidth>=100000Kbps LinkDnBandwidth>=100000Kbps SignalStrength: -70]}  Score{30}  everValidated{false}  lastValidated{false}  created{true} lingering{false} explicitlySelected{false} acceptUnvalidated{false} everCaptivePortalDetected{false} lastCaptivePortalDetected{false} }
10-31 09:11:53.204  1777  1818 D InputMethodManagerService: packageName=, activityName=null
10-31 09:11:53.204  1777  1818 D InputMethodManagerService: bstSendSetInputMapperStatusAsync: calling BstHostCallManagerService onTextEditModeChange method, isTextEditMode: false
10-31 09:11:53.204  1777  1818 D InputMethodManagerService: bstSendSetInputMapperStatusAsync: BstHostCallManagerService onTextEditModeChange method returned: 0
10-31 09:11:53.205  1777  1885 I chatty  : uid=1000 system_server expire 2 lines
10-31 09:11:53.211  1536  1814 V IdletimerController: runCmd(/system/bin/ip6tables -w -t raw -A idletimer_raw_PREROUTING -i eth0 -j IDLETIMER --timeout 15 --label 1 --send_nl_msg 1) res_ipv4=0, res_ipv6=0
10-31 09:11:53.218  1536  1814 V IdletimerController: runCmd(/system/bin/ip6tables -w -t mangle -A idletimer_mangle_POSTROUTING -o eth0 -j IDLETIMER --timeout 15 --label 1 --send_nl_msg 1) res_ipv4=0, res_ipv6=0
10-31 09:11:53.218  1777  1777 I ActivityManager: System now ready
10-31 09:11:53.218  1777  1859 D ConnectivityService: Invalid tcpBufferSizes string: null, using defaults
10-31 09:11:53.219  1777  1777 I SystemServer: Making services ready
10-31 09:11:53.219  1777  1777 I SystemServiceManager: Starting phase 550
10-31 09:11:53.223  1777  1777 W ActivityManager: Unable to start service Intent { act=com.android.ITelecomService cmp=com.android.server.telecom/.components.TelecomService } U=0: not found
10-31 09:11:53.229  1496  1505 I chatty  : uid=1000(system) Binder:1496_1 expire 4 lines
10-31 09:11:53.229  1777  1859 D ConnectivityService: Sending CONNECTED broadcast for type 1 NetworkAgentInfo [WIFI () - 100] isDefaultNetwork=true
10-31 09:11:53.234  1777  1818 I chatty  : uid=1000(system) android.ui expire 4 lines
10-31 09:11:53.252  1777  1777 D BluetoothManagerService: Bluetooth boot completed
10-31 09:11:53.253  1777  1777 E InputMethodManagerService: Ignoring updateSystemUiLocked due to an invalid token. uid:1000 token:null
10-31 09:11:53.272  1777  1859 D ConnectivityService: NetworkAgentInfo [WIFI () - 100] validation passed
10-31 09:11:53.280  1508  1783 I art     : Starting a blocking GC HeapTrim
10-31 09:11:53.285  1902  1902 W art     : Unexpected CPU variant for X86 using defaults: x86_64
10-31 09:11:53.291  1777  1777 I ActivityManager: Start proc 1902:com.android.inputmethod.latin/u0a49 for service com.android.inputmethod.latin/.LatinIME
10-31 09:11:53.291  1777  1845 D MountService: Thinking about init, mSystemReady=true, mDaemonConnected=true
10-31 09:11:53.291  1777  1845 D MountService: Setting up emulation state, initlocked=false
10-31 09:11:53.291  1777  1845 D CryptdConnector: SND -> {2 cryptfs unlock_user_key 0 0 ! !}
10-31 09:11:53.292  1777  1847 D CryptdConnector: RCV <- {200 2 Command succeeded}
10-31 09:11:53.292  1777  1777 E WallpaperManagerService: Invalid wallpaper data
10-31 09:11:53.292  1777  1777 E WallpaperManagerService: Unable to apply new wallpaper
10-31 09:11:53.292  1777  1845 D MountService: Thinking about reset, mSystemReady=true, mDaemonConnected=true
10-31 09:11:53.292  1777  1845 D VoldConnector: SND -> {3 volume reset}
10-31 09:11:53.292  1777  1846 D VoldConnector: RCV <- {651 emulated 7}
10-31 09:11:53.292  1777  1846 D VoldConnector: RCV <- {659 emulated}
10-31 09:11:53.292  1777  1846 D VoldConnector: RCV <- {650 emulated 2 "" ""}
10-31 09:11:53.292  1777  1846 D VoldConnector: RCV <- {654 emulated emulated}
10-31 09:11:53.292  1777  1846 D VoldConnector: RCV <- {651 emulated 0}
10-31 09:11:53.292  1777  1846 D VoldConnector: RCV <- {200 3 Command succeeded}
10-31 09:11:53.292  1777  1845 D VoldConnector: SND -> {4 volume user_added 0 0}
10-31 09:11:53.293  1777  1822 V MountService: Found primary storage at VolumeInfo{emulated}:
10-31 09:11:53.293  1777  1822 V MountService:     type=EMULATED diskId=null partGuid=null mountFlags=0 mountUserId=-1 
10-31 09:11:53.293  1777  1822 V MountService:     state=UNMOUNTED 
10-31 09:11:53.293  1777  1822 V MountService:     fsType=null fsUuid=null fsLabel=null 
10-31 09:11:53.293  1777  1822 V MountService:     path=null internalPath=null 
10-31 09:11:53.293  1777  1817 I ActivityManager: Force stopping com.android.providers.media appid=10013 user=-1: vold reset
10-31 09:11:53.293  1777  1846 D VoldConnector: RCV <- {200 4 Command succeeded}
10-31 09:11:53.303  1777  1777 I ActivityManager: Start proc 1918:com.android.systemui/u0a14 for service com.android.systemui/.ImageWallpaper
10-31 09:11:53.303  1918  1918 W art     : Unexpected CPU variant for X86 using defaults: x86_64
10-31 09:11:53.304  1777  1845 D VoldConnector: SND -> {5 volume mount emulated 3 -1}
10-31 09:11:53.305  1777  1846 D VoldConnector: RCV <- {651 emulated 1}
10-31 09:11:53.305  1777  1846 D VoldConnector: RCV <- {656 emulated /data/media}
10-31 09:11:53.306  1777  1846 D VoldConnector: RCV <- {655 emulated /storage/emulated}
10-31 09:11:53.306  1777  1777 D UsbAlsaManager: Adding ALSA device AlsaDevice: [card: 0, device: 0, type: 1]
10-31 09:11:53.306  1777  1777 D UsbAlsaManager: Adding ALSA device AlsaDevice: [card: 0, device: 0, type: 2]
10-31 09:11:53.306  1777  1777 I SystemServer: WebViewFactory preparation
10-31 09:11:53.307  1777  1866 D BluetoothManagerService: Trying to bind to profile: 1, while Bluetooth was disabled
10-31 09:11:53.309  1777  1866 I chatty  : uid=1000(system) AudioService expire 1 line
10-31 09:11:53.310  1924  1924 W sdcard  : Device explicitly enabled sdcardfs
10-31 09:11:53.310  1515  1515 I AudioFlinger: systemReady
10-31 09:11:53.310  1777  1777 I chatty  : uid=1000 system_server expire 1 line
10-31 09:11:53.312  1493  1493 I chatty  : uid=1000(system) /system/bin/servicemanager expire 1 line
10-31 09:11:53.321  1777  1942 I chatty  : uid=1000(system) SoundPoolThread expire 1 line
10-31 09:11:53.324  1777  1777 I chatty  : uid=1000 system_server expire 1 line
10-31 09:11:53.324  1513  1645 I art     : Starting a blocking GC HeapTrim
10-31 09:11:53.325  1533  1564 W linker  : /system/vendor/lib/libavcodec.so has text relocations. This is wasting memory and prevents security hardening. Please fix.
10-31 09:11:53.326  1513  1513 I art     : Starting a blocking GC Background
10-31 09:11:53.327  1533  1564 W linker  : /system/vendor/lib/libavutil.so has text relocations. This is wasting memory and prevents security hardening. Please fix.
10-31 09:11:53.328  1533  1564 W linker  : /system/vendor/lib/libswresample.so has text relocations. This is wasting memory and prevents security hardening. Please fix.
10-31 09:11:53.333  1493  1493 I chatty  : uid=1000(system) /system/bin/servicemanager expire 2 lines
10-31 09:11:53.333  1534  1576 I MediaPlayerService: MediaPlayerService::getOMX
10-31 09:11:53.335  1534  1576 W linker  : /system/vendor/lib/libavcodec.so has text relocations. This is wasting memory and prevents security hardening. Please fix.
10-31 09:11:53.339  1534  1576 W linker  : /system/vendor/lib/libavutil.so has text relocations. This is wasting memory and prevents security hardening. Please fix.
10-31 09:11:53.339  1534  1576 W linker  : /system/vendor/lib/libswresample.so has text relocations. This is wasting memory and prevents security hardening. Please fix.
10-31 09:11:53.339  1534  1576 W linker  : /system/vendor/lib/libswscale.so has text relocations. This is wasting memory and prevents security hardening. Please fix.
10-31 09:11:53.354  1530  1569 W linker  : /system/vendor/lib/libavcodec.so has text relocations. This is wasting memory and prevents security hardening. Please fix.
10-31 09:11:53.355  1777  1846 D VoldConnector: RCV <- {651 emulated 2}
10-31 09:11:53.355  1777  1846 D VoldConnector: RCV <- {200 5 Command succeeded}
10-31 09:11:53.357  1530  1569 W linker  : /system/vendor/lib/libavutil.so has text relocations. This is wasting memory and prevents security hardening. Please fix.
10-31 09:11:53.357  1530  1569 W linker  : /system/vendor/lib/libswresample.so has text relocations. This is wasting memory and prevents security hardening. Please fix.
10-31 09:11:53.357  1530  1569 W linker  : /system/vendor/lib/libswscale.so has text relocations. This is wasting memory and prevents security hardening. Please fix.
10-31 09:11:53.358  1534  1576 I OMXClient: MuxOMX ctor
10-31 09:11:53.361  1534  1576 I MediaPlayerService: MediaPlayerService::getOMX
10-31 09:11:53.361  1777  1777 I ActivityManager: Start proc 1946:WebViewLoader-x86/1037 [android.webkit.WebViewFactory$RelroFileCreator] for 
10-31 09:11:53.362  1534  1576 I OMXClient: MuxOMX ctor
10-31 09:11:53.362  1530  1530 I OMXMaster: makeComponentInstance(OMX.google.mp3.decoder) in mediacodec process
10-31 09:11:53.363  1946  1946 W art     : Unexpected CPU variant for X86 using defaults: x86
10-31 09:11:53.364  1534  1576 I MediaPlayerService: MediaPlayerService::getOMX
10-31 09:11:53.364  1534  1576 I OMXClient: MuxOMX ctor
10-31 09:11:53.364  1530  1530 I OMXMaster: makeComponentInstance(OMX.google.amrnb.decoder) in mediacodec process
10-31 09:11:53.366  1534  1576 I MediaPlayerService: MediaPlayerService::getOMX
10-31 09:11:53.366  1955  1955 W art     : Unexpected CPU variant for X86 using defaults: x86_64
10-31 09:11:53.366  1534  1576 I OMXClient: MuxOMX ctor
10-31 09:11:53.366  1530  1530 I OMXMaster: makeComponentInstance(OMX.google.amrwb.decoder) in mediacodec process
10-31 09:11:53.368  1534  1576 I MediaPlayerService: MediaPlayerService::getOMX
10-31 09:11:53.368  1534  1576 I OMXClient: MuxOMX ctor
10-31 09:11:53.368  1530  1530 I OMXMaster: makeComponentInstance(OMX.google.aac.decoder) in mediacodec process
10-31 09:11:53.373  1777  1777 I ActivityManager: Start proc 1955:WebViewLoader-x86_64/1037 [android.webkit.WebViewFactory$RelroFileCreator] for 
10-31 09:11:53.376  1777  1777 W NetworkStats: bandwidth controls disabled, unable to track stats
10-31 09:11:53.376  1777  1777 W NetworkPolicy: bandwidth controls disabled, unable to enforce policy
10-31 09:11:53.377  1534  1576 I MediaPlayerService: MediaPlayerService::getOMX
10-31 09:11:53.378  1534  1576 I OMXClient: MuxOMX ctor
10-31 09:11:53.378  1530  1530 I OMXMaster: makeComponentInstance(OMX.google.g711.alaw.decoder) in mediacodec process
10-31 09:11:53.379  1946  1946 V WebViewFactory: RelroFileCreator (64bit = false),  32-bit lib: /data/downloads/com.android.chrome/lib/x86/libmonochrome.so, 64-bit lib: /data/downloads/com.android.chrome/lib/x86_64/libmonochrome.so
10-31 09:11:53.382  1777  1777 I SystemServiceManager: Starting phase 600
10-31 09:11:53.383  1534  1576 I MediaPlayerService: MediaPlayerService::getOMX
10-31 09:11:53.386  1534  1576 I OMXClient: MuxOMX ctor
10-31 09:11:53.386  1955  1955 V WebViewFactory: RelroFileCreator (64bit = true),  32-bit lib: /data/downloads/com.android.chrome/lib/x86/libmonochrome.so, 64-bit lib: /data/downloads/com.android.chrome/lib/x86_64/libmonochrome.so
10-31 09:11:53.386  1530  1951 I OMXMaster: makeComponentInstance(OMX.google.g711.mlaw.decoder) in mediacodec process
10-31 09:11:53.391  1777  1777 D SensorNotificationService: Cannot obtain dynamic meta sensor, not supported.
10-31 09:11:53.393  1534  1576 I MediaPlayerService: MediaPlayerService::getOMX
10-31 09:11:53.394  1534  1576 I OMXClient: MuxOMX ctor
10-31 09:11:53.394  1530  1951 I OMXMaster: makeComponentInstance(OMX.google.vorbis.decoder) in mediacodec process
10-31 09:11:53.397  1902  1902 I LatinIME: Hardware accelerated drawing: true
10-31 09:11:53.398  1777  1777 W LocationProviderProxy-network: Odd, no component found for service com.android.location.service.v3.NetworkLocationProvider
10-31 09:11:53.399  1777  1777 W GeocoderProxy: Odd, no component found for service com.android.location.service.GeocodeProvider
10-31 09:11:53.401  1777  1777 I chatty  : uid=1000 system_server expire 3 lines
10-31 09:11:53.401  1777  1777 D LocationManagerService: FLP HAL not supported
10-31 09:11:53.403  1534  1576 I MediaPlayerService: MediaPlayerService::getOMX
10-31 09:11:53.404  1534  1576 I OMXClient: MuxOMX ctor
10-31 09:11:53.404  1777  1777 W GeofenceProxy: Odd, no component found for service com.android.location.service.GeofenceProvider
10-31 09:11:53.404  1530  1951 I OMXMaster: makeComponentInstance(OMX.google.opus.decoder) in mediacodec process
10-31 09:11:53.405  1777  1777 D LocationManagerService: Hardware Activity-Recognition not supported.
10-31 09:11:53.405  1777  1777 W ActivityRecognitionProxy: Odd, no component found for service com.android.location.service.ActivityRecognitionProvider
10-31 09:11:53.408  1493  1493 I chatty  : uid=1000(system) /system/bin/servicemanager expire 1 line
10-31 09:11:53.411  1534  1576 I MediaPlayerService: MediaPlayerService::getOMX
10-31 09:11:53.417  1534  1576 I OMXClient: MuxOMX ctor
10-31 09:11:53.417  1530  1951 I OMXMaster: makeComponentInstance(OMX.google.raw.decoder) in mediacodec process
10-31 09:11:53.418  1777  1817 I ActivityManager: Start proc 1998:com.google.android.gms.persistent/u0a1 for broadcast com.google.android.gms/.chimera.GmsIntentOperationService$PersistentTrustedReceiver
10-31 09:11:53.421  1534  1576 I MediaPlayerService: MediaPlayerService::getOMX
10-31 09:11:53.422  1534  1576 I OMXClient: MuxOMX ctor
10-31 09:11:53.422  1530  1951 I OMXMaster: makeComponentInstance(OMX.google.aac.encoder) in mediacodec process
10-31 09:11:53.423  1998  1998 I chatty  : uid=10001(com.google.android.gms) com.google.andr expire 49 lines
10-31 09:11:53.426  1777  1844 I chatty  : uid=1000(system) InputReader expire 1 line
10-31 09:11:53.427  1777  2007 I chatty  : uid=1000(system) NetworkTimeUpda expire 2 lines
10-31 09:11:53.430  1777  1777 I MmsServiceBroker: Delay connecting to MmsService until an API is called
10-31 09:11:53.430  1777  1777 W CameraService_proxy: Could not notify mediaserver, camera service not available.
10-31 09:11:53.430  1534  1576 I MediaPlayerService: MediaPlayerService::getOMX
10-31 09:11:53.430  1534  1576 I OMXClient: MuxOMX ctor
10-31 09:11:53.430  1777  1777 W VoiceInteractionManagerService: no available voice interaction services found for user 0
10-31 09:11:53.430  1777  1777 W VoiceInteractionManagerService: no available voice recognition services found for user 0
10-31 09:11:53.430  1530  1951 I OMXMaster: makeComponentInstance(OMX.google.amrnb.encoder) in mediacodec process
10-31 09:11:53.431  1777  1844 I chatty  : uid=1000(system) InputReader expire 1 line
10-31 09:11:53.434  1946  1946 I art     : System.exit called, status: 0
10-31 09:11:53.434  1946  1946 I AndroidRuntime: VM exiting with result code 0, cleanup skipped.
10-31 09:11:53.439  2021  2021 I chatty  : uid=1000(system) com.bluestacks. expire 1 line
10-31 09:11:53.440  1534  1576 I MediaPlayerService: MediaPlayerService::getOMX
10-31 09:11:53.441  1534  1576 I OMXClient: MuxOMX ctor
10-31 09:11:53.441  1530  1951 I OMXMaster: makeComponentInstance(OMX.google.amrwb.encoder) in mediacodec process
10-31 09:11:53.441  1777  1777 I ActivityManager: Start proc 2021:com.bluestacks.BstCommandProcessor/1000 for added application com.bluestacks.BstCommandProcessor
10-31 09:11:53.445  1534  1576 I MediaPlayerService: MediaPlayerService::getOMX
10-31 09:11:53.445  1534  1576 I OMXClient: MuxOMX ctor
10-31 09:11:53.445  1530  1951 I OMXMaster: makeComponentInstance(OMX.google.flac.encoder) in mediacodec process
10-31 09:11:53.446  2038  2038 W art     : Unexpected CPU variant for X86 using defaults: x86_64
10-31 09:11:53.446  1955  1955 I art     : System.exit called, status: 0
10-31 09:11:53.446  1955  1955 I AndroidRuntime: VM exiting with result code 0, cleanup skipped.
10-31 09:11:53.449  1534  1576 I MediaPlayerService: MediaPlayerService::getOMX
10-31 09:11:53.449  1534  1576 I OMXClient: MuxOMX ctor
10-31 09:11:53.449  1530  1951 I OMXMaster: makeComponentInstance(OMX.google.mpeg4.decoder) in mediacodec process
10-31 09:11:53.450  1530  1951 E OMXNodeInstance: getExtensionIndex(5fa000e:google.mpeg4.decoder, OMX.google.android.index.configureVideoTunnelMode) ERROR: UnsupportedIndex(0x8000101a)
10-31 09:11:53.450  1530  1951 W OMXNodeInstance: [5fa000e:google.mpeg4.decoder] component does not support metadata mode; using fallback
10-31 09:11:53.451  1534  1576 I MediaPlayerService: MediaPlayerService::getOMX
10-31 09:11:53.451  1534  1576 I OMXClient: MuxOMX ctor
10-31 09:11:53.451  1530  1951 I OMXMaster: makeComponentInstance(OMX.google.h263.decoder) in mediacodec process
10-31 09:11:53.451  1777  1777 I ActivityManager: Start proc 2038:com.android.phone/1001 for added application com.android.phone
10-31 09:11:53.452  1777  1777 I ActivityManager: Setting mBooting value to true to startup initial activity
10-31 09:11:53.452  1530  1951 E OMXNodeInstance: getExtensionIndex(5fa000f:google.h263.decoder, OMX.google.android.index.configureVideoTunnelMode) ERROR: UnsupportedIndex(0x8000101a)
10-31 09:11:53.452  1530  1951 W OMXNodeInstance: [5fa000f:google.h263.decoder] component does not support metadata mode; using fallback
10-31 09:11:53.452  1777  1777 I ActivityManager: START u0 {act=android.intent.action.MAIN cat=[android.intent.category.HOME] flg=0x10000100 cmp=com.android.settings/.FallbackHome} from uid 0 on display 0
10-31 09:11:53.452  1534  1576 I MediaPlayerService: MediaPlayerService::getOMX
10-31 09:11:53.452  1534  1576 I OMXClient: MuxOMX ctor
10-31 09:11:53.452  1530  1951 I OMXMaster: makeComponentInstance(OMX.google.h264.decoder) in mediacodec process
10-31 09:11:53.453  1777  1777 D ActivityManager: TopActivityInfo, pkgName: com.android.settings activityName: com.android.settings.FallbackHome callingPackage: null  bstSpecialAppKeyboardHandlingEnabled = false
10-31 09:11:53.454  1534  1576 W ACodec  : [OMX.google.h264.decoder] stopping checking profiles after 32: 2/8000
10-31 09:11:53.454  1530  1951 E OMXNodeInstance: getExtensionIndex(5fa0010:google.h264.decoder, OMX.google.android.index.configureVideoTunnelMode) ERROR: UnsupportedIndex(0x8000101a)
10-31 09:11:53.454  1530  1951 W OMXNodeInstance: [5fa0010:google.h264.decoder] component does not support metadata mode; using fallback
10-31 09:11:53.457  1777  2007 I chatty  : uid=1000(system) NetworkTimeUpda expire 3 lines
10-31 09:11:55.361  1493  1493 I chatty  : uid=1000(system) /system/bin/servicemanager expire 2 lines
10-31 09:11:55.362  2021  2185 I chatty  : uid=1000(system) com.bluestacks. expire 2 lines
10-31 09:11:55.363  1777  1777 D ConditionProviders.SCP: onReceive android.intent.action.TIME_SET
10-31 09:11:55.363  1777  1777 D ConditionProviders.SCP: notifyCondition condition://android/schedule?days=6.7&start=23.30&end=10.0&exitAtAlarm=false STATE_TRUE reason=meetsSchedule
10-31 09:11:55.363  1777  1777 D ConditionProviders.SCP: notifyCondition condition://android/schedule?days=1.2.3.4.5&start=22.0&end=7.0&exitAtAlarm=false STATE_FALSE reason=!meetsSchedule
10-31 09:11:55.363  1777  1777 D ConditionProviders.SCP: Scheduling evaluate for Sun Oct 31 10:00:00 GMT+09:00 2021 (1635642000000), in +48m4s637ms, now=Sun Oct 31 09:11:55 GMT+09:00 2021 (1635639115363)
10-31 09:11:55.367  1777  1865 E ActivityThread: Failed to find provider info for com.android.calendar
10-31 09:11:55.367  1777  1865 E ActivityThread: Failed to find provider info for com.android.calendar
10-31 09:11:55.372  1918  1918 I vol.Events: writeEvent collection_started
10-31 09:11:55.373  1777  2064 I ActivityManager: Enabling screen and setting mBooted flag to true, currently mBooting = false
10-31 09:11:55.375  1777  1824 I chatty  : uid=1000(system) android.display expire 2 lines
10-31 09:11:55.376  1777  1817 I chatty  : uid=1000(system) ActivityManager expire 1 line
10-31 09:11:55.376  1777  1817 W KeyguardServiceDelegate: onScreenTurningOn(): no keyguard service!
10-31 09:11:55.376  1777  1817 I VrManagerService: VR mode is disallowed
10-31 09:11:55.376  1496  1505 I chatty  : uid=1000(system) Binder:1496_1 expire 1 line
10-31 09:11:55.376  1493  1493 I chatty  : uid=1000(system) /system/bin/servicemanager expire 1 line
10-31 09:11:55.384  2021  2185 I chatty  : uid=1000(system) com.bluestacks. expire 1 line
10-31 09:11:55.384  1534  1965 I MediaPlayerService: MediaPlayerService::getOMX
10-31 09:11:55.385  1522  1522 E         : Unable to unlink boot marker at /data//dalvik-cache/arm64/.booting, error=No such file or directory
10-31 09:11:55.385  1777  1817 W ActivityManager: Unable to mark boot complete for abi: arm64-v8a (Failed to execute markbootcomplete [arm64]: -1)
10-31 09:11:55.385  1522  1522 E         : Unable to unlink boot marker at /data//dalvik-cache/arm/.booting, error=No such file or directory
10-31 09:11:55.385  1777  1817 W ActivityManager: Unable to mark boot complete for abi: armeabi-v7a (Failed to execute markbootcomplete [arm]: -1)
10-31 09:11:55.386  1777  1817 I SystemServiceManager: Starting phase 1000
10-31 09:11:55.387  1777  1834 W PackageManager: Not removing package com.google.android.gms: has active device admin
10-31 09:11:55.391  1777  2197 I chatty  : uid=1000 system_server expire 1 line
10-31 09:11:55.391  2021  2185 I chatty  : uid=1000(system) com.bluestacks. expire 1 line
10-31 09:11:55.391  1534  2145 I MediaPlayerService: MediaPlayerService::getOMX
10-31 09:11:55.392  1918  2199 I OMXClient: MuxOMX ctor
10-31 09:11:55.393  1530  2180 I OMXMaster: makeComponentInstance(OMX.google.vorbis.decoder) in mediacodec process
10-31 09:11:55.397  1530  1951 I OMXMaster: makeComponentInstance(OMX.google.vorbis.decoder) in mediacodec process
10-31 09:11:55.398  1777  1817 I ActivityManager: Start proc 2200:com.google.android.ext.services/u0a0 for on-hold
10-31 09:11:55.398  1777  1817 I ActivityManager: Setting boot completed flags
10-31 09:11:55.399  1493  1493 I chatty  : uid=1000(system) /system/bin/servicemanager expire 1 line
10-31 09:11:55.408  1777  1817 D ActivityManager: Finishing user boot 0
10-31 09:11:55.409  1777  1817 D CryptdConnector: SND -> {3 cryptfs prepare_user_storage ! 0 0 2}
10-31 09:11:55.410  1777  1847 D CryptdConnector: RCV <- {200 3 Command succeeded}
10-31 09:11:55.411  1777  1817 V UserManagerService: Found /data/user/0 with serial number 0
10-31 09:11:55.411  1777  1817 V UserManagerService: Found /data/system_ce/0 with serial number 0
10-31 09:11:55.411  1777  1817 V PackageManager: reconcileAppsData for null u0 0x2
10-31 09:11:55.432  2200  2200 W art     : Unexpected CPU variant for X86 using defaults: x86_64
10-31 09:11:55.433  1918  1918 D TelephonyManager: creating subscriptionInfo Record, context : com.android.systemui.SystemUIApplication@5d41fcc
10-31 09:11:55.438  1534  1965 I MediaPlayerService: MediaPlayerService::getOMX
10-31 09:11:55.438  1918  2221 I OMXClient: MuxOMX ctor
10-31 09:11:55.439  1530  2213 I OMXMaster: makeComponentInstance(OMX.google.vorbis.decoder) in mediacodec process
10-31 09:11:55.466  1777  1816 I SyncManager: Got SyncJobService instance.
10-31 09:11:55.467  2207  2207 I bindmount: stat: '/data/downloads/.bm': No such file or directory
10-31 09:11:55.468  1534  2145 I MediaPlayerService: MediaPlayerService::getOMX
10-31 09:11:55.468  1777  2240 I chatty  : uid=1000 system_server expire 1 line
10-31 09:11:55.470  1777  1777 I chatty  : uid=1000 system_server expire 1 line
10-31 09:11:55.470  1530  1530 I OMXMaster: makeComponentInstance(OMX.google.vorbis.decoder) in mediacodec process
10-31 09:11:55.491  1522  1522 W cutils  : Expected path /data/data/com.google.android.gms with mode 700 but found 711
10-31 09:11:55.491  1522  1522 W cutils  : Expected path /data/data/com.google.android.gms with mode 700 but found 711
10-31 09:11:55.493  1534  1965 I MediaPlayerService: MediaPlayerService::getOMX
10-31 09:11:55.494  1777  2246 I chatty  : uid=1000 system_server expire 1 line
10-31 09:11:55.494  1530  2213 I OMXMaster: makeComponentInstance(OMX.google.vorbis.decoder) in mediacodec process
10-31 09:11:55.518  1777  1817 V PackageManager: reconcileAppsData finished 79 packages
10-31 09:11:55.519  1777  1817 D WindowManager: in computeScreenConfigurationLocked() -- hardKeyboardAvailable :true  mHardKeyboardAvailable :true
10-31 09:11:55.521  1534  2145 I MediaPlayerService: MediaPlayerService::getOMX
10-31 09:11:55.521  1777  2257 I chatty  : uid=1000 system_server expire 1 line
10-31 09:11:55.527  1530  2213 I OMXMaster: makeComponentInstance(OMX.google.vorbis.decoder) in mediacodec process
10-31 09:11:55.533  1777  1917 I ActivityManager: Start proc 2262:com.google.process.gapps/u0a1 for content provider com.google.android.gsf/.gservices.GservicesProvider
10-31 09:11:55.533  1777  1817 D ActivityManager: Setting screen enabled flag
10-31 09:11:55.534  1777  1817 D BluetoothManagerService: User 0 unlocked
10-31 09:11:55.534  1777  1817 D MountService: onUnlockUser 0
10-31 09:11:55.534  1777  1817 D VoldConnector: SND -> {6 volume user_started 0}
10-31 09:11:55.534  1777  1823 D BluetoothManagerService: MESSAGE_USER_UNLOCKED
10-31 09:11:55.536  1918  2194 I vol.Events: writeEvent level_changed STREAM_ALARM 7
10-31 09:11:55.537  1918  2194 I vol.Events: writeEvent level_changed STREAM_BLUETOOTH_SCO 15
10-31 09:11:55.539  1918  2194 I vol.Events: writeEvent level_changed STREAM_MUSIC 15
10-31 09:11:55.540  1777  1846 D VoldConnector: RCV <- {200 6 Command succeeded}
10-31 09:11:55.540  1777  1845 D MountService: Volume emulated broadcasting mounted to UserHandle{0}
10-31 09:11:55.542  1918  2194 I vol.Events: writeEvent level_changed STREAM_RING 7
10-31 09:11:55.542  2262  2262 I chatty  : uid=10001(com.google.android.gms) com.google.proc expire 3 lines
10-31 09:11:55.546  1918  2194 I vol.Events: writeEvent level_changed STREAM_SYSTEM 7
10-31 09:11:55.547  1918  2194 I vol.Events: writeEvent level_changed STREAM_VOICE_CALL 5
10-31 09:11:55.547  1918  2194 I vol.Events: writeEvent external_ringer_mode_changed normal
10-31 09:11:55.547  1918  2194 I vol.Events: writeEvent internal_ringer_mode_changed normal
10-31 09:11:55.547  1902  1902 I InputAttributes: InputType.TYPE_NULL is specified
10-31 09:11:55.567  1777  1817 V BackupManagerService: No ancestral data
10-31 09:11:55.568  1777  1817 I BackupManagerService: Package org.test.myapp not installed; dropping from full backup
10-31 09:11:55.569  1777  1817 V BackupManagerService: Starting with transport android/com.android.internal.backup.LocalTransport
10-31 09:11:55.569  1777  1817 V BackupManagerService: Found transports: 2
10-31 09:11:55.570  1777  1777 V BackupManagerService: Connected to transport ComponentInfo{android/com.android.internal.backup.LocalTransportService}
10-31 09:11:55.570  1777  1777 V BackupManagerService: Registering transport android/com.android.internal.backup.LocalTransportService::android/com.android.internal.backup.LocalTransport = android.app.backup.BackupTransport$TransportImpl@235de56
10-31 09:11:55.570  1777  1817 I BackupManagerService: Backup enabled => true
10-31 09:11:55.572  1918  1918 D StorageNotification: Notifying about private volume: VolumeInfo{private}:
10-31 09:11:55.572  1918  1918 D StorageNotification:     type=PRIVATE diskId=null partGuid=null mountFlags=0 mountUserId=-1 
10-31 09:11:55.572  1918  1918 D StorageNotification:     state=MOUNTED 
10-31 09:11:55.572  1918  1918 D StorageNotification:     fsType=null fsUuid=null fsLabel=null 
10-31 09:11:55.572  1918  1918 D StorageNotification:     path=/data internalPath=null 
10-31 09:11:55.574  1777  2277 V KeyValueBackupJob: Scheduling k/v pass in 249 minutes
10-31 09:11:55.575  2294  2294 I page-fusion: Init page sharing service.
10-31 09:11:55.575  2294  2294 I page-fusion: Got session id 33371241560b7
10-31 09:11:55.576  1777  1816 I chatty  : uid=1000(system) android.bg expire 2 lines
10-31 09:11:55.576  1777  1816 W ResourceType: ResTable_typeSpec entry count inconsistent: given 67, previously 69
10-31 09:11:55.578  1777  1817 W ResourceType: Found multiple library tables, ignoring...
10-31 09:11:55.579  1777  1817 W ResourceType: Found multiple library tables, ignoring...
10-31 09:11:55.579  2038  2038 W SystemConfig: No directory /system/etc/sysconfig, skipping
10-31 09:11:55.585  1777  1816 W Searchables: No global search activity found
10-31 09:11:55.587  1777  1817 W VoiceInteractionManagerService: no available voice interaction services found for user 0
10-31 09:11:55.587  1777  1817 W VoiceInteractionManagerService: no available voice recognition services found for user 0
10-31 09:11:55.587  1777  1817 I ActivityManager: Loading recents for user 0 into memory.
10-31 09:11:55.588  1777  1817 V ActivityManager: Skipping ContentProviderInfo{name=com.google.android.gms.fileprovider;com.google.android.gms.play-p2p-fileprovider className=com.google.android.gms.common.app.GmsFileProvider}
10-31 09:11:55.588  1777  1817 V ActivityManager: Skipping ContentProviderInfo{name=com.google.android.gms.accountsettings.content className=com.google.android.gms.accountsettings.content.SettingsSearchContentProvider}
10-31 09:11:55.588  1777  1817 V ActivityManager: Skipping ContentProviderInfo{name=com.google.android.gms.appstate className=com.google.android.gms.appstate.provider.AppStateContentProvider}
10-31 09:11:55.588  1777  1817 V ActivityManager: Installing ContentProviderInfo{name=com.google.android.gms.auth.accountstate className=com.google.android.gms.auth.account.be.accountstate.AccountStateContentProvider}
10-31 09:11:55.588  1777  1817 V ActivityManager: Installing ContentProviderInfo{name=com.google.android.gms.auth.confirm className=com.google.android.gms.auth.account.be.accountstate.CredentialStateContentProvider}
10-31 09:11:55.588  1777  1817 V ActivityManager: Installing ContentProviderInfo{name=com.google.android.gms.auth.accounts className=com.google.android.gms.auth.account.be.legacy.AccountContentProvider}
10-31 09:11:55.588  1777  1817 V ActivityManager: Skipping ContentProviderInfo{name=com.google.android.gms.auth.proximity.multidevice.settings.provider className=com.google.android.gms.auth.proximity.multidevice.SettingsContentProvider}
10-31 09:11:55.588  1777  1817 V ActivityManager: Skipping ContentProviderInfo{name=com.google.android.gms.chromesync className=com.google.android.gms.chromesync.sync.SyncContentProvider}
10-31 09:11:55.588  1777  1817 V ActivityManager: Skipping ContentProviderInfo{name=com.google.android.gms.download className=com.google.android.gms.common.download.provider.DownloadsProvider}
10-31 09:11:55.588  1777  1817 V ActivityManager: Skipping ContentProviderInfo{name=com.google.android.gms.common.stats.net.contentprovider className=com.google.android.gms.common.stats.net.contentprovider.NetworkUsageContentProvider}
10-31 09:11:55.588  1777  1817 V ActivityManager: Skipping ContentProviderInfo{name=com.google.android.gms className=com.google.android.gms.app.search.GmsSearchIndexablesProvider}
10-31 09:11:55.588  1777  1817 V ActivityManager: Skipping ContentProviderInfo{name=com.google.android.gms.drive.sync className=com.google.android.gms.drive.metadata.sync.syncadapter.StubContentProvider}
10-31 09:11:55.588  1777  1817 V ActivityManager: Installing ContentProviderInfo{name=com.google.android.gms.fitness className=com.google.android.gms.fitness.sync.FitnessContentProvider}
10-31 09:11:55.588  1777  1817 V ActivityManager: Installing ContentProviderInfo{name=com.google.android.gms.fonts className=com.google.android.gms.fonts.provider.FontsProvider}
10-31 09:11:55.588  1777  1817 V ActivityManager: Skipping ContentProviderInfo{name=com.google.android.gms.games.background className=com.google.android.gms.games.chimera.GamesContentProviderProxy}
10-31 09:11:55.588  1777  1817 V ActivityManager: Skipping ContentProviderInfo{name=com.google.android.gms.games className=com.google.android.gms.games.provider.NotificationStubContentProvider}
