10-31 09:11:55.588  1777  1817 V ActivityManager: Skipping ContentProviderInfo{name=com.google.android.gms.icing.indexapi className=com.google.android.gms.icing.indexapi.IndexApiContentProvider}
10-31 09:11:55.588  1777  1817 V ActivityManager: Skipping ContentProviderInfo{name=com.google.android.gms.icing.proxy.apps className=com.google.android.gms.icing.proxy.AppsContentProvider}
10-31 09:11:55.588  1777  1817 V ActivityManager: Skipping ContentProviderInfo{name=com.google.android.gms.icing.proxy className=com.google.android.gms.icing.proxy.InternalIcingCorporaProvider}
10-31 09:11:55.588  1777  1817 V ActivityManager: Installing ContentProviderInfo{name=com.google.android.gms.instantapps.provider.api className=com.google.android.gms.instantapps.routing.InstantAppsContentProvider}
10-31 09:11:55.588  1777  1817 V ActivityManager: Installing ContentProviderInfo{name=com.google.android.gms.location.preferences className=com.google.android.gms.location.preferences.LocationPreferencesContentProvider}
10-31 09:11:55.588  1777  1817 V ActivityManager: Installing ContentProviderInfo{name=com.google.android.location.internal className=com.google.android.location.internal.LocationContentProvider}
10-31 09:11:55.588  1777  1817 V ActivityManager: Installing ContentProviderInfo{name=com.google.android.location.reporting className=com.google.android.location.reporting.service.utils.ReportingContentProvider}
10-31 09:11:55.588  1777  1817 V ActivityManager: Skipping ContentProviderInfo{name=com.google.android.gms.matchstick.dataprovider className=com.google.android.gms.matchstick.data.DatabaseProvider}
10-31 09:11:55.588  1777  1817 V ActivityManager: Skipping ContentProviderInfo{name=com.google.android.gms.nearby.fastpair className=com.google.android.gms.nearby.discovery.fastpair.slice.FastPairSliceProvider}
10-31 09:11:55.588  1777  1817 V ActivityManager: Skipping ContentProviderInfo{name=com.google.android.gms.nearby.sharing className=com.google.android.gms.nearby.sharing.SharingSliceProvider}
10-31 09:11:55.588  1777  1817 V ActivityManager: Skipping ContentProviderInfo{name=com.google.android.gms.update.phone className=com.google.android.gms.update.OtaSuggestionSummaryProvider}
10-31 09:11:55.588  1777  1817 V ActivityManager: Skipping ContentProviderInfo{name=com.google.android.gms.people className=com.google.android.gms.people.service.PeopleContentProvider}
10-31 09:11:55.588  1777  1817 V ActivityManager: Skipping ContentProviderInfo{name=com.google.android.gms.people.gal.provider className=com.google.android.gms.people.service.galprovider.PeopleGalProvider}
10-31 09:11:55.588  1777  1817 V ActivityManager: Skipping ContentProviderInfo{name=com.google.android.gms.plus;com.google.android.gms.plus.action className=com.google.android.gms.plus.provider.PlusProvider}
10-31 09:11:55.588  1777  1817 V ActivityManager: Skipping ContentProviderInfo{name=com.google.android.gms.reminders className=com.google.android.gms.reminders.provider.RemindersProvider}
10-31 09:11:55.588  1777  1817 V ActivityManager: Installing ContentProviderInfo{name=com.google.android.gms.security.provider className=com.google.android.gms.security.provider.SecurityProvider}
10-31 09:11:55.588  1777  1817 V ActivityManager: Skipping ContentProviderInfo{name=com.google.android.gms.subscribedfeeds className=com.google.android.gms.subscribedfeeds.GmsSubscribedFeedsProvider}
10-31 09:11:55.588  1777  1817 V ActivityManager: Skipping ContentProviderInfo{name=com.google.android.gms.thunderbird.config className=com.google.android.gms.thunderbird.config.EmergencyConfigContentProvider}
10-31 09:11:55.589  1777  1817 V ActivityManager: Skipping ContentProviderInfo{name=com.google.android.gms.thunderbird.settings className=com.google.android.gms.thunderbird.settings.ThunderbirdSettingsContentProvider}
10-31 09:11:55.589  1777  1817 V ActivityManager: Installing ContentProviderInfo{name=com.google.android.gms.trustagent.framework.model.be.provider className=com.google.android.gms.trustagent.framework.model.be.ModelContentProvider}
10-31 09:11:55.589  1777  1817 V ActivityManager: Skipping ContentProviderInfo{name=com.google.android.gms.wallet className=com.google.android.gms.wallet.setupwizard.PaymentsSetupWizardSuggestionStateProvider}
10-31 09:11:55.589  1777  1817 V ActivityManager: Skipping ContentProviderInfo{name=com.google.android.gms.chimera.container.sharedmoduleprovider className=com.google.android.gms.chimera.container.SharedModuleProvider}
10-31 09:11:55.589  1777  1817 V ActivityManager: Installing ContentProviderInfo{name=com.google.android.gms.lifecycle-process className=androidx.lifecycle.ProcessLifecycleOwnerInitializer}
10-31 09:11:55.589  1777  1817 D ActivityManager: Sending BOOT_COMPLETE user #0
10-31 09:11:55.590  2095  2095 D FallbackHome: User unlocked and real home found; let's go!
10-31 09:11:55.590  1777  1777 I AccountManagerService: User 0 is unlocked - opening CE database
10-31 09:11:55.594  1777  2277 I BackupManagerService: Found stale backup journal, scheduling
10-31 09:11:55.599  1777  1799 V WindowManager: isVisibleLw false for win : Window{93a2244 u0 com.android.settings/com.android.settings.FallbackHome}
10-31 09:11:55.606  2302  2302 W art     : Unexpected CPU variant for X86 using defaults: x86_64
10-31 09:11:55.611  1777  1816 I ActivityManager: Start proc 2302:com.android.printspooler/u0a51 for service com.android.printspooler/.model.PrintSpoolerService
10-31 09:11:55.623  1777  2299 I ActivityManager: Start proc 2319:com.android.keychain/1000 for service com.android.keychain/.KeyChainService
10-31 09:11:55.624  2319  2319 W art     : Unexpected CPU variant for X86 using defaults: x86_64
10-31 09:11:55.624  1777  1799 I ActivityManager: START u0 {act=android.intent.action.MAIN cat=[android.intent.category.HOME] flg=0x10000100 cmp=com.bluestacks.launcher/.activity.HomeActivity} from uid 0 on display 0
10-31 09:11:55.625  1777  1799 D ActivityManager: TopActivityInfo, pkgName: com.bluestacks.launcher activityName: com.bluestacks.launcher.activity.HomeActivity callingPackage: null  bstSpecialAppKeyboardHandlingEnabled = false
10-31 09:11:55.625  1777  1799 D ActivityManager: Not sending app launch intent for package: com.bluestacks.launcher
10-31 09:11:55.628  1777  1799 V WindowManager: isVisibleLw false for win : Window{93a2244 u0 com.android.settings/com.android.settings.FallbackHome}
10-31 09:11:55.628  2021  2021 D BstCommandProcessor-Service: onStartCommand called
10-31 09:11:55.631  1777  1799 D ActivityManager: TopActivityInfo, pkgName: com.bluestacks.launcher activityName: com.bluestacks.launcher/.activity.HomeActivity callingPackage:   bstSpecialAppKeyboardHandlingEnabled = false
10-31 09:11:55.631  1777  1799 D ActivityManager: Not sending app launch intent for package: com.bluestacks.launcher
10-31 09:11:55.637  2291  2291 I postupgrade: No need to run postupgrade script as files are already updated one
10-31 09:11:55.641  2336  2336 W art     : Unexpected CPU variant for X86 using defaults: x86_64
10-31 09:11:55.641  1777  1799 I ActivityManager: Start proc 2336:com.bluestacks.launcher/u0a36 for activity com.bluestacks.launcher/.activity.HomeActivity
10-31 09:11:55.643  1777  1817 D ActivityManager: TopActivityInfo, pkgName: com.bluestacks.launcher activityName: com.bluestacks.launcher/.activity.HomeActivity callingPackage:   bstSpecialAppKeyboardHandlingEnabled = false
10-31 09:11:55.643  1777  1817 D ActivityManager: Not sending app launch intent for package: com.bluestacks.launcher
10-31 09:11:55.647  1777  1818 V KeyguardServiceDelegate: *** Keyguard connected (yay!)
10-31 09:11:55.652  1777  2064 D WindowManager: in computeScreenConfigurationLocked() -- hardKeyboardAvailable :true  mHardKeyboardAvailable :true
10-31 09:11:55.663  2038  2038 D PhoneSwitcherNetworkRequstListener: Registering NetworkFactory
10-31 09:11:55.663  1777  1859 D ConnectivityService: Got NetworkFactory Messenger for PhoneSwitcherNetworkRequstListener
10-31 09:11:55.669  1777  1859 D ConnectivityService: Got NetworkFactory Messenger for TelephonyNetworkFactory[0]
10-31 09:11:55.670  1777  1777 I FusedLocation: engine stopped (com.android.location.fused)
10-31 09:11:55.675  1777  2188 I StatusBarManagerService: registerStatusBar bar=com.android.internal.statusbar.IStatusBar$Stub$Proxy@a09cdb2
10-31 09:11:55.690  2336  2336 W ComponentDiscovery: Class com.google.firebase.dynamicloading.DynamicLoadingRegistrar is not an found.
10-31 09:11:55.690  1777  2188 I ActivityManager: Start proc 2362:android.process.acore/u0a15 for content provider com.android.providers.contacts/.ContactsProvider2
10-31 09:11:55.692  2336  2336 I FirebaseApp: Device unlocked: initializing all Firebase APIs for app [DEFAULT]
10-31 09:11:55.693  2336  2336 I FirebaseCrashlytics: Initializing Firebase Crashlytics 17.3.1
10-31 09:11:55.694  2038  2038 D CarrierConfigLoader: CarrierConfigLoader has started
10-31 09:11:55.701  1777  2043 D BluetoothManagerService: Trying to bind to profile: 1, while Bluetooth was disabled
10-31 09:11:55.703  2362  2362 W art     : Unexpected CPU variant for X86 using defaults: x86_64
10-31 09:11:55.717  2038  2038 W TelecomManager: Telecom Service not found.
10-31 09:11:55.719  2038  2038 I Telephony: TtyManager: updateUiTtyMode -1 -> 0
10-31 09:11:55.730  2038  2038 D MccTable: updateMccMncConfiguration mccmnc='null' fromServiceState=true
10-31 09:11:55.730  2038  2038 D MccTable: WIFI_COUNTRY_CODE set to 
10-31 09:11:55.731  1777  2043 I WifiService: WifiService trying to set country code to  with persist set to false
10-31 09:11:55.731  2336  2336 I FirebaseInitProvider: FirebaseApp initialization successful
10-31 09:11:55.778  1777  2043 D WindowManager: in computeScreenConfigurationLocked() -- hardKeyboardAvailable :true  mHardKeyboardAvailable :true
10-31 09:11:55.790  2038  2038 D CarrierSvcBindHelper: Received android.intent.action.USER_UNLOCKED
10-31 09:11:55.791  2038  2038 E PhoneInterfaceManager: [PhoneIntfMgr] getCarrierPackageNamesForIntent: No UICC
10-31 09:11:55.791  2038  2038 D CarrierSvcBindHelper: No carrier app for: 0
10-31 09:11:55.792  2038  2038 D PhoneSwitcherNetworkRequstListener: got request NetworkRequest [ REQUEST id=1, [ Capabilities: INTERNET&NOT_RESTRICTED&TRUSTED&NOT_VPN] ] with score 70
10-31 09:11:55.792  2038  2038 D TelephonyDebugService: TelephonyDebugService()
10-31 09:11:55.795  2336  2393 D NetworkSecurityConfig: No Network Security Config specified, using platform default
10-31 09:11:55.798  2336  2393 D com.bluestacks.launcherHomeActivity: URL 2https://cloud.bluestacks.com/app_player/get_default_home_layout
10-31 09:11:55.808  2336  2398 D com.bluestacks.launcher.d: --> POST https://cloud.bluestacks.com/app_player/get_default_home_layout?oem=nxt&player_version=5.1.100.1020&guid=3c84b46f-12b4-4387-93d2-808b30c8deee&locale=ja-JP&bluestacks_account_id=kanikun153@gmail.com&machine_id=3c84b46f-12b4-4387-93d2-808b30c8deee&version_machine_id=ebf4eb50-8013-49e4-a84b-5cf5a2df8034&android_id=f0490023ed015b36&android_image=Nougat64&campaign_hash=3cb630b537a252ae4f2ec4eb1b1c6205&install_id=940ee56a-b402-41aa-a628-13bbd53781e6&country=JP&android_home_version_code=54.1 http/1.1
10-31 09:11:55.808  2336  2398 D com.bluestacks.launcher.d: Content-Length: 0
10-31 09:11:55.808  2336  2398 D com.bluestacks.launcher.d: USER-AGENT: Mozilla/5.0 (Macintosh; Intel Mac OS X 10.12; rv:50.0) Gecko/20100101 Firefox/50.0 HomeServices/54.1
10-31 09:11:55.808  2336  2398 D com.bluestacks.launcher.d: 
10-31 09:11:55.808  2336  2398 D com.bluestacks.launcher.d: 
10-31 09:11:55.808  2336  2398 D com.bluestacks.launcher.d: --> END POST (0-byte body)
10-31 09:11:55.817  2038  2038 D CarrierConfigLoader: mHandler: 12 phoneId: 0
10-31 09:11:55.821  2336  2392 D com.bluestacks.launcherHomeActivity: URL https://cloud.bluestacks.com/app_player/get_suggested_apps
10-31 09:11:55.826  2038  2038 E PhoneInterfaceManager: [PhoneIntfMgr] getIccId: No UICC
10-31 09:11:55.832  2362  2362 D TelephonyManager: creating subscriptionInfo Record, context : android.app.Application@3f4731b
10-31 09:11:55.833  2038  2038 W TelecomManager: Telecom Service not found.
10-31 09:11:55.833  2038  2038 I Telephony: AccountEntry: Registered phoneAccount: [[ ] PhoneAccount: ComponentInfo{com.android.phone/com.android.services.telephony.TelephonyConnectionService}, [e0184adedf913b076626646d3f52c3b49c39ad6d], UserHandle{0} Capabilities: CallProvider MultiUser PlaceEmerg SimSub  Audio Routes: BESW Schemes: tel voicemail  Extras: null GroupId: [da39a3ee5e6b4b0d3255bfef95601890afd80709]] with handle: ComponentInfo{com.android.phone/com.android.services.telephony.TelephonyConnectionService}, [e0184adedf913b076626646d3f52c3b49c39ad6d], UserHandle{0}
10-31 09:11:55.834  2038  2038 I Telephony: PstnIncomingCallNotifier: Registering: Handler (com.android.internal.telephony.GsmCdmaPhone) {19f4d24}
10-31 09:11:55.835  2038  2038 W TelecomManager: Telecom Service not found.
10-31 09:11:55.835  2038  2038 W TelecomManager: Telecom Service not found.
10-31 09:11:55.836  2336  2395 I         : hstInit: opened /dev/bstpgaipc: fd = 41
10-31 09:11:55.836  2336  2395 I         : Attempting to create new SOCKET connection pid = 2336, tid = 2395
10-31 09:11:55.836  2336  2401 D com.bluestacks.launcher.d: --> POST https://cloud.bluestacks.com/app_player/get_suggested_apps?oem=nxt&player_version=5.1.100.1020&guid=3c84b46f-12b4-4387-93d2-808b30c8deee&locale=ja-JP&bluestacks_account_id=kanikun153@gmail.com&machine_id=3c84b46f-12b4-4387-93d2-808b30c8deee&version_machine_id=ebf4eb50-8013-49e4-a84b-5cf5a2df8034&android_id=f0490023ed015b36&android_image=Nougat64&campaign_hash=3cb630b537a252ae4f2ec4eb1b1c6205&install_id=940ee56a-b402-41aa-a628-13bbd53781e6&country=JP&android_home_version_code=54.1 http/1.1
10-31 09:11:55.836  2336  2401 D com.bluestacks.launcher.d: Content-Type: application/x-www-form-urlencoded
10-31 09:11:55.836  2336  2401 D com.bluestacks.launcher.d: Content-Length: 792
10-31 09:11:55.836  2336  2401 D com.bluestacks.launcher.d: USER-AGENT: Mozilla/5.0 (Macintosh; Intel Mac OS X 10.12; rv:50.0) Gecko/20100101 Firefox/50.0 HomeServices/54.1
10-31 09:11:55.837  2336  2401 D com.bluestacks.launcher.d: 
10-31 09:11:55.838  2336  2401 D com.bluestacks.launcher.d: android_google_ad_id=&android_resolution=&installed_apps=%5B%7B%22app_package%22%3A%22com.bluestacks.settings%22%7D%2C%7B%22app_package%22%3A%22jp.magicapp.test.magicapp_test%22%7D%2C%7B%22app_package%22%3A%22com.android.camera2%22%7D%2C%7B%22app_package%22%3A%22jp.co.sony.minchalle%22%7D%2C%7B%22app_package%22%3A%22com.android.chrome%22%7D%2C%7B%22app_package%22%3A%22com.bluestacks.gamecenter%22%7D%2C%7B%22app_package%22%3A%22com.android.vending%22%7D%2C%7B%22app_package%22%3A%22jp.co.cygames.Shadowverse%22%7D%2C%7B%22app_package%22%3A%22com.alphainventor.filemanager%22%7D%2C%7B%22app_package%22%3A%22org.kivy.pygame%22%7D%2C%7B%22app_package%22%3A%22jp.sally_inc.uzu%22%7D%2C%7B%22app_package%22%3A%22com.bluestacks.filemanager%22%7D%5D&icon_width=64&icon_height=64&num_suggestions=4
10-31 09:11:55.838  2336  2401 D com.bluestacks.launcher.d: --> END POST (792-byte body)
10-31 09:11:55.838  2336  2395 I         : hstInitClientPgaIpc: data mapped to 0x741a21dcd000 with size 262144
10-31 09:11:55.838  2336  2395 I         : New SOCKET connection: com.bluestacks.launcher (pid 2336, tid 2395)
10-31 09:11:55.839  2336  2395 I OpenGLRenderer: Initialized EGL, version 1.4
10-31 09:11:55.839  2336  2395 D OpenGLRenderer: Swap behavior 1
10-31 09:11:55.840  2038  2038 I NotificationMgr: updateMwi(): subId 1 update to false
10-31 09:11:55.842  2038  2038 E PhoneInterfaceManager: [PhoneIntfMgr] getIccId: No UICC
10-31 09:11:55.847  2362  2362 I ContactsPerf: VoicemailContentProvider.onCreate start
10-31 09:11:55.848  2038  2038 W TelecomManager: Telecom Service not found.
10-31 09:11:55.850  2362  2362 I ContactsPerf: VoicemailContentProvider.onCreate finish
10-31 09:11:55.854  1918  1918 E BluetoothInputDevice: Could not bind to Bluetooth HID Service with Intent { act=android.bluetooth.IBluetoothInputDevice }
10-31 09:11:55.854  1918  1918 E BluetoothPan: Could not bind to Bluetooth Pan Service with Intent { act=android.bluetooth.IBluetoothPan }
10-31 09:11:55.854  1918  1918 D LocalBluetoothProfileManager: Adding local MAP profile
10-31 09:11:55.855  1918  1918 D BluetoothMap: Create BluetoothMap proxy object
10-31 09:11:55.856  1918  1918 E BluetoothMap: Could not bind to Bluetooth MAP Service with Intent { act=android.bluetooth.IBluetoothMap }
10-31 09:11:55.856  1918  1918 E BluetoothPbap: Could not bind to Bluetooth Pbap Service with Intent { act=android.bluetooth.IBluetoothPbap }
10-31 09:11:55.856  1918  1918 D LocalBluetoothProfileManager: LocalBluetoothProfileManager construction complete
10-31 09:11:55.861  1918  1918 I CameraManagerGlobal: Connecting to camera service
10-31 09:11:55.863  1519  2198 I CameraService: getCameraCharacteristics: Switching to HAL1 shim implementation...
10-31 09:11:55.863  1519  2198 D Camera_Factory: CameraFactory::get_camera_info
10-31 09:11:55.863  1519  2198 D Camera_Factory: CameraFactory::getCameraInfo: id = 0, info = 0xebbff158
10-31 09:11:55.863  1519  2198 D Camera_Factory: CameraFactory::getCameraNum: 2
10-31 09:11:55.863  1519  2198 D CameraHardware: CameraHardware::getCameraInfo
10-31 09:11:55.865  1519  2198 I CameraService: CameraService::connect call (PID -1 "cameraserver", camera ID 0) for HAL version default and Camera API version 1
10-31 09:11:55.866  1493  1493 E SELinux : avc:  denied  { find } for service=processinfo pid=1519 uid=1047 scontext=u:r:init:s0 tcontext=u:object_r:processinfo_service:s0 tclass=service_manager permissive=1
10-31 09:11:55.866  1519  2198 E CameraService: getCameraPriorityFromProcState: Received invalid process state -1 from ActivityManagerService!
10-31 09:11:55.866  1519  2198 D Camera_Factory: CameraFactory::get_number_of_cameras
10-31 09:11:55.866  1519  2198 D Camera_Factory: CameraFactory::getCameraNum: 2
10-31 09:11:55.866  1519  2198 D Camera_Factory: CameraFactory::get_camera_info
10-31 09:11:55.866  1519  2198 D Camera_Factory: CameraFactory::getCameraInfo: id = 0, info = 0xebbfee38
10-31 09:11:55.866  1519  2198 D Camera_Factory: CameraFactory::getCameraNum: 2
10-31 09:11:55.866  1519  2198 D CameraHardware: CameraHardware::getCameraInfo
10-31 09:11:55.871  1493  1493 E SELinux : avc:  denied  { find } for service=media.extractor pid=1534 uid=1013 scontext=u:r:init:s0 tcontext=u:object_r:mediaextractor_service:s0 tclass=service_manager permissive=1
10-31 09:11:55.874  1534  2411 E WVMExtractor: Failed to open libwvm.so: dlopen failed: library "libwvm.so" not found
10-31 09:11:55.879  1534  2410 D NuPlayerDriver: notifyListener_l(0xe5c87ae0), (1, 0, 0), loop setting(0, 0)
10-31 09:11:55.880  1777  1824 D ActivityManager: windowsDrawnLocked: packageName = com.bluestacks.launcher, name = com.bluestacks.launcher.activity.HomeActivity, mCallingPackage = null
10-31 09:11:55.880  1777  1824 I ActivityManager: Displayed com.bluestacks.launcher/.activity.HomeActivity: +249ms
10-31 09:11:55.892  2362  2362 D ApplicationLoaders: ignored Vulkan layer search path /data/app-lib/BlockedNumberProvider:/system/lib64:/vendor/lib64:/data/downloads:/data/priv-downloads for namespace 0x741a44fad0f0
10-31 09:11:55.893  2336  2391 W ResourceType: Found multiple library tables, ignoring...
10-31 09:11:55.894  2336  2391 W ResourceType: Found multiple library tables, ignoring...
10-31 09:11:55.902  1534  2412 D NuPlayerDriver: notifyListener_l(0xe5c87ba0), (1, 0, 0), loop setting(0, 0)
10-31 09:11:55.920  2362  2403 I ContactLocale: AddressBook Labels [[ja_JP]]: […, あ, か, さ, た, な, は, ま, や, ら, わ, 他, …, A, B, C, D, E, F, G, H, I, J, K, L, M, N, O, P, Q, R, S, T, U, V, W, X, Y, Z, Α, Β, Γ, Δ, Ε, Ζ, Η, Θ, Ι, Κ, Λ, Μ, Ν, Ξ, Ο, Π, Ρ, Σ, Τ, Υ, Φ, Χ, Ψ, Ω, …, А, Б, В, Г, Д, Ђ, Е, Є, Ж, З, И, І, Й, Ј, К, Л, Љ, М, Н, Њ, О, П, Р, С, Т, Ћ, У, Ф, Х, Ц, Ч, Џ, Ш, Щ, Ю, Я, …, א, ב, ג, ד, ה, ו, ז, ח, ט, י, כ, ל, מ, נ, ס, ע, פ, צ, ק, ר, ש, ת, …, ا, ب, ت, ث, ج, ح, خ, د, ذ, ر, ز, س, ش, ص, ض, ط, ظ, ع, غ, ف, ق, ك, ل, م, ن, ه, و, ي, …, ก, ข, ฃ, ค, ฅ, ฆ, ง, จ, ฉ, ช, ซ, ฌ, ญ, ฎ, ฏ, ฐ, ฑ, ฒ, ณ, ด, ต, ถ, ท, ธ, น, บ, ป, ผ, ฝ, พ, ฟ, ภ, ม, ย, ร, ฤ, ล, ฦ, ว, ศ, ษ, ส, ห, ฬ, อ, ฮ, …, ㄱ, ㄴ, ㄷ, ㄹ, ㅁ, ㅂ, ㅅ, ㅇ, ㅈ, ㅊ, ㅋ, ㅌ, ㅍ, ㅎ, #, …]
10-31 09:11:55.923  1534  2420 D NuPlayerDriver: notifyListener_l(0xe5c87d80), (1, 0, 0), loop setting(0, 0)
10-31 09:11:55.923  1493  1493 E SELinux : avc:  denied  { find } for service=appops pid=1519 uid=1047 scontext=u:r:init:s0 tcontext=u:object_r:appops_service:s0 tclass=service_manager permissive=1
10-31 09:11:55.924  1519  2198 I CameraFlashlight: Opening camera 0
10-31 09:11:55.924  1519  2198 D Camera_Factory: CameraFactory::get_camera_info
10-31 09:11:55.924  1519  2198 D Camera_Factory: CameraFactory::getCameraInfo: id = 0, info = 0xebbfeda8
10-31 09:11:55.924  1519  2198 D Camera_Factory: CameraFactory::getCameraNum: 2
10-31 09:11:55.924  1519  2198 D CameraHardware: CameraHardware::getCameraInfo
10-31 09:11:55.925  1519  2198 D Camera_Factory: CameraFactory::device_open: name = 0
10-31 09:11:55.925  1519  2198 D Camera_Factory: CameraFactory::cameraDeviceOpen: id = 0
10-31 09:11:55.925  1519  2198 D Camera_Factory: CameraFactory::getCameraNum: 2
10-31 09:11:55.925  1519  2198 D CameraHardware: CameraHardware::connectCamera
10-31 09:11:55.925  1519  2198 D CameraHardware: CameraHardware::setCallbacks
10-31 09:11:55.925  1519  2198 D CameraHardware: CameraHardware::getParameters
10-31 09:11:55.925  1519  2198 D CameraHardware: CameraHardware::putParameters
10-31 09:11:55.925  1519  2198 D CameraHardware: CameraHardware::disableMsgType: 65535
10-31 09:11:55.925  1519  2198 D CameraHardware: CameraHardware::stopPreview
10-31 09:11:55.925  1519  2198 D CameraHardware: CameraHardware::stopPreviewLocked
10-31 09:11:55.925  1519  2198 D CameraHardware: CameraHardware::stopPreviewLocked: OK
10-31 09:11:55.925  1519  2198 D CameraHardware: CameraHardware::cancelPicture
10-31 09:11:55.925  1519  2198 D CameraHardware: CameraHardware::releaseCamera
10-31 09:11:55.925  1519  2198 I CameraFlashlight: Destroying camera 0
10-31 09:11:55.925  1519  2198 D CameraHardware: CameraHardware::closeCamera
10-31 09:11:55.925  1519  2198 D CameraHardware: CameraHardware::releaseCamera
10-31 09:11:55.926  1519  2198 D Camera_Factory: CameraFactory::get_number_of_cameras
10-31 09:11:55.928  1519  2198 D Camera_Factory: CameraFactory::getCameraNum: 2
10-31 09:11:55.928  1519  2198 I CameraService: disconnect: Disconnected client for camera 0 for PID 1519
10-31 09:11:55.929  1534  1965 D NuPlayerDriver: reset(0xe5c87ae0) at state 4
10-31 09:11:55.929  1534  1965 D NuPlayerDriver: notifyListener_l(0xe5c87ae0), (8, 0, 0), loop setting(0, 0)
10-31 09:11:55.929  1534  2410 W AMessage: failed to post message as target looper for handler 0 is gone.
10-31 09:11:55.929  1534  2410 D NuPlayerDriver: notifyResetComplete(0xe5c87ae0)
10-31 09:11:55.929  1534  1576 D NuPlayerDriver: reset(0xe5c87ba0) at state 4
10-31 09:11:55.929  1534  1576 D NuPlayerDriver: notifyListener_l(0xe5c87ba0), (8, 0, 0), loop setting(0, 0)
10-31 09:11:55.929  1534  2412 W AMessage: failed to post message as target looper for handler 0 is gone.
10-31 09:11:55.929  1534  2412 D NuPlayerDriver: notifyResetComplete(0xe5c87ba0)
10-31 09:11:55.930  1534  1576 D NuPlayerDriver: reset(0xe5c87d80) at state 4
10-31 09:11:55.930  1534  1576 D NuPlayerDriver: notifyListener_l(0xe5c87d80), (8, 0, 0), loop setting(0, 0)
10-31 09:11:55.930  1534  2420 W AMessage: failed to post message as target looper for handler 0 is gone.
10-31 09:11:55.930  1534  2420 D NuPlayerDriver: notifyResetComplete(0xe5c87d80)
10-31 09:11:55.931  1519  2198 I CameraService: getCameraCharacteristics: Switching to HAL1 shim implementation...
10-31 09:11:55.931  1519  2198 D Camera_Factory: CameraFactory::get_camera_info
10-31 09:11:55.931  1519  2198 D Camera_Factory: CameraFactory::getCameraInfo: id = 1, info = 0xebbff158
10-31 09:11:55.931  1519  2198 D Camera_Factory: CameraFactory::getCameraNum: 2
10-31 09:11:55.931  1519  2198 D CameraHardware: CameraHardware::getCameraInfo
10-31 09:11:55.932  2362  2362 D ApplicationLoaders: ignored Vulkan layer search path /data/app-lib/UserDictionaryProvider:/system/lib64:/vendor/lib64:/data/downloads:/data/priv-downloads for namespace 0x741a44fad160
10-31 09:11:55.934  1519  2198 I CameraService: CameraService::connect call (PID -1 "cameraserver", camera ID 1) for HAL version default and Camera API version 1
10-31 09:11:55.934  1519  2198 E CameraService: getCameraPriorityFromProcState: Received invalid process state -1 from ActivityManagerService!
10-31 09:11:55.934  1519  2198 D Camera_Factory: CameraFactory::get_number_of_cameras
10-31 09:11:55.934  1519  2198 D Camera_Factory: CameraFactory::getCameraNum: 2
10-31 09:11:55.934  1519  2198 D Camera_Factory: CameraFactory::get_camera_info
10-31 09:11:55.934  1519  2198 D Camera_Factory: CameraFactory::getCameraInfo: id = 1, info = 0xebbfee38
10-31 09:11:55.934  1519  2198 D Camera_Factory: CameraFactory::getCameraNum: 2
10-31 09:11:55.934  1519  2198 D CameraHardware: CameraHardware::getCameraInfo
10-31 09:11:55.951  1534  2426 D NuPlayerDriver: notifyListener_l(0xe5c87c00), (1, 0, 0), loop setting(0, 0)
10-31 09:11:55.965  1534  2429 D NuPlayerDriver: notifyListener_l(0xe74a8c60), (1, 0, 0), loop setting(0, 0)
10-31 09:11:55.970  1998  2434 I chatty  : uid=10001(com.google.android.gms) lowpool[1] expire 1 line
10-31 09:11:55.970  1534  2436 D NuPlayerDriver: notifyListener_l(0xe74a8cc0), (1, 0, 0), loop setting(0, 0)
10-31 09:11:55.971  1519  2198 I CameraFlashlight: Opening camera 1
10-31 09:11:55.971  1519  2198 D Camera_Factory: CameraFactory::get_camera_info
10-31 09:11:55.971  1519  2198 D Camera_Factory: CameraFactory::getCameraInfo: id = 1, info = 0xebbfeda8
10-31 09:11:55.971  1519  2198 D Camera_Factory: CameraFactory::getCameraNum: 2
10-31 09:11:55.971  1519  2198 D CameraHardware: CameraHardware::getCameraInfo
10-31 09:11:55.972  1519  2198 D Camera_Factory: CameraFactory::device_open: name = 1
10-31 09:11:55.972  1519  2198 D Camera_Factory: CameraFactory::cameraDeviceOpen: id = 1
10-31 09:11:55.972  1519  2198 D Camera_Factory: CameraFactory::getCameraNum: 2
10-31 09:11:55.972  1519  2198 D CameraHardware: CameraHardware::connectCamera
10-31 09:11:55.972  1519  2198 D CameraHardware: CameraHardware::setCallbacks
10-31 09:11:55.972  1519  2198 D CameraHardware: CameraHardware::getParameters
10-31 09:11:55.972  1519  2198 D CameraHardware: CameraHardware::putParameters
10-31 09:11:55.972  1519  2198 D CameraHardware: CameraHardware::disableMsgType: 65535
10-31 09:11:55.972  1519  2198 D CameraHardware: CameraHardware::stopPreview
10-31 09:11:55.972  1519  2198 D CameraHardware: CameraHardware::stopPreviewLocked
10-31 09:11:55.972  1519  2198 D CameraHardware: CameraHardware::stopPreviewLocked: OK
10-31 09:11:55.972  1519  2198 D CameraHardware: CameraHardware::cancelPicture
10-31 09:11:55.972  1519  2198 D CameraHardware: CameraHardware::releaseCamera
10-31 09:11:55.972  1519  2198 I CameraFlashlight: Destroying camera 1
10-31 09:11:55.972  1519  2198 D CameraHardware: CameraHardware::closeCamera
10-31 09:11:55.972  1519  2198 D CameraHardware: CameraHardware::releaseCamera
10-31 09:11:55.972  1519  2198 D Camera_Factory: CameraFactory::get_number_of_cameras
10-31 09:11:55.972  1519  2198 D Camera_Factory: CameraFactory::getCameraNum: 2
10-31 09:11:55.972  1519  2198 I CameraService: disconnect: Disconnected client for camera 1 for PID 1519
10-31 09:11:55.972  1534  2019 D NuPlayerDriver: reset(0xe5c87c00) at state 4
10-31 09:11:55.972  1534  2019 D NuPlayerDriver: notifyListener_l(0xe5c87c00), (8, 0, 0), loop setting(0, 0)
10-31 09:11:55.972  1534  2426 W AMessage: failed to post message as target looper for handler 0 is gone.
10-31 09:11:55.973  1534  2426 D NuPlayerDriver: notifyResetComplete(0xe5c87c00)
10-31 09:11:55.973  1534  2019 D NuPlayerDriver: reset(0xe74a8c60) at state 4
10-31 09:11:55.973  1534  2019 D NuPlayerDriver: notifyListener_l(0xe74a8c60), (8, 0, 0), loop setting(0, 0)
10-31 09:11:55.973  1534  2429 W AMessage: failed to post message as target looper for handler 0 is gone.
10-31 09:11:55.973  1534  2429 D NuPlayerDriver: notifyResetComplete(0xe74a8c60)
10-31 09:11:55.973  1534  2019 D NuPlayerDriver: reset(0xe74a8cc0) at state 4
10-31 09:11:55.973  1534  2019 D NuPlayerDriver: notifyListener_l(0xe74a8cc0), (8, 0, 0), loop setting(0, 0)
10-31 09:11:55.973  1534  2436 W AMessage: failed to post message as target looper for handler 0 is gone.
10-31 09:11:55.973  1534  2436 D NuPlayerDriver: notifyResetComplete(0xe74a8cc0)
10-31 09:11:55.974  1519  2198 D Camera_Factory: CameraFactory::get_camera_info
10-31 09:11:55.974  1519  2198 D Camera_Factory: CameraFactory::getCameraInfo: id = 0, info = 0xebbff308
10-31 09:11:55.974  1519  2198 D Camera_Factory: CameraFactory::getCameraNum: 2
10-31 09:11:55.974  1519  2198 D CameraHardware: CameraHardware::getCameraInfo
10-31 09:11:55.977  1519  2198 D Camera_Factory: CameraFactory::get_camera_info
10-31 09:11:55.977  1519  2198 D Camera_Factory: CameraFactory::getCameraInfo: id = 0, info = 0xebbff368
10-31 09:11:55.977  1519  2198 D Camera_Factory: CameraFactory::getCameraNum: 2
10-31 09:11:55.977  1519  2198 D CameraHardware: CameraHardware::getCameraInfo
10-31 09:11:55.978  1918  1918 W LegacyMetadataMapper: No AWB modes supported (HAL bug); defaulting to AWB_MODE_AUTO only
10-31 09:11:55.981  1519  2198 D Camera_Factory: CameraFactory::get_camera_info
10-31 09:11:55.981  1519  2198 D Camera_Factory: CameraFactory::getCameraInfo: id = 1, info = 0xebbff308
10-31 09:11:55.981  1519  2198 D Camera_Factory: CameraFactory::getCameraNum: 2
10-31 09:11:55.981  1519  2198 D CameraHardware: CameraHardware::getCameraInfo
10-31 09:11:55.983  1519  2198 D Camera_Factory: CameraFactory::get_camera_info
10-31 09:11:55.983  1519  2198 D Camera_Factory: CameraFactory::getCameraInfo: id = 1, info = 0xebbff368
10-31 09:11:55.983  1519  2198 D Camera_Factory: CameraFactory::getCameraNum: 2
10-31 09:11:55.983  1519  2198 D CameraHardware: CameraHardware::getCameraInfo
10-31 09:11:55.984  1998  2433 I chatty  : uid=10001(com.google.android.gms) lowpool[0] expire 2 lines
10-31 09:11:55.984  1918  1918 W LegacyMetadataMapper: No AWB modes supported (HAL bug); defaulting to AWB_MODE_AUTO only
10-31 09:11:56.011  1918  2282 D OpenGLRenderer: profile bars disabled
10-31 09:11:56.012  1918  2282 D OpenGLRenderer: ambientRatio = 1.50
10-31 09:11:56.017  1918  1918 D PhoneStatusBar: disable: < EXPAND* icons alerts system_info BACK* HOME* RECENT* clock SEARCH* quick_settings >
10-31 09:11:56.024  1998  2009 I chatty  : uid=10001(com.google.android.gms) Jit thread pool expire 24 lines
10-31 09:11:56.049  1918  1918 D PhoneStatusBar: heads up is enabled
10-31 09:11:56.052  1918  1918 I         : hstInit: opened /dev/bstpgaipc: fd = 61
10-31 09:11:56.052  1918  1918 I         : Attempting to create new SOCKET connection pid = 1918, tid = 1918
10-31 09:11:56.054  1918  1918 I         : hstInitClientPgaIpc: data mapped to 0x741a213a9000 with size 262144
10-31 09:11:56.054  1918  1918 I         : New SOCKET connection: com.android.systemui (pid 1918, tid 1918)
10-31 09:11:56.123  2336  2398 D com.bluestacks.launcher.d: <-- 200  https://cloud.bluestacks.com/app_player/get_default_home_layout?oem=nxt&player_version=5.1.100.1020&guid=3c84b46f-12b4-4387-93d2-808b30c8deee&locale=ja-JP&bluestacks_account_id=kanikun153@gmail.com&machine_id=3c84b46f-12b4-4387-93d2-808b30c8deee&version_machine_id=ebf4eb50-8013-49e4-a84b-5cf5a2df8034&android_id=f0490023ed015b36&android_image=Nougat64&campaign_hash=3cb630b537a252ae4f2ec4eb1b1c6205&install_id=940ee56a-b402-41aa-a628-13bbd53781e6&country=JP&android_home_version_code=54.1 (314ms)
10-31 09:11:56.123  2336  2398 D com.bluestacks.launcher.d: cache-control: no-cache
10-31 09:11:56.123  2336  2398 D com.bluestacks.launcher.d: access-control-allow-origin: *
10-31 09:11:56.123  2336  2398 D com.bluestacks.launcher.d: content-type: application/json
10-31 09:11:56.123  2336  2398 D com.bluestacks.launcher.d: x-cloud-trace-context: 2e11369d88363a4b7582b1d0251cb574
10-31 09:11:56.123  2336  2398 D com.bluestacks.launcher.d: vary: Accept-Encoding
10-31 09:11:56.123  2336  2398 D com.bluestacks.launcher.d: date: Sun, 31 Oct 2021 00:11:57 GMT
10-31 09:11:56.123  2336  2398 D com.bluestacks.launcher.d: server: Google Frontend
10-31 09:11:56.124  2336  2398 D com.bluestacks.launcher.d: 
10-31 09:11:56.124  2336  2398 D com.bluestacks.launcher.d: {"layout": {"items": [{"type": "app", "app_package": "com.android.vending"}, {"items": [{"type": "app", "app_package": "com.android.camera2"}, {"type": "app", "app_package": "com.bluestacks.settings"}, {"type": "app", "app_package": "com.android.chrome"}, {"type": "app", "app_package": "com.bluestacks.filemanager"}], "type": "folder"}, {"type": "app", "app_package": "com.bluestacks.gamecenter"}]}}
10-31 09:11:56.124  2336  2398 D com.bluestacks.launcher.d: <-- END HTTP (400-byte body)
10-31 09:11:56.125  2336  2452 D com.bluestacks.launcherHomeActivity: success for defaultHomeLayout api call
10-31 09:11:56.127  2336  2452 W b.c.a.c.e0.a: Unable to load JDK7 types (annotations, java.nio.file.Path): no Java7 support added
10-31 09:11:56.128  2336  2391 W ResourceType: ResTable_typeSpec entry count inconsistent: given 150, previously 153
10-31 09:11:56.128  2336  2391 W ResourceType: ResTable_typeSpec entry count inconsistent: given 129, previously 376
10-31 09:11:56.129  2336  2391 W ResourceType: ResTable_typeSpec entry count inconsistent: given 103, previously 116
10-31 09:11:56.136  1777  1777 V BackupManagerService: Connected to transport ComponentInfo{com.google.android.gms/com.google.android.gms.backup.BackupTransportService}
10-31 09:11:56.137  1777  1777 V BackupManagerService: Registering transport com.google.android.gms/.backup.BackupTransportService::com.google.android.gms/.backup.BackupTransportService = com.android.internal.backup.IBackupTransport$Stub$Proxy@29e30f5
10-31 09:11:56.146  2336  2452 D com.bluestacks.launcherHomeActivity: default home : com.bluestacks.launcher.model.defaulthomelayout.DefaultHomeLayout@efab697
10-31 09:11:56.155  2336  2391 W ResourceType: ResTable_typeSpec entry count inconsistent: given 676, previously 698
10-31 09:11:56.155  2336  2391 W ResourceType: ResTable_typeSpec entry count inconsistent: given 183, previously 885
10-31 09:11:56.159  1777  1799 V KeyguardServiceDelegate: **** SHOWN CALLED ****
10-31 09:11:56.159  1918  1918 W FingerprintManager: isFingerprintHardwareDetected(): Service not connected!
10-31 09:11:56.167  1777  1818 D WindowManager: calling BstHostCallManagerService onActivityDisplayed method, packageName: com.bluestacks.launcher, activityName: com.bluestacks.launcher.activity.HomeActivity
10-31 09:11:56.167  1777  1818 D WindowManager: BstHostCallManagerService onActivityDisplayed method returned: 0
10-31 09:11:56.168  1777  1833 I HCALL   : hcallOnActivityDisplayedRpc(com.bluestacks.launcher, com.bluestacks.launcher.activity.HomeActivity)
10-31 09:11:56.169  1777  1818 D WindowManager: calling BstHostCallManagerService setAppConfigDbParams method, packageName: com.bluestacks.launcher, macrosDisabled: false, showFeedbackPopup: false, mouseCursorStyle: 
10-31 09:11:56.169  1777  1818 D WindowManager: BstHostCallManagerService setAppConfigDbParams method returned: 0
10-31 09:11:56.169  1777  1833 I HCALL   : hcallSetAppConfigDbParamsRpc(com.bluestacks.launcher, 0, 0, )
10-31 09:11:56.171  2021  2182 I HCALL   : hcallGetGcallMessageRpc(0x741a38662000, 4096, 0x741a22dbb27c)
10-31 09:11:56.171  2021  2187 I BstGCallService-JNI: void gcallSetClipboardTextClbk(const char *) called
10-31 09:11:56.171  2021  2183 D BstCommandProcessor-CommandHandler: setClipboardClbk function called
10-31 09:11:56.176  1777  1824 I         : hstInit: opened /dev/bstpgaipc: fd = 196
10-31 09:11:56.176  1777  1824 I         : Attempting to create new SOCKET connection pid = 1777, tid = 1824
10-31 09:11:56.180  1777  1824 I         : hstInitClientPgaIpc: data mapped to 0x741a1d4a0000 with size 262144
10-31 09:11:56.180  1777  1824 I         : New SOCKET connection: system_server (pid 1777, tid 1824)
10-31 09:11:56.183  1777  2188 D InputMethodManagerService: packageName=com.bluestacks.launcher, activityName=.activity.HomeActivity
10-31 09:11:56.183  1777  2188 D InputMethodManagerService: ime_enabled = false is same as last value, no change
10-31 09:11:56.186  1777  1818 W InputMethodManagerService: Starting input on non-focused client android.view.inputmethod.InputMethodManager$1@66de785 (uid=1000 pid=1777)
10-31 09:11:56.210  2336  2391 W ResourceType: ResTable_typeSpec entry count inconsistent: given 213, previously 226
10-31 09:11:56.210  2336  2391 W ResourceType: ResTable_typeSpec entry count inconsistent: given 126, previously 396
10-31 09:11:56.210  2336  2391 W ResourceType: ResTable_typeSpec entry count inconsistent: given 113, previously 121
10-31 09:11:56.213  1918  1918 D ViewRootImpl[StatusBar]: changeCanvasOpacity: opaque=true
10-31 09:11:56.215  2336  2391 W ResourceType: No package identifier when getting value for resource number 0x00000000
10-31 09:11:56.215  2336  2391 W System.err: android.content.res.Resources$NotFoundException: String resource ID #0x0
10-31 09:11:56.216  2336  2391 W System.err: 	at android.content.res.Resources.getText(Resources.java:335)
10-31 09:11:56.216  2336  2391 W System.err: 	at android.content.res.Resources.getString(Resources.java:381)
10-31 09:11:56.216  2336  2391 W System.err: 	at com.bluestacks.launcher.e.c$b.doInBackground()
10-31 09:11:56.216  2336  2391 W System.err: 	at android.os.AsyncTask$2.call(AsyncTask.java:305)
10-31 09:11:56.216  2336  2391 W System.err: 	at java.util.concurrent.FutureTask.run(FutureTask.java:237)
10-31 09:11:56.216  2336  2391 W System.err: 	at android.os.AsyncTask$SerialExecutor$1.run(AsyncTask.java:243)
10-31 09:11:56.216  2336  2391 W System.err: 	at java.util.concurrent.ThreadPoolExecutor.runWorker(ThreadPoolExecutor.java:1133)
10-31 09:11:56.217  2336  2391 W System.err: 	at java.util.concurrent.ThreadPoolExecutor$Worker.run(ThreadPoolExecutor.java:607)
10-31 09:11:56.217  2336  2391 W System.err: 	at java.lang.Thread.run(Thread.java:761)
10-31 09:11:56.246  1777  2007 D NetworkTimeUpdateService: System time = 1635639116246
10-31 09:11:56.252  1918  2282 I OpenGLRenderer: Initialized EGL, version 1.4
10-31 09:11:56.252  1918  2282 D OpenGLRenderer: Swap behavior 1
10-31 09:11:56.253  1918  2282 I         : hstInit: opened /dev/bstpgaipc: fd = 63
10-31 09:11:56.253  1918  2282 I         : Attempting to create new SOCKET connection pid = 1918, tid = 2282
10-31 09:11:56.255  1918  2282 I         : hstInitClientPgaIpc: data mapped to 0x741a1f52b000 with size 262144
10-31 09:11:56.255  1918  2282 I         : New SOCKET connection: com.android.systemui (pid 1918, tid 2282)
10-31 09:11:56.255  1777  1852 D WifiService: New client listening to asynchronous messages
10-31 09:11:56.268  2336  2343 I art     : Do partial code cache collection, code=21KB, data=30KB
10-31 09:11:56.268  2336  2343 I art     : After code cache collection, code=21KB, data=30KB
10-31 09:11:56.268  2336  2343 I art     : Increasing code cache capacity to 128KB
10-31 09:11:56.277  2336  2336 D com.bluestacks.launcherDesktop: initDesktop() called
10-31 09:11:56.282  1534  1576 I MediaPlayerService: MediaPlayerService::getOMX
10-31 09:11:56.282  1534  1576 I OMXClient: MuxOMX ctor
10-31 09:11:56.282  1530  1951 I OMXMaster: makeComponentInstance(OMX.google.hevc.decoder) in mediacodec process
10-31 09:11:56.284  1530  1951 E OMXNodeInstance: getExtensionIndex(5fa0011:google.hevc.decoder, OMX.google.android.index.configureVideoTunnelMode) ERROR: UnsupportedIndex(0x8000101a)
10-31 09:11:56.284  1530  1951 W OMXNodeInstance: [5fa0011:google.hevc.decoder] component does not support metadata mode; using fallback
10-31 09:11:56.284  1534  1576 I MediaPlayerService: MediaPlayerService::getOMX
10-31 09:11:56.284  1534  1576 I OMXClient: MuxOMX ctor
10-31 09:11:56.284  1530  1951 I OMXMaster: makeComponentInstance(OMX.google.vp8.decoder) in mediacodec process
10-31 09:11:56.285  1530  1951 E OMXNodeInstance: getExtensionIndex(5fa0012:google.vp8.decoder, OMX.google.android.index.configureVideoTunnelMode) ERROR: UnsupportedIndex(0x8000101a)
10-31 09:11:56.285  1530  1951 W OMXNodeInstance: [5fa0012:google.vp8.decoder] component does not support metadata mode; using fallback
10-31 09:11:56.286  1534  1576 I MediaPlayerService: MediaPlayerService::getOMX
10-31 09:11:56.286  1534  1576 I OMXClient: MuxOMX ctor
10-31 09:11:56.286  1530  1951 I OMXMaster: makeComponentInstance(OMX.google.vp9.decoder) in mediacodec process
10-31 09:11:56.286  1530  1951 E OMXNodeInstance: getExtensionIndex(5fa0013:google.vp9.decoder, OMX.google.android.index.configureVideoTunnelMode) ERROR: UnsupportedIndex(0x8000101a)
10-31 09:11:56.286  1530  1951 W OMXNodeInstance: [5fa0013:google.vp9.decoder] component does not support metadata mode; using fallback
10-31 09:11:56.287  1534  1576 I MediaPlayerService: MediaPlayerService::getOMX
10-31 09:11:56.287  1534  1576 I OMXClient: MuxOMX ctor
10-31 09:11:56.287  1530  1951 I OMXMaster: makeComponentInstance(OMX.google.h263.encoder) in mediacodec process
10-31 09:11:56.288  1530  1951 I SoftMPEG4Encoder: Construct SoftMPEG4Encoder
10-31 09:11:56.288  1534  1576 W ACodec  : do not know color format 0x7f000789 = 2130708361
10-31 09:11:56.288  1530  1951 E OMXNodeInstance: getConfig(5fa0014:google.h263.encoder, ConfigAndroidIntraRefresh(0x6f60000a)) ERROR: Undefined(0x80001001)
10-31 09:11:56.288  1534  1576 I MediaPlayerService: MediaPlayerService::getOMX
10-31 09:11:56.289  1534  1576 I OMXClient: MuxOMX ctor
10-31 09:11:56.289  1530  1530 I OMXMaster: makeComponentInstance(OMX.google.h264.encoder) in mediacodec process
10-31 09:11:56.291  1534  1576 W ACodec  : do not know color format 0x7f000789 = 2130708361
10-31 09:11:56.291  1534  1576 I MediaPlayerService: MediaPlayerService::getOMX
10-31 09:11:56.291  1534  1576 I OMXClient: MuxOMX ctor
10-31 09:11:56.291  1530  1951 I OMXMaster: makeComponentInstance(OMX.google.mpeg4.encoder) in mediacodec process
10-31 09:11:56.292  1530  1951 I SoftMPEG4Encoder: Construct SoftMPEG4Encoder
10-31 09:11:56.292  1534  1576 W ACodec  : do not know color format 0x7f000789 = 2130708361
10-31 09:11:56.292  1530  1951 E OMXNodeInstance: getConfig(5fa0016:google.mpeg4.encoder, ConfigAndroidIntraRefresh(0x6f60000a)) ERROR: Undefined(0x80001001)
10-31 09:11:56.293  1534  1576 I MediaPlayerService: MediaPlayerService::getOMX
10-31 09:11:56.293  1534  1576 I OMXClient: MuxOMX ctor
10-31 09:11:56.293  1530  1951 I OMXMaster: makeComponentInstance(OMX.google.vp8.encoder) in mediacodec process
10-31 09:11:56.295  1534  1576 W ACodec  : do not know color format 0x7f000789 = 2130708361
10-31 09:11:56.295  1530  1951 E OMXNodeInstance: getConfig(5fa0017:google.vp8.encoder, ConfigAndroidIntraRefresh(0x6f60000a)) ERROR: Undefined(0x80001001)
10-31 09:11:56.297  1534  1576 I MediaPlayerService: MediaPlayerService::getOMX
10-31 09:11:56.297  1534  1576 I OMXClient: MuxOMX ctor
10-31 09:11:56.297  1530  1951 I OMXMaster: makeComponentInstance(OMX.ffmpeg.aac.decoder) in mediacodec process
10-31 09:11:56.297  1530  1951 V FFmpegOMXPlugin: makeComponentInstance 'OMX.ffmpeg.aac.decoder'
10-31 09:11:56.297  1530  1951 D SoftFFmpegAudio: SoftFFmpegAudio component: OMX.ffmpeg.aac.decoder mCodingType: 21
10-31 09:11:56.300  1777  1777 D ActivityManager: Sending app launch intent for appName: 設定 pkgName: com.android.settings
10-31 09:11:56.302  1777  1777 W System  : ClassLoader referenced unknown path: 
10-31 09:11:56.303  1530  1951 E OMXNodeInstance: getParameter(5fa0018:ffmpeg.aac.decoder, ??(0x6f400005)) ERROR: UnsupportedIndex(0x8000101a)
10-31 09:11:56.303  1534  1576 W ACodec  : component OMX.ffmpeg.aac.decoder doesn't support profile query.
10-31 09:11:56.303  1534  1576 I MediaPlayerService: MediaPlayerService::getOMX
10-31 09:11:56.303  1534  1576 I OMXClient: MuxOMX ctor
10-31 09:11:56.303  1530  1530 I OMXMaster: makeComponentInstance(OMX.ffmpeg.ac3.decoder) in mediacodec process
10-31 09:11:56.303  1777  1777 D ApplicationLoaders: ignored Vulkan layer search path /data/app-lib/Settings:/system/priv-app/Settings/Settings.apk!/lib/x86_64:/system/lib64:/vendor/lib64:/data/downloads:/data/priv-downloads for namespace 0x741a44faf160
10-31 09:11:56.303  1530  1530 V FFmpegOMXPlugin: makeComponentInstance 'OMX.ffmpeg.ac3.decoder'
10-31 09:11:56.304  1530  1530 D SoftFFmpegAudio: SoftFFmpegAudio component: OMX.ffmpeg.ac3.decoder mCodingType: 2130706434
10-31 09:11:56.304  1534  1576 I MediaPlayerService: MediaPlayerService::getOMX
10-31 09:11:56.304  1534  1576 I OMXClient: MuxOMX ctor
10-31 09:11:56.304  1530  1951 I OMXMaster: makeComponentInstance(OMX.ffmpeg.alac.decoder) in mediacodec process
10-31 09:11:56.304  1530  1951 V FFmpegOMXPlugin: makeComponentInstance 'OMX.ffmpeg.alac.decoder'
10-31 09:11:56.305  1530  1951 D SoftFFmpegAudio: SoftFFmpegAudio component: OMX.ffmpeg.alac.decoder mCodingType: 2130706437
10-31 09:11:56.305  1777  1777 I ActivityManager: Loaded persisted task ids for user 0
10-31 09:11:56.305  1534  1576 I MediaPlayerService: MediaPlayerService::getOMX
10-31 09:11:56.306  1534  1576 I OMXClient: MuxOMX ctor
10-31 09:11:56.306  1530  1951 I OMXMaster: makeComponentInstance(OMX.ffmpeg.ape.decoder) in mediacodec process
10-31 09:11:56.306  1530  1951 V FFmpegOMXPlugin: makeComponentInstance 'OMX.ffmpeg.ape.decoder'
10-31 09:11:56.306  1530  1951 D SoftFFmpegAudio: SoftFFmpegAudio component: OMX.ffmpeg.ape.decoder mCodingType: 2130706435
10-31 09:11:56.307  1534  1576 I MediaPlayerService: MediaPlayerService::getOMX
10-31 09:11:56.307  1534  1576 I OMXClient: MuxOMX ctor
10-31 09:11:56.307  1530  1951 I OMXMaster: makeComponentInstance(OMX.ffmpeg.atrial.decoder) in mediacodec process
10-31 09:11:56.307  1530  1951 V FFmpegOMXPlugin: makeComponentInstance 'OMX.ffmpeg.atrial.decoder'
10-31 09:11:56.307  1530  1951 D SoftFFmpegAudio: SoftFFmpegAudio component: OMX.ffmpeg.atrial.decoder mCodingType: 1
10-31 09:11:56.307  1777  1777 D ActivityManager: TopActivityInfo, pkgName: com.android.settings activityName: com.android.settings/.FallbackHome callingPackage:   bstSpecialAppKeyboardHandlingEnabled = false
10-31 09:11:56.307  1534  1576 I MediaPlayerService: MediaPlayerService::getOMX
10-31 09:11:56.307  1534  1576 I OMXClient: MuxOMX ctor
10-31 09:11:56.307  1530  1951 I OMXMaster: makeComponentInstance(OMX.ffmpeg.dts.decoder) in mediacodec process
10-31 09:11:56.307  1777  1777 D ActivityManager: Sending app launch intent for appName: 設定 pkgName: com.android.settings
10-31 09:11:56.307  1530  1951 V FFmpegOMXPlugin: makeComponentInstance 'OMX.ffmpeg.dts.decoder'
10-31 09:11:56.307  1530  1951 D SoftFFmpegAudio: SoftFFmpegAudio component: OMX.ffmpeg.dts.decoder mCodingType: 2130706436
10-31 09:11:56.308  1534  1576 W MediaCodecList: ignoring Limit specified outside of a Type
10-31 09:11:56.308  1534  1576 W MediaCodecList: ignoring Limit specified outside of a Type
10-31 09:11:56.308  1534  1576 I MediaPlayerService: MediaPlayerService::getOMX
10-31 09:11:56.308  1534  1576 I OMXClient: MuxOMX ctor
10-31 09:11:56.308  1530  1951 I OMXMaster: makeComponentInstance(OMX.ffmpeg.flac.decoder) in mediacodec process
10-31 09:11:56.308  1530  1951 V FFmpegOMXPlugin: makeComponentInstance 'OMX.ffmpeg.flac.decoder'
10-31 09:11:56.308  1530  1951 D SoftFFmpegAudio: SoftFFmpegAudio component: OMX.ffmpeg.flac.decoder mCodingType: 28
10-31 09:11:56.310  1534  1576 I MediaPlayerService: MediaPlayerService::getOMX
10-31 09:11:56.310  1534  1576 I OMXClient: MuxOMX ctor
10-31 09:11:56.310  1530  1951 I OMXMaster: makeComponentInstance(OMX.ffmpeg.mp2.decoder) in mediacodec process
10-31 09:11:56.310  1530  1951 V FFmpegOMXPlugin: makeComponentInstance 'OMX.ffmpeg.mp2.decoder'
10-31 09:11:56.310  1530  1951 D SoftFFmpegAudio: SoftFFmpegAudio component: OMX.ffmpeg.mp2.decoder mCodingType: 2130706433
10-31 09:11:56.311  1534  1576 I MediaPlayerService: MediaPlayerService::getOMX
10-31 09:11:56.311  1534  1576 I OMXClient: MuxOMX ctor
10-31 09:11:56.311  1530  1951 I OMXMaster: makeComponentInstance(OMX.ffmpeg.mp3.decoder) in mediacodec process
10-31 09:11:56.311  1530  1951 V FFmpegOMXPlugin: makeComponentInstance 'OMX.ffmpeg.mp3.decoder'
10-31 09:11:56.311  1530  1951 D SoftFFmpegAudio: SoftFFmpegAudio component: OMX.ffmpeg.mp3.decoder mCodingType: 22
10-31 09:11:56.311  1534  1576 I MediaPlayerService: MediaPlayerService::getOMX
10-31 09:11:56.311  1534  1576 I OMXClient: MuxOMX ctor
10-31 09:11:56.311  1530  1951 I OMXMaster: makeComponentInstance(OMX.ffmpeg.ra.decoder) in mediacodec process
10-31 09:11:56.311  1530  1951 V FFmpegOMXPlugin: makeComponentInstance 'OMX.ffmpeg.ra.decoder'
10-31 09:11:56.311  1530  1951 D SoftFFmpegAudio: SoftFFmpegAudio component: OMX.ffmpeg.ra.decoder mCodingType: 26
10-31 09:11:56.312  1534  1576 I MediaPlayerService: MediaPlayerService::getOMX
10-31 09:11:56.312  1534  1576 I OMXClient: MuxOMX ctor
10-31 09:11:56.312  1530  1951 I OMXMaster: makeComponentInstance(OMX.ffmpeg.vorbis.decoder) in mediacodec process
10-31 09:11:56.312  1530  1951 V FFmpegOMXPlugin: makeComponentInstance 'OMX.ffmpeg.vorbis.decoder'
10-31 09:11:56.312  1530  1951 D SoftFFmpegAudio: SoftFFmpegAudio component: OMX.ffmpeg.vorbis.decoder mCodingType: 24
10-31 09:11:56.312  1534  1576 I MediaPlayerService: MediaPlayerService::getOMX
10-31 09:11:56.312  1534  1576 I OMXClient: MuxOMX ctor
10-31 09:11:56.312  1530  1951 I OMXMaster: makeComponentInstance(OMX.ffmpeg.wma.decoder) in mediacodec process
